Downloading https://services.gradle.org/distributions/gradle-8.7-bin.zip
............10%.............20%.............30%.............40%............50%.............60%.............70%.............80%.............90%............100%

Welcome to Gradle 8.7!

Here are the highlights of this release:
 - Compiling and testing with Java 22
 - Cacheable Groovy script compilation
 - New methods in lazy collection properties

For more details see https://docs.gradle.org/8.7/release-notes.html

Starting a Gradle Daemon (subsequent builds will be faster)

> Configure project :
w: file:///D:/ASELEA%20Work/IMI%20Final%20Git%20pull%20app/IMI-GLASS-APP/build.gradle.kts:29:24: 'getter for buildDir: File!' is deprecated. Deprecated in Java

> Task :clean
> Task :app:clean
> Task :app:preBuild UP-TO-DATE
> Task :app:preDebugBuild UP-TO-DATE
> Task :app:mergeDebugNativeDebugMetadata NO-SOURCE
> Task :app:checkKotlinGradlePluginConfigurationErrors
> Task :app:dataBindingMergeDependencyArtifactsDebug
> Task :app:generateDebugResValues
> Task :app:generateDebugResources
> Task :app:packageDebugResources
> Task :app:parseDebugLocalResources
> Task :app:generateDebugBuildConfig
> Task :app:checkDebugAarMetadata
> Task :app:mapDebugSourceSetPaths
> Task :app:createDebugCompatibleScreenManifests
> Task :app:extractDeepLinksDebug
> Task :app:mergeDebugResources

> Task :app:processDebugMainManifest
[LIB_GLASSES_SDK-release_3.aar] C:\Users\acer\.gradle\caches\transforms-4\6a32f00ffb8316789dba3b3e5f97b550\transformed\jetified-LIB_GLASSES_SDK-release_3\AndroidManifest.xml:17:5-76 Warning:
	Element uses-permission#android.permission.ACCESS_WIFI_STATE at [LIB_GLASSES_SDK-release_3.aar] AndroidManifest.xml:17:5-76 duplicated with element declared at [LIB_GLASSES_SDK-release_3.aar] AndroidManifest.xml:13:5-76
[LIB_GLASSES_SDK-release_3.aar] C:\Users\acer\.gradle\caches\transforms-4\6a32f00ffb8316789dba3b3e5f97b550\transformed\jetified-LIB_GLASSES_SDK-release_3\AndroidManifest.xml:18:5-76 Warning:
	Element uses-permission#android.permission.CHANGE_WIFI_STATE at [LIB_GLASSES_SDK-release_3.aar] AndroidManifest.xml:18:5-76 duplicated with element declared at [LIB_GLASSES_SDK-release_3.aar] AndroidManifest.xml:14:5-76

> Task :app:dataBindingGenBaseClassesDebug
> Task :app:processDebugManifest
> Task :app:processDebugManifestForPackage
> Task :app:javaPreCompileDebug
> Task :app:mergeDebugShaders
> Task :app:compileDebugShaders NO-SOURCE
> Task :app:generateDebugAssets UP-TO-DATE
> Task :app:processDebugResources
> Task :app:mergeDebugAssets
> Task :app:compressDebugAssets
> Task :app:compileDebugKotlin
> Task :app:desugarDebugFileDependencies
> Task :app:checkDebugDuplicateClasses
> Task :app:mergeExtDexDebug
> Task :app:mergeLibDexDebug
> Task :app:mergeDebugJniLibFolders

> Task :app:compileDebugKotlin
w: file:///D:/ASELEA%20Work/IMI%20Final%20Git%20pull%20app/IMI-GLASS-APP/app/src/main/java/com/sdk/glassessdksample/ContinuousVisionStreamManager.kt:84:25 'onDataReceived(ByteArray): Unit' is deprecated. Use processCleanData instead
w: file:///D:/ASELEA%20Work/IMI%20Final%20Git%20pull%20app/IMI-GLASS-APP/app/src/main/java/com/sdk/glassessdksample/ContinuousVisionStreamManager.kt:215:29 'onDataReceived(ByteArray): Unit' is deprecated. Use processCleanData instead
w: file:///D:/ASELEA%20Work/IMI%20Final%20Git%20pull%20app/IMI-GLASS-APP/app/src/main/java/com/sdk/glassessdksample/ContinuousVisionStreamManager.kt:235:45 'onDataReceived(ByteArray): Unit' is deprecated. Use processCleanData instead
w: file:///D:/ASELEA%20Work/IMI%20Final%20Git%20pull%20app/IMI-GLASS-APP/app/src/main/java/com/sdk/glassessdksample/ContinuousVisionStreamManager.kt:244:49 'onDataReceived(ByteArray): Unit' is deprecated. Use processCleanData instead
w: file:///D:/ASELEA%20Work/IMI%20Final%20Git%20pull%20app/IMI-GLASS-APP/app/src/main/java/com/sdk/glassessdksample/GmailService.kt:38:17 Variable 'signInClient' is never used
w: file:///D:/ASELEA%20Work/IMI%20Final%20Git%20pull%20app/IMI-GLASS-APP/app/src/main/java/com/sdk/glassessdksample/GmailService.kt:64:9 This is a delicate API and its use requires care. Make sure you fully read and understand documentation of the declaration that is marked as a delicate API.
w: file:///D:/ASELEA%20Work/IMI%20Final%20Git%20pull%20app/IMI-GLASS-APP/app/src/main/java/com/sdk/glassessdksample/GmailService.kt:102:9 This is a delicate API and its use requires care. Make sure you fully read and understand documentation of the declaration that is marked as a delicate API.
w: file:///D:/ASELEA%20Work/IMI%20Final%20Git%20pull%20app/IMI-GLASS-APP/app/src/main/java/com/sdk/glassessdksample/GmailService.kt:163:9 This is a delicate API and its use requires care. Make sure you fully read and understand documentation of the declaration that is marked as a delicate API.
w: file:///D:/ASELEA%20Work/IMI%20Final%20Git%20pull%20app/IMI-GLASS-APP/app/src/main/java/com/sdk/glassessdksample/ImageUploadService.kt:103:29 'create(MediaType?, ByteArray, Int = ..., Int = ...): RequestBody' is deprecated. Moved to extension function. Put the 'content' argument first to fix Java
w: file:///D:/ASELEA%20Work/IMI%20Final%20Git%20pull%20app/IMI-GLASS-APP/app/src/main/java/com/sdk/glassessdksample/ListeningService.kt:41:13 'stopForeground(Boolean): Unit' is deprecated. Deprecated in Java
w: file:///D:/ASELEA%20Work/IMI%20Final%20Git%20pull%20app/IMI-GLASS-APP/app/src/main/java/com/sdk/glassessdksample/MainActivity.kt:228:13 Variable 'uploadUrl' is never used
w: file:///D:/ASELEA%20Work/IMI%20Final%20Git%20pull%20app/IMI-GLASS-APP/app/src/main/java/com/sdk/glassessdksample/MainActivity.kt:398:29 'startActivityForResult(Intent, Int): Unit' is deprecated. Deprecated in Java
w: file:///D:/ASELEA%20Work/IMI%20Final%20Git%20pull%20app/IMI-GLASS-APP/app/src/main/java/com/sdk/glassessdksample/MainActivity.kt:661:40 'getter for isBluetoothScoOn: Boolean' is deprecated. Deprecated in Java
w: file:///D:/ASELEA%20Work/IMI%20Final%20Git%20pull%20app/IMI-GLASS-APP/app/src/main/java/com/sdk/glassessdksample/MainActivity.kt:662:40 'stopBluetoothSco(): Unit' is deprecated. Deprecated in Java
w: file:///D:/ASELEA%20Work/IMI%20Final%20Git%20pull%20app/IMI-GLASS-APP/app/src/main/java/com/sdk/glassessdksample/MainActivity.kt:669:43 'abandonAudioFocus(AudioManager.OnAudioFocusChangeListener!): Int' is deprecated. Deprecated in Java
w: file:///D:/ASELEA%20Work/IMI%20Final%20Git%20pull%20app/IMI-GLASS-APP/app/src/main/java/com/sdk/glassessdksample/MainActivity.kt:694:30 This declaration overrides deprecated member but not marked as deprecated itself. Please add @Deprecated annotation or suppress. See https://youtrack.jetbrains.com/issue/KT-47902 for details
w: file:///D:/ASELEA%20Work/IMI%20Final%20Git%20pull%20app/IMI-GLASS-APP/app/src/main/java/com/sdk/glassessdksample/MainActivity.kt:808:27 'requestAudioFocus(AudioManager.OnAudioFocusChangeListener!, Int, Int): Int' is deprecated. Deprecated in Java
w: file:///D:/ASELEA%20Work/IMI%20Final%20Git%20pull%20app/IMI-GLASS-APP/app/src/main/java/com/sdk/glassessdksample/MainActivity.kt:845:24 'requestAudioFocus(AudioManager.OnAudioFocusChangeListener!, Int, Int): Int' is deprecated. Deprecated in Java
w: file:///D:/ASELEA%20Work/IMI%20Final%20Git%20pull%20app/IMI-GLASS-APP/app/src/main/java/com/sdk/glassessdksample/MainActivity.kt:849:31 'getter for isBluetoothScoOn: Boolean' is deprecated. Deprecated in Java
w: file:///D:/ASELEA%20Work/IMI%20Final%20Git%20pull%20app/IMI-GLASS-APP/app/src/main/java/com/sdk/glassessdksample/MainActivity.kt:850:26 'startBluetoothSco(): Unit' is deprecated. Deprecated in Java
w: file:///D:/ASELEA%20Work/IMI%20Final%20Git%20pull%20app/IMI-GLASS-APP/app/src/main/java/com/sdk/glassessdksample/MainActivity.kt:857:55 'getter for isBluetoothScoOn: Boolean' is deprecated. Deprecated in Java
w: file:///D:/ASELEA%20Work/IMI%20Final%20Git%20pull%20app/IMI-GLASS-APP/app/src/main/java/com/sdk/glassessdksample/MainActivity.kt:880:29 'getter for isBluetoothScoOn: Boolean' is deprecated. Deprecated in Java
w: file:///D:/ASELEA%20Work/IMI%20Final%20Git%20pull%20app/IMI-GLASS-APP/app/src/main/java/com/sdk/glassessdksample/MainActivity.kt:885:34 'requestAudioFocus(AudioManager.OnAudioFocusChangeListener!, Int, Int): Int' is deprecated. Deprecated in Java
w: file:///D:/ASELEA%20Work/IMI%20Final%20Git%20pull%20app/IMI-GLASS-APP/app/src/main/java/com/sdk/glassessdksample/MainActivity.kt:886:34 'startBluetoothSco(): Unit' is deprecated. Deprecated in Java
w: file:///D:/ASELEA%20Work/IMI%20Final%20Git%20pull%20app/IMI-GLASS-APP/app/src/main/java/com/sdk/glassessdksample/MainActivity.kt:1283:20 'requestAudioFocus(AudioManager.OnAudioFocusChangeListener!, Int, Int): Int' is deprecated. Deprecated in Java
w: file:///D:/ASELEA%20Work/IMI%20Final%20Git%20pull%20app/IMI-GLASS-APP/app/src/main/java/com/sdk/glassessdksample/MainActivity.kt:1290:24 'startBluetoothSco(): Unit' is deprecated. Deprecated in Java
w: file:///D:/ASELEA%20Work/IMI%20Final%20Git%20pull%20app/IMI-GLASS-APP/app/src/main/java/com/sdk/glassessdksample/MainActivity.kt:1321:39 'getter for isBluetoothScoOn: Boolean' is deprecated. Deprecated in Java
w: file:///D:/ASELEA%20Work/IMI%20Final%20Git%20pull%20app/IMI-GLASS-APP/app/src/main/java/com/sdk/glassessdksample/MainActivity.kt:1365:47 'getter for isBluetoothScoOn: Boolean' is deprecated. Deprecated in Java
w: file:///D:/ASELEA%20Work/IMI%20Final%20Git%20pull%20app/IMI-GLASS-APP/app/src/main/java/com/sdk/glassessdksample/MainActivity.kt:1390:20 'requestAudioFocus(AudioManager.OnAudioFocusChangeListener!, Int, Int): Int' is deprecated. Deprecated in Java
w: file:///D:/ASELEA%20Work/IMI%20Final%20Git%20pull%20app/IMI-GLASS-APP/app/src/main/java/com/sdk/glassessdksample/MainActivity.kt:1398:24 'startBluetoothSco(): Unit' is deprecated. Deprecated in Java
w: file:///D:/ASELEA%20Work/IMI%20Final%20Git%20pull%20app/IMI-GLASS-APP/app/src/main/java/com/sdk/glassessdksample/MainActivity.kt:1408:24 'getter for isBluetoothScoOn: Boolean' is deprecated. Deprecated in Java
w: file:///D:/ASELEA%20Work/IMI%20Final%20Git%20pull%20app/IMI-GLASS-APP/app/src/main/java/com/sdk/glassessdksample/MainActivity.kt:1411:23 'getter for isBluetoothScoOn: Boolean' is deprecated. Deprecated in Java
w: file:///D:/ASELEA%20Work/IMI%20Final%20Git%20pull%20app/IMI-GLASS-APP/app/src/main/java/com/sdk/glassessdksample/MainActivity.kt:1489:26 'requestAudioFocus(AudioManager.OnAudioFocusChangeListener!, Int, Int): Int' is deprecated. Deprecated in Java
w: file:///D:/ASELEA%20Work/IMI%20Final%20Git%20pull%20app/IMI-GLASS-APP/app/src/main/java/com/sdk/glassessdksample/MainActivity.kt:1748:41 'abandonAudioFocus(AudioManager.OnAudioFocusChangeListener!): Int' is deprecated. Deprecated in Java
w: file:///D:/ASELEA%20Work/IMI%20Final%20Git%20pull%20app/IMI-GLASS-APP/app/src/main/java/com/sdk/glassessdksample/MainActivity.kt:1752:43 'getter for isBluetoothScoOn: Boolean' is deprecated. Deprecated in Java
w: file:///D:/ASELEA%20Work/IMI%20Final%20Git%20pull%20app/IMI-GLASS-APP/app/src/main/java/com/sdk/glassessdksample/MainActivity.kt:1753:43 'stopBluetoothSco(): Unit' is deprecated. Deprecated in Java
w: file:///D:/ASELEA%20Work/IMI%20Final%20Git%20pull%20app/IMI-GLASS-APP/app/src/main/java/com/sdk/glassessdksample/MainActivity.kt:1779:148 'getter for isBluetoothScoOn: Boolean' is deprecated. Deprecated in Java
w: file:///D:/ASELEA%20Work/IMI%20Final%20Git%20pull%20app/IMI-GLASS-APP/app/src/main/java/com/sdk/glassessdksample/MainActivity.kt:1877:40 'setAudioStreamType(Int): Unit' is deprecated. Deprecated in Java
w: file:///D:/ASELEA%20Work/IMI%20Final%20Git%20pull%20app/IMI-GLASS-APP/app/src/main/java/com/sdk/glassessdksample/MainActivity.kt:1903:54 'setAudioStreamType(Int): Unit' is deprecated. Deprecated in Java
w: file:///D:/ASELEA%20Work/IMI%20Final%20Git%20pull%20app/IMI-GLASS-APP/app/src/main/java/com/sdk/glassessdksample/MainActivity.kt:2965:13 Variable 'lowerCmd' is never used
w: file:///D:/ASELEA%20Work/IMI%20Final%20Git%20pull%20app/IMI-GLASS-APP/app/src/main/java/com/sdk/glassessdksample/MainActivity.kt:3255:30 Parameter 'query' is never used
w: file:///D:/ASELEA%20Work/IMI%20Final%20Git%20pull%20app/IMI-GLASS-APP/app/src/main/java/com/sdk/glassessdksample/MainActivity.kt:3777:29 Variable 'weatherPrompt' is never used
w: file:///D:/ASELEA%20Work/IMI%20Final%20Git%20pull%20app/IMI-GLASS-APP/app/src/main/java/com/sdk/glassessdksample/MainActivity.kt:3831:21 Variable 'weatherPrompt' is never used
w: file:///D:/ASELEA%20Work/IMI%20Final%20Git%20pull%20app/IMI-GLASS-APP/app/src/main/java/com/sdk/glassessdksample/MainActivity.kt:4269:33 The corresponding parameter in the supertype 'WifiFilesDownloadListener' is named 'fileName'. This may cause problems when calling this function with named arguments.
w: file:///D:/ASELEA%20Work/IMI%20Final%20Git%20pull%20app/IMI-GLASS-APP/app/src/main/java/com/sdk/glassessdksample/MainActivity.kt:4269:44 The corresponding parameter in the supertype 'WifiFilesDownloadListener' is named 'filePath'. This may cause problems when calling this function with named arguments.
w: file:///D:/ASELEA%20Work/IMI%20Final%20Git%20pull%20app/IMI-GLASS-APP/app/src/main/java/com/sdk/glassessdksample/MainActivity.kt:4270:35 The corresponding parameter in the supertype 'WifiFilesDownloadListener' is named 'fileName'. This may cause problems when calling this function with named arguments.
w: file:///D:/ASELEA%20Work/IMI%20Final%20Git%20pull%20app/IMI-GLASS-APP/app/src/main/java/com/sdk/glassessdksample/MainActivity.kt:4270:46 The corresponding parameter in the supertype 'WifiFilesDownloadListener' is named 'sourcePath'. This may cause problems when calling this function with named arguments.
w: file:///D:/ASELEA%20Work/IMI%20Final%20Git%20pull%20app/IMI-GLASS-APP/app/src/main/java/com/sdk/glassessdksample/MainActivity.kt:4270:57 The corresponding parameter in the supertype 'WifiFilesDownloadListener' is named 'errorInfo'. This may cause problems when calling this function with named arguments.
w: file:///D:/ASELEA%20Work/IMI%20Final%20Git%20pull%20app/IMI-GLASS-APP/app/src/main/java/com/sdk/glassessdksample/MainActivity.kt:4271:36 The corresponding parameter in the supertype 'WifiFilesDownloadListener' is named 'index'. This may cause problems when calling this function with named arguments.
w: file:///D:/ASELEA%20Work/IMI%20Final%20Git%20pull%20app/IMI-GLASS-APP/app/src/main/java/com/sdk/glassessdksample/MainActivity.kt:4271:44 The corresponding parameter in the supertype 'WifiFilesDownloadListener' is named 'total'. This may cause problems when calling this function with named arguments.
w: file:///D:/ASELEA%20Work/IMI%20Final%20Git%20pull%20app/IMI-GLASS-APP/app/src/main/java/com/sdk/glassessdksample/MainActivity.kt:4273:44 The corresponding parameter in the supertype 'WifiFilesDownloadListener' is named 'fileType'. This may cause problems when calling this function with named arguments.
w: file:///D:/ASELEA%20Work/IMI%20Final%20Git%20pull%20app/IMI-GLASS-APP/app/src/main/java/com/sdk/glassessdksample/MainActivity.kt:4273:52 The corresponding parameter in the supertype 'WifiFilesDownloadListener' is named 'errorType'. This may cause problems when calling this function with named arguments.
w: file:///D:/ASELEA%20Work/IMI%20Final%20Git%20pull%20app/IMI-GLASS-APP/app/src/main/java/com/sdk/glassessdksample/MainActivity.kt:4274:39 The corresponding parameter in the supertype 'WifiFilesDownloadListener' is named 'fileName'. This may cause problems when calling this function with named arguments.
w: file:///D:/ASELEA%20Work/IMI%20Final%20Git%20pull%20app/IMI-GLASS-APP/app/src/main/java/com/sdk/glassessdksample/MainActivity.kt:4274:50 The corresponding parameter in the supertype 'WifiFilesDownloadListener' is named 'progress'. This may cause problems when calling this function with named arguments.
w: file:///D:/ASELEA%20Work/IMI%20Final%20Git%20pull%20app/IMI-GLASS-APP/app/src/main/java/com/sdk/glassessdksample/MainActivity.kt:4275:54 The corresponding parameter in the supertype 'WifiFilesDownloadListener' is named 'entity'. This may cause problems when calling this function with named arguments.
w: file:///D:/ASELEA%20Work/IMI%20Final%20Git%20pull%20app/IMI-GLASS-APP/app/src/main/java/com/sdk/glassessdksample/MainActivity.kt:4276:41 The corresponding parameter in the supertype 'WifiFilesDownloadListener' is named 'fileName'. This may cause problems when calling this function with named arguments.
w: file:///D:/ASELEA%20Work/IMI%20Final%20Git%20pull%20app/IMI-GLASS-APP/app/src/main/java/com/sdk/glassessdksample/MainActivity.kt:4276:52 The corresponding parameter in the supertype 'WifiFilesDownloadListener' is named 'filePath'. This may cause problems when calling this function with named arguments.
w: file:///D:/ASELEA%20Work/IMI%20Final%20Git%20pull%20app/IMI-GLASS-APP/app/src/main/java/com/sdk/glassessdksample/MainActivity.kt:4276:63 The corresponding parameter in the supertype 'WifiFilesDownloadListener' is named 'duration'. This may cause problems when calling this function with named arguments.
w: file:///D:/ASELEA%20Work/IMI%20Final%20Git%20pull%20app/IMI-GLASS-APP/app/src/main/java/com/sdk/glassessdksample/MainActivity.kt:4277:46 The corresponding parameter in the supertype 'WifiFilesDownloadListener' is named 'fileName'. This may cause problems when calling this function with named arguments.
w: file:///D:/ASELEA%20Work/IMI%20Final%20Git%20pull%20app/IMI-GLASS-APP/app/src/main/java/com/sdk/glassessdksample/MainActivity.kt:4277:57 The corresponding parameter in the supertype 'WifiFilesDownloadListener' is named 'errorInfo'. This may cause problems when calling this function with named arguments.
w: file:///D:/ASELEA%20Work/IMI%20Final%20Git%20pull%20app/IMI-GLASS-APP/app/src/main/java/com/sdk/glassessdksample/MainActivity.kt:4279:40 The corresponding parameter in the supertype 'WifiFilesDownloadListener' is named 'errorCode'. This may cause problems when calling this function with named arguments.
w: file:///D:/ASELEA%20Work/IMI%20Final%20Git%20pull%20app/IMI-GLASS-APP/app/src/main/java/com/sdk/glassessdksample/MainActivity.kt:4280:49 The corresponding parameter in the supertype 'WifiFilesDownloadListener' is named 'status'. This may cause problems when calling this function with named arguments.
w: file:///D:/ASELEA%20Work/IMI%20Final%20Git%20pull%20app/IMI-GLASS-APP/app/src/main/java/com/sdk/glassessdksample/MainActivity.kt:4281:36 The corresponding parameter in the supertype 'WifiFilesDownloadListener' is named 'wifiSpeed'. This may cause problems when calling this function with named arguments.
w: file:///D:/ASELEA%20Work/IMI%20Final%20Git%20pull%20app/IMI-GLASS-APP/app/src/main/java/com/sdk/glassessdksample/MainActivity.kt:4506:58 'getFromLocation(Double, Double, Int): (Mutable)List<Address!>?' is deprecated. Deprecated in Java
w: file:///D:/ASELEA%20Work/IMI%20Final%20Git%20pull%20app/IMI-GLASS-APP/app/src/main/java/com/sdk/glassessdksample/MainActivity.kt:4621:26 'requestAudioFocus(AudioManager.OnAudioFocusChangeListener!, Int, Int): Int' is deprecated. Deprecated in Java
w: file:///D:/ASELEA%20Work/IMI%20Final%20Git%20pull%20app/IMI-GLASS-APP/app/src/main/java/com/sdk/glassessdksample/MainActivity.kt:4658:26 'stopBluetoothSco(): Unit' is deprecated. Deprecated in Java
w: file:///D:/ASELEA%20Work/IMI%20Final%20Git%20pull%20app/IMI-GLASS-APP/app/src/main/java/com/sdk/glassessdksample/MainActivity.kt:4660:26 'abandonAudioFocus(AudioManager.OnAudioFocusChangeListener!): Int' is deprecated. Deprecated in Java
w: file:///D:/ASELEA%20Work/IMI%20Final%20Git%20pull%20app/IMI-GLASS-APP/app/src/main/java/com/sdk/glassessdksample/MainActivity.kt:4830:97 'VIBRATOR_SERVICE: String' is deprecated. Deprecated in Java
w: file:///D:/ASELEA%20Work/IMI%20Final%20Git%20pull%20app/IMI-GLASS-APP/app/src/main/java/com/sdk/glassessdksample/MainActivity.kt:4850:97 'VIBRATOR_SERVICE: String' is deprecated. Deprecated in Java
w: file:///D:/ASELEA%20Work/IMI%20Final%20Git%20pull%20app/IMI-GLASS-APP/app/src/main/java/com/sdk/glassessdksample/MainActivity.kt:4866:73 'setAudioStreamType(Int): Unit' is deprecated. Deprecated in Java
w: file:///D:/ASELEA%20Work/IMI%20Final%20Git%20pull%20app/IMI-GLASS-APP/app/src/main/java/com/sdk/glassessdksample/MainActivity.kt:5258:25 Variable 'question' is never used
w: file:///D:/ASELEA%20Work/IMI%20Final%20Git%20pull%20app/IMI-GLASS-APP/app/src/main/java/com/sdk/glassessdksample/MainActivity.kt:5327:17 Duplicate label in when
w: file:///D:/ASELEA%20Work/IMI%20Final%20Git%20pull%20app/IMI-GLASS-APP/app/src/main/java/com/sdk/glassessdksample/MainActivity.kt:5347:17 Duplicate label in when
w: file:///D:/ASELEA%20Work/IMI%20Final%20Git%20pull%20app/IMI-GLASS-APP/app/src/main/java/com/sdk/glassessdksample/MainActivity.kt:5825:41 Parameter 'contactName' is never used
w: file:///D:/ASELEA%20Work/IMI%20Final%20Git%20pull%20app/IMI-GLASS-APP/app/src/main/java/com/sdk/glassessdksample/MainActivity.kt:5825:62 Parameter 'message' is never used
w: file:///D:/ASELEA%20Work/IMI%20Final%20Git%20pull%20app/IMI-GLASS-APP/app/src/main/java/com/sdk/glassessdksample/MainActivity.kt:5946:51 Parameter 'time' is never used
w: file:///D:/ASELEA%20Work/IMI%20Final%20Git%20pull%20app/IMI-GLASS-APP/app/src/main/java/com/sdk/glassessdksample/MainActivity.kt:6224:25 'getter for isBluetoothScoOn: Boolean' is deprecated. Deprecated in Java
w: file:///D:/ASELEA%20Work/IMI%20Final%20Git%20pull%20app/IMI-GLASS-APP/app/src/main/java/com/sdk/glassessdksample/MainActivity.kt:6226:24 'startBluetoothSco(): Unit' is deprecated. Deprecated in Java
w: file:///D:/ASELEA%20Work/IMI%20Final%20Git%20pull%20app/IMI-GLASS-APP/app/src/main/java/com/sdk/glassessdksample/MainActivity.kt:6232:36 'getter for isBluetoothScoOn: Boolean' is deprecated. Deprecated in Java
w: file:///D:/ASELEA%20Work/IMI%20Final%20Git%20pull%20app/IMI-GLASS-APP/app/src/main/java/com/sdk/glassessdksample/MainActivity.kt:6237:32 'getter for isBluetoothScoOn: Boolean' is deprecated. Deprecated in Java
w: file:///D:/ASELEA%20Work/IMI%20Final%20Git%20pull%20app/IMI-GLASS-APP/app/src/main/java/com/sdk/glassessdksample/MainActivity.kt:6253:24 'requestAudioFocus(AudioManager.OnAudioFocusChangeListener!, Int, Int): Int' is deprecated. Deprecated in Java
w: file:///D:/ASELEA%20Work/IMI%20Final%20Git%20pull%20app/IMI-GLASS-APP/app/src/main/java/com/sdk/glassessdksample/MainActivity.kt:6327:37 Parameter 'am' is never used, could be renamed to _
w: file:///D:/ASELEA%20Work/IMI%20Final%20Git%20pull%20app/IMI-GLASS-APP/app/src/main/java/com/sdk/glassessdksample/MainActivity.kt:6361:24 'getter for isBluetoothScoOn: Boolean' is deprecated. Deprecated in Java
w: file:///D:/ASELEA%20Work/IMI%20Final%20Git%20pull%20app/IMI-GLASS-APP/app/src/main/java/com/sdk/glassessdksample/MainActivity.kt:6362:24 'stopBluetoothSco(): Unit' is deprecated. Deprecated in Java
w: file:///D:/ASELEA%20Work/IMI%20Final%20Git%20pull%20app/IMI-GLASS-APP/app/src/main/java/com/sdk/glassessdksample/MainActivity.kt:6371:20 'abandonAudioFocus(AudioManager.OnAudioFocusChangeListener!): Int' is deprecated. Deprecated in Java
w: file:///D:/ASELEA%20Work/IMI%20Final%20Git%20pull%20app/IMI-GLASS-APP/app/src/main/java/com/sdk/glassessdksample/MainActivity.kt:6424:31 Parameter 'error' is never used, could be renamed to _
w: file:///D:/ASELEA%20Work/IMI%20Final%20Git%20pull%20app/IMI-GLASS-APP/app/src/main/java/com/sdk/glassessdksample/ProfileActivity.kt:135:52 Parameter 'dialog' is never used, could be renamed to _
w: file:///D:/ASELEA%20Work/IMI%20Final%20Git%20pull%20app/IMI-GLASS-APP/app/src/main/java/com/sdk/glassessdksample/ProfileActivity.kt:135:60 Parameter 'which' is never used, could be renamed to _
w: file:///D:/ASELEA%20Work/IMI%20Final%20Git%20pull%20app/IMI-GLASS-APP/app/src/main/java/com/sdk/glassessdksample/ProfileActivity.kt:138:48 Parameter 'dialog' is never used, could be renamed to _
w: file:///D:/ASELEA%20Work/IMI%20Final%20Git%20pull%20app/IMI-GLASS-APP/app/src/main/java/com/sdk/glassessdksample/ProfileActivity.kt:138:56 Parameter 'which' is never used, could be renamed to _
w: file:///D:/ASELEA%20Work/IMI%20Final%20Git%20pull%20app/IMI-GLASS-APP/app/src/main/java/com/sdk/glassessdksample/ProfileActivity.kt:142:52 Parameter 'which' is never used, could be renamed to _
w: file:///D:/ASELEA%20Work/IMI%20Final%20Git%20pull%20app/IMI-GLASS-APP/app/src/main/java/com/sdk/glassessdksample/ProfileActivity.kt:152:44 Parameter 'dialog' is never used, could be renamed to _
w: file:///D:/ASELEA%20Work/IMI%20Final%20Git%20pull%20app/IMI-GLASS-APP/app/src/main/java/com/sdk/glassessdksample/ProfileActivity.kt:152:52 Parameter 'which' is never used, could be renamed to _
w: file:///D:/ASELEA%20Work/IMI%20Final%20Git%20pull%20app/IMI-GLASS-APP/app/src/main/java/com/sdk/glassessdksample/ProfileActivity.kt:161:52 Parameter 'which' is never used, could be renamed to _
w: file:///D:/ASELEA%20Work/IMI%20Final%20Git%20pull%20app/IMI-GLASS-APP/app/src/main/java/com/sdk/glassessdksample/ProfileActivity.kt:171:49 Parameter 'dialog' is never used, could be renamed to _
w: file:///D:/ASELEA%20Work/IMI%20Final%20Git%20pull%20app/IMI-GLASS-APP/app/src/main/java/com/sdk/glassessdksample/ProfileActivity.kt:171:57 Parameter 'which' is never used, could be renamed to _
w: file:///D:/ASELEA%20Work/IMI%20Final%20Git%20pull%20app/IMI-GLASS-APP/app/src/main/java/com/sdk/glassessdksample/ProfileActivity.kt:174:52 Parameter 'which' is never used, could be renamed to _
w: file:///D:/ASELEA%20Work/IMI%20Final%20Git%20pull%20app/IMI-GLASS-APP/app/src/main/java/com/sdk/glassessdksample/VerifyCodeActivity.kt:108:27 Parameter 'otp' is never used
w: file:///D:/ASELEA%20Work/IMI%20Final%20Git%20pull%20app/IMI-GLASS-APP/app/src/main/java/com/sdk/glassessdksample/VerifyCodeActivity.kt:133:15 'onBackPressed(): Unit' is deprecated. Deprecated in Java
w: file:///D:/ASELEA%20Work/IMI%20Final%20Git%20pull%20app/IMI-GLASS-APP/app/src/main/java/com/sdk/glassessdksample/VisionChatActivity.kt:506:63 Parameter '_proxy' is never used, could be renamed to _
w: file:///D:/ASELEA%20Work/IMI%20Final%20Git%20pull%20app/IMI-GLASS-APP/app/src/main/java/com/sdk/glassessdksample/VisionChatActivity.kt:508:37 Variable 'mname' is never used
w: file:///D:/ASELEA%20Work/IMI%20Final%20Git%20pull%20app/IMI-GLASS-APP/app/src/main/java/com/sdk/glassessdksample/VisionChatActivity.kt:687:54 Name shadowed: m
w: file:///D:/ASELEA%20Work/IMI%20Final%20Git%20pull%20app/IMI-GLASS-APP/app/src/main/java/com/sdk/glassessdksample/VisionChatActivity.kt:688:57 Name shadowed: params
w: file:///D:/ASELEA%20Work/IMI%20Final%20Git%20pull%20app/IMI-GLASS-APP/app/src/main/java/com/sdk/glassessdksample/VisionChatActivity.kt:1212:37 Parameter 'deviceAddress' is never used
w: file:///D:/ASELEA%20Work/IMI%20Final%20Git%20pull%20app/IMI-GLASS-APP/app/src/main/java/com/sdk/glassessdksample/VisionChatActivity.kt:1392:36 'getter for dhcpInfo: DhcpInfo!' is deprecated. Deprecated in Java
w: file:///D:/ASELEA%20Work/IMI%20Final%20Git%20pull%20app/IMI-GLASS-APP/app/src/main/java/com/sdk/glassessdksample/VisionChatActivity.kt:1455:30 This declaration overrides deprecated member but not marked as deprecated itself. Please add @Deprecated annotation or suppress. See https://youtrack.jetbrains.com/issue/KT-47902 for details
w: file:///D:/ASELEA%20Work/IMI%20Final%20Git%20pull%20app/IMI-GLASS-APP/app/src/main/java/com/sdk/glassessdksample/VisionChatActivity.kt:1815:62 'getColor(Int): Int' is deprecated. Deprecated in Java
w: file:///D:/ASELEA%20Work/IMI%20Final%20Git%20pull%20app/IMI-GLASS-APP/app/src/main/java/com/sdk/glassessdksample/VisionChatActivity.kt:1821:62 'getColor(Int): Int' is deprecated. Deprecated in Java
w: file:///D:/ASELEA%20Work/IMI%20Final%20Git%20pull%20app/IMI-GLASS-APP/app/src/main/java/com/sdk/glassessdksample/VisionChatActivity.kt:2057:89 Parameter 'error' is never used, could be renamed to _
w: file:///D:/ASELEA%20Work/IMI%20Final%20Git%20pull%20app/IMI-GLASS-APP/app/src/main/java/com/sdk/glassessdksample/VisionChatActivity.kt:2586:32 'getter for connectionInfo: WifiInfo!' is deprecated. Deprecated in Java
w: file:///D:/ASELEA%20Work/IMI%20Final%20Git%20pull%20app/IMI-GLASS-APP/app/src/main/java/com/sdk/glassessdksample/VisionChatActivity.kt:2649:47 'startScan(): Boolean' is deprecated. Deprecated in Java
w: file:///D:/ASELEA%20Work/IMI%20Final%20Git%20pull%20app/IMI-GLASS-APP/app/src/main/java/com/sdk/glassessdksample/VisionChatActivity.kt:2663:46 'SSID: String!' is deprecated. Deprecated in Java
w: file:///D:/ASELEA%20Work/IMI%20Final%20Git%20pull%20app/IMI-GLASS-APP/app/src/main/java/com/sdk/glassessdksample/VisionChatActivity.kt:2667:39 'SSID: String!' is deprecated. Deprecated in Java
w: file:///D:/ASELEA%20Work/IMI%20Final%20Git%20pull%20app/IMI-GLASS-APP/app/src/main/java/com/sdk/glassessdksample/VisionChatActivity.kt:2678:71 'SSID: String!' is deprecated. Deprecated in Java
w: file:///D:/ASELEA%20Work/IMI%20Final%20Git%20pull%20app/IMI-GLASS-APP/app/src/main/java/com/sdk/glassessdksample/VisionChatActivity.kt:2684:63 'SSID: String!' is deprecated. Deprecated in Java
w: file:///D:/ASELEA%20Work/IMI%20Final%20Git%20pull%20app/IMI-GLASS-APP/app/src/main/java/com/sdk/glassessdksample/VisionChatActivity.kt:2713:36 'getter for connectionInfo: WifiInfo!' is deprecated. Deprecated in Java
w: file:///D:/ASELEA%20Work/IMI%20Final%20Git%20pull%20app/IMI-GLASS-APP/app/src/main/java/com/sdk/glassessdksample/VisionChatActivity.kt:2721:33 'disconnect(): Boolean' is deprecated. Deprecated in Java
w: file:///D:/ASELEA%20Work/IMI%20Final%20Git%20pull%20app/IMI-GLASS-APP/app/src/main/java/com/sdk/glassessdksample/ui/ActiveMeetingActivity.kt:384:43 'create(MediaType?, String): RequestBody' is deprecated. Moved to extension function. Put the 'content' argument first to fix Java
w: file:///D:/ASELEA%20Work/IMI%20Final%20Git%20pull%20app/IMI-GLASS-APP/app/src/main/java/com/sdk/glassessdksample/ui/ActiveMeetingActivity.kt:495:9 Parameter 'audioFile' is never used
w: file:///D:/ASELEA%20Work/IMI%20Final%20Git%20pull%20app/IMI-GLASS-APP/app/src/main/java/com/sdk/glassessdksample/ui/ActiveMeetingActivity.kt:523:43 'create(MediaType?, String): RequestBody' is deprecated. Moved to extension function. Put the 'content' argument first to fix Java
w: file:///D:/ASELEA%20Work/IMI%20Final%20Git%20pull%20app/IMI-GLASS-APP/app/src/main/java/com/sdk/glassessdksample/ui/ActiveMeetingActivity.kt:587:43 'create(MediaType?, String): RequestBody' is deprecated. Moved to extension function. Put the 'content' argument first to fix Java
w: file:///D:/ASELEA%20Work/IMI%20Final%20Git%20pull%20app/IMI-GLASS-APP/app/src/main/java/com/sdk/glassessdksample/ui/ActiveMeetingActivity.kt:645:30 Unnecessary safe call on a non-null receiver of type String
w: file:///D:/ASELEA%20Work/IMI%20Final%20Git%20pull%20app/IMI-GLASS-APP/app/src/main/java/com/sdk/glassessdksample/ui/ActiveMeetingActivity.kt:645:67 Elvis operator (?:) always returns the left operand of non-nullable type String
w: file:///D:/ASELEA%20Work/IMI%20Final%20Git%20pull%20app/IMI-GLASS-APP/app/src/main/java/com/sdk/glassessdksample/ui/ActivityExt.kt:76:5 'startActivityForResult(Intent!, Int): Unit' is deprecated. Deprecated in Java
w: file:///D:/ASELEA%20Work/IMI%20Final%20Git%20pull%20app/IMI-GLASS-APP/app/src/main/java/com/sdk/glassessdksample/ui/BluetoothReceiver.kt:89:28 'getParcelableExtra(String!): T?' is deprecated. Deprecated in Java
w: file:///D:/ASELEA%20Work/IMI%20Final%20Git%20pull%20app/IMI-GLASS-APP/app/src/main/java/com/sdk/glassessdksample/ui/ChatActivity.kt:211:30 Parameter 'message' is never used, could be renamed to _
w: file:///D:/ASELEA%20Work/IMI%20Final%20Git%20pull%20app/IMI-GLASS-APP/app/src/main/java/com/sdk/glassessdksample/ui/ChatActivity.kt:939:19 'onBackPressed(): Unit' is deprecated. Deprecated in Java
w: file:///D:/ASELEA%20Work/IMI%20Final%20Git%20pull%20app/IMI-GLASS-APP/app/src/main/java/com/sdk/glassessdksample/ui/DeviceBindActivity.kt:59:84 'getDefaultAdapter(): BluetoothAdapter!' is deprecated. Deprecated in Java
w: file:///D:/ASELEA%20Work/IMI%20Final%20Git%20pull%20app/IMI-GLASS-APP/app/src/main/java/com/sdk/glassessdksample/ui/DeviceBindActivity.kt:81:37 'getParcelableExtra(String!): T?' is deprecated. Deprecated in Java
w: file:///D:/ASELEA%20Work/IMI%20Final%20Git%20pull%20app/IMI-GLASS-APP/app/src/main/java/com/sdk/glassessdksample/ui/DeviceBindActivity.kt:97:37 'getParcelableExtra(String!): T?' is deprecated. Deprecated in Java
w: file:///D:/ASELEA%20Work/IMI%20Final%20Git%20pull%20app/IMI-GLASS-APP/app/src/main/java/com/sdk/glassessdksample/ui/DeviceBindActivity.kt:163:13 'startBluetoothSco(): Unit' is deprecated. Deprecated in Java
w: file:///D:/ASELEA%20Work/IMI%20Final%20Git%20pull%20app/IMI-GLASS-APP/app/src/main/java/com/sdk/glassessdksample/ui/DeviceBindActivity.kt:302:46 'getDefaultAdapter(): BluetoothAdapter!' is deprecated. Deprecated in Java
w: file:///D:/ASELEA%20Work/IMI%20Final%20Git%20pull%20app/IMI-GLASS-APP/app/src/main/java/com/sdk/glassessdksample/ui/DeviceBindActivity.kt:328:26 'getDefaultAdapter(): BluetoothAdapter!' is deprecated. Deprecated in Java
w: file:///D:/ASELEA%20Work/IMI%20Final%20Git%20pull%20app/IMI-GLASS-APP/app/src/main/java/com/sdk/glassessdksample/ui/DeviceBindActivity.kt:423:66 'getDefaultAdapter(): BluetoothAdapter!' is deprecated. Deprecated in Java
w: file:///D:/ASELEA%20Work/IMI%20Final%20Git%20pull%20app/IMI-GLASS-APP/app/src/main/java/com/sdk/glassessdksample/ui/DeviceBindActivity.kt:506:46 'getDefaultAdapter(): BluetoothAdapter!' is deprecated. Deprecated in Java
w: file:///D:/ASELEA%20Work/IMI%20Final%20Git%20pull%20app/IMI-GLASS-APP/app/src/main/java/com/sdk/glassessdksample/ui/GeminiAiClient.kt:103:17 Variable 'photoName' is never used
w: file:///D:/ASELEA%20Work/IMI%20Final%20Git%20pull%20app/IMI-GLASS-APP/app/src/main/java/com/sdk/glassessdksample/ui/GeminiLiveApiClient.kt:33:13 Variable 'cleanHistory' is never used
w: file:///D:/ASELEA%20Work/IMI%20Final%20Git%20pull%20app/IMI-GLASS-APP/app/src/main/java/com/sdk/glassessdksample/ui/GeminiLiveApiClient.kt:161:64 No cast needed
w: file:///D:/ASELEA%20Work/IMI%20Final%20Git%20pull%20app/IMI-GLASS-APP/app/src/main/java/com/sdk/glassessdksample/ui/GeminiLiveService.kt:551:39 'getter for isBluetoothScoOn: Boolean' is deprecated. Deprecated in Java
w: file:///D:/ASELEA%20Work/IMI%20Final%20Git%20pull%20app/IMI-GLASS-APP/app/src/main/java/com/sdk/glassessdksample/ui/GeminiLiveService.kt:560:27 'startBluetoothSco(): Unit' is deprecated. Deprecated in Java
w: file:///D:/ASELEA%20Work/IMI%20Final%20Git%20pull%20app/IMI-GLASS-APP/app/src/main/java/com/sdk/glassessdksample/ui/GeminiLiveService.kt:1664:46 Unchecked cast: Any? to Map<String, Any>
w: file:///D:/ASELEA%20Work/IMI%20Final%20Git%20pull%20app/IMI-GLASS-APP/app/src/main/java/com/sdk/glassessdksample/ui/GeminiLiveService.kt:1730:68 Unchecked cast: Map<*, *>! to Map<String, Any>
w: file:///D:/ASELEA%20Work/IMI%20Final%20Git%20pull%20app/IMI-GLASS-APP/app/src/main/java/com/sdk/glassessdksample/ui/GeminiLiveService.kt:1765:68 Unchecked cast: Map<*, *>! to Map<String, Any>
w: file:///D:/ASELEA%20Work/IMI%20Final%20Git%20pull%20app/IMI-GLASS-APP/app/src/main/java/com/sdk/glassessdksample/ui/HotHelper.kt:200:17 'getter for isBluetoothScoOn: Boolean' is deprecated. Deprecated in Java
w: file:///D:/ASELEA%20Work/IMI%20Final%20Git%20pull%20app/IMI-GLASS-APP/app/src/main/java/com/sdk/glassessdksample/ui/HotHelper.kt:207:40 'getDefaultAdapter(): BluetoothAdapter!' is deprecated. Deprecated in Java
w: file:///D:/ASELEA%20Work/IMI%20Final%20Git%20pull%20app/IMI-GLASS-APP/app/src/main/java/com/sdk/glassessdksample/ui/HotHelper.kt:224:17 'startBluetoothSco(): Unit' is deprecated. Deprecated in Java
w: file:///D:/ASELEA%20Work/IMI%20Final%20Git%20pull%20app/IMI-GLASS-APP/app/src/main/java/com/sdk/glassessdksample/ui/MyApplication.kt:33:59 Unnecessary safe call on a non-null receiver of type Array<(out) StackTraceElement!>!
w: file:///D:/ASELEA%20Work/IMI%20Final%20Git%20pull%20app/IMI-GLASS-APP/app/src/main/java/com/sdk/glassessdksample/ui/ScoConnectionHelper.kt:53:16 'getter for isBluetoothScoOn: Boolean' is deprecated. Deprecated in Java
w: file:///D:/ASELEA%20Work/IMI%20Final%20Git%20pull%20app/IMI-GLASS-APP/app/src/main/java/com/sdk/glassessdksample/ui/ScoConnectionHelper.kt:139:16 'startBluetoothSco(): Unit' is deprecated. Deprecated in Java
w: file:///D:/ASELEA%20Work/IMI%20Final%20Git%20pull%20app/IMI-GLASS-APP/app/src/main/java/com/sdk/glassessdksample/ui/ScoConnectionHelper.kt:213:20 'getter for isBluetoothScoOn: Boolean' is deprecated. Deprecated in Java
w: file:///D:/ASELEA%20Work/IMI%20Final%20Git%20pull%20app/IMI-GLASS-APP/app/src/main/java/com/sdk/glassessdksample/ui/ScoConnectionHelper.kt:214:20 'stopBluetoothSco(): Unit' is deprecated. Deprecated in Java
w: file:///D:/ASELEA%20Work/IMI%20Final%20Git%20pull%20app/IMI-GLASS-APP/app/src/main/java/com/sdk/glassessdksample/ui/ScoConnectionHelper.kt:236:49 'getDefaultAdapter(): BluetoothAdapter!' is deprecated. Deprecated in Java
w: file:///D:/ASELEA%20Work/IMI%20Final%20Git%20pull%20app/IMI-GLASS-APP/app/src/main/java/com/sdk/glassessdksample/ui/ScoConnectionHelper.kt:255:40 'getDefaultAdapter(): BluetoothAdapter!' is deprecated. Deprecated in Java
w: file:///D:/ASELEA%20Work/IMI%20Final%20Git%20pull%20app/IMI-GLASS-APP/app/src/main/java/com/sdk/glassessdksample/ui/ScoConnectionHelper.kt:277:30 'getter for isBluetoothScoOn: Boolean' is deprecated. Deprecated in Java
w: file:///D:/ASELEA%20Work/IMI%20Final%20Git%20pull%20app/IMI-GLASS-APP/app/src/main/java/com/sdk/glassessdksample/ui/gallery/GlassMediaGalleryActivity.kt:430:40 'getter for connectionInfo: WifiInfo!' is deprecated. Deprecated in Java
w: file:///D:/ASELEA%20Work/IMI%20Final%20Git%20pull%20app/IMI-GLASS-APP/app/src/main/java/com/sdk/glassessdksample/ui/gallery/GlassMediaGalleryActivity.kt:443:36 'getter for connectionInfo: WifiInfo!' is deprecated. Deprecated in Java
w: file:///D:/ASELEA%20Work/IMI%20Final%20Git%20pull%20app/IMI-GLASS-APP/app/src/main/java/com/sdk/glassessdksample/ui/gallery/GlassMediaGalleryActivity.kt:1291:67 'createVideoThumbnail(String, Int): Bitmap?' is deprecated. Deprecated in Java
w: file:///D:/ASELEA%20Work/IMI%20Final%20Git%20pull%20app/IMI-GLASS-APP/app/src/main/java/com/sdk/glassessdksample/ui/gallery/GlassMediaGalleryActivity.kt:1293:64 'Thumbnails' is deprecated. Deprecated in Java
w: file:///D:/ASELEA%20Work/IMI%20Final%20Git%20pull%20app/IMI-GLASS-APP/app/src/main/java/com/sdk/glassessdksample/ui/gallery/GlassMediaGalleryActivity.kt:1293:75 'MINI_KIND: Int' is deprecated. Deprecated in Java
w: file:///D:/ASELEA%20Work/IMI%20Final%20Git%20pull%20app/IMI-GLASS-APP/app/src/main/java/com/sdk/glassessdksample/ui/gallery/ImageViewerActivity.kt:57:26 'setter for systemUiVisibility: Int' is deprecated. Deprecated in Java
w: file:///D:/ASELEA%20Work/IMI%20Final%20Git%20pull%20app/IMI-GLASS-APP/app/src/main/java/com/sdk/glassessdksample/ui/gallery/ImageViewerActivity.kt:58:18 'SYSTEM_UI_FLAG_LAYOUT_STABLE: Int' is deprecated. Deprecated in Java
w: file:///D:/ASELEA%20Work/IMI%20Final%20Git%20pull%20app/IMI-GLASS-APP/app/src/main/java/com/sdk/glassessdksample/ui/gallery/ImageViewerActivity.kt:59:21 'SYSTEM_UI_FLAG_LAYOUT_FULLSCREEN: Int' is deprecated. Deprecated in Java
w: file:///D:/ASELEA%20Work/IMI%20Final%20Git%20pull%20app/IMI-GLASS-APP/app/src/main/java/com/sdk/glassessdksample/ui/gallery/ImageViewerActivity.kt:60:21 'SYSTEM_UI_FLAG_FULLSCREEN: Int' is deprecated. Deprecated in Java
w: file:///D:/ASELEA%20Work/IMI%20Final%20Git%20pull%20app/IMI-GLASS-APP/app/src/main/java/com/sdk/glassessdksample/ui/gallery/ImageViewerActivity.kt:61:21 'SYSTEM_UI_FLAG_IMMERSIVE_STICKY: Int' is deprecated. Deprecated in Java
w: file:///D:/ASELEA%20Work/IMI%20Final%20Git%20pull%20app/IMI-GLASS-APP/app/src/main/java/com/sdk/glassessdksample/ui/gallery/ImageViewerActivity.kt:72:13 Variable 'imageName' is never used
w: file:///D:/ASELEA%20Work/IMI%20Final%20Git%20pull%20app/IMI-GLASS-APP/app/src/main/java/com/sdk/glassessdksample/ui/gallery/ImageViewerActivity.kt:281:15 'onBackPressed(): Unit' is deprecated. Deprecated in Java
w: file:///D:/ASELEA%20Work/IMI%20Final%20Git%20pull%20app/IMI-GLASS-APP/app/src/main/java/com/sdk/glassessdksample/ui/gallery/VideoPlayerActivity.kt:52:26 'setter for systemUiVisibility: Int' is deprecated. Deprecated in Java
w: file:///D:/ASELEA%20Work/IMI%20Final%20Git%20pull%20app/IMI-GLASS-APP/app/src/main/java/com/sdk/glassessdksample/ui/gallery/VideoPlayerActivity.kt:53:18 'SYSTEM_UI_FLAG_LAYOUT_STABLE: Int' is deprecated. Deprecated in Java
w: file:///D:/ASELEA%20Work/IMI%20Final%20Git%20pull%20app/IMI-GLASS-APP/app/src/main/java/com/sdk/glassessdksample/ui/gallery/VideoPlayerActivity.kt:54:21 'SYSTEM_UI_FLAG_LAYOUT_FULLSCREEN: Int' is deprecated. Deprecated in Java
w: file:///D:/ASELEA%20Work/IMI%20Final%20Git%20pull%20app/IMI-GLASS-APP/app/src/main/java/com/sdk/glassessdksample/ui/gallery/VideoPlayerActivity.kt:55:21 'SYSTEM_UI_FLAG_FULLSCREEN: Int' is deprecated. Deprecated in Java
w: file:///D:/ASELEA%20Work/IMI%20Final%20Git%20pull%20app/IMI-GLASS-APP/app/src/main/java/com/sdk/glassessdksample/ui/gallery/VideoPlayerActivity.kt:56:21 'SYSTEM_UI_FLAG_IMMERSIVE_STICKY: Int' is deprecated. Deprecated in Java
w: file:///D:/ASELEA%20Work/IMI%20Final%20Git%20pull%20app/IMI-GLASS-APP/app/src/main/java/com/sdk/glassessdksample/ui/gallery/VideoPlayerActivity.kt:67:13 Variable 'videoName' is never used
w: file:///D:/ASELEA%20Work/IMI%20Final%20Git%20pull%20app/IMI-GLASS-APP/app/src/main/java/com/sdk/glassessdksample/ui/gallery/VideoPlayerActivity.kt:274:15 'onBackPressed(): Unit' is deprecated. Deprecated in Java
w: file:///D:/ASELEA%20Work/IMI%20Final%20Git%20pull%20app/IMI-GLASS-APP/app/src/main/java/com/sdk/glassessdksample/ui/wifi/GlassMediaTransfer.kt:118:81 Parameter 'error' is never used, could be renamed to _
w: file:///D:/ASELEA%20Work/IMI%20Final%20Git%20pull%20app/IMI-GLASS-APP/app/src/main/java/com/sdk/glassessdksample/ui/wifi/GlassMediaTransfer.kt:162:79 Parameter 'code' is never used, could be renamed to _
w: file:///D:/ASELEA%20Work/IMI%20Final%20Git%20pull%20app/IMI-GLASS-APP/app/src/main/java/com/sdk/glassessdksample/ui/wifi/GlassMediaTransfer.kt:181:84 Parameter 'error' is never used, could be renamed to _
w: file:///D:/ASELEA%20Work/IMI%20Final%20Git%20pull%20app/IMI-GLASS-APP/app/src/main/java/com/sdk/glassessdksample/ui/wifi/GlassMediaTransfer.kt:289:40 'getter for connectionInfo: WifiInfo!' is deprecated. Deprecated in Java
w: file:///D:/ASELEA%20Work/IMI%20Final%20Git%20pull%20app/IMI-GLASS-APP/app/src/main/java/com/sdk/glassessdksample/ui/wifi/GlassMediaTransfer.kt:295:38 'getter for ipAddress: Int' is deprecated. Deprecated in Java
w: file:///D:/ASELEA%20Work/IMI%20Final%20Git%20pull%20app/IMI-GLASS-APP/app/src/main/java/com/sdk/glassessdksample/ui/wifi/WifiP2pHelper.kt:9:20 'NetworkInfo' is deprecated. Deprecated in Java
w: file:///D:/ASELEA%20Work/IMI%20Final%20Git%20pull%20app/IMI-GLASS-APP/app/src/main/java/com/sdk/glassessdksample/ui/wifi/WifiP2pHelper.kt:159:82 'NetworkInfo' is deprecated. Deprecated in Java
w: file:///D:/ASELEA%20Work/IMI%20Final%20Git%20pull%20app/IMI-GLASS-APP/app/src/main/java/com/sdk/glassessdksample/ui/wifi/WifiP2pHelper.kt:165:34 'getter for isConnected: Boolean' is deprecated. Deprecated in Java
w: file:///D:/ASELEA%20Work/IMI%20Final%20Git%20pull%20app/IMI-GLASS-APP/app/src/main/java/com/sdk/glassessdksample/ui/wifi/WifiP2pHelper.kt:349:55 Parameter 'device' is never used
w: file:///D:/ASELEA%20Work/IMI%20Final%20Git%20pull%20app/IMI-GLASS-APP/app/src/main/java/com/sdk/glassessdksample/ui/wifi/WifiP2pHelper.kt:403:23 There is more than one label with such a name in this scope
w: file:///D:/ASELEA%20Work/IMI%20Final%20Git%20pull%20app/IMI-GLASS-APP/app/src/main/java/com/sdk/glassessdksample/wakeword/PorcupineWakeWordDetector.kt:156:30 Parameter 'pcmData' is never used

> Task :app:mergeDebugNativeLibs

> Task :app:stripDebugDebugSymbols
Unable to strip the following libraries, packaging them as they are: libcbuf.so, libjl_opus.so, libjl_speex.so, libonnxruntime.so, libonnxruntime4j_jni.so, libpv_porcupine.so, libst_opus.so, libst_speex.so.

> Task :app:compileDebugJavaWithJavac
> Task :app:dexBuilderDebug
> Task :app:mergeDebugGlobalSynthetics
> Task :app:processDebugJavaRes
> Task :app:mergeProjectDexDebug
> Task :app:validateSigningDebug
> Task :app:writeDebugAppMetadata
> Task :app:writeDebugSigningConfigVersions
> Task :app:mergeDebugJavaResource
> Task :app:packageDebug
> Task :app:createDebugApkListingFileRedirect
> Task :app:assembleDebug

BUILD SUCCESSFUL in 6m 21s
42 actionable tasks: 42 executed
