To honour the JVM settings for this build a single-use Daemon process will be forked. For more on this, please refer to https://docs.gradle.org/9.0-milestone-1/userguide/gradle_daemon.html#sec:disabling_the_daemon in the Gradle documentation.
Daemon will be stopped at the end of the build 
Calculating task graph as no cached configuration is available for tasks: compileDebugKotlin

> Configure project :app
WARNING: The option setting 'android.enableAppCompileTimeRClass=true' is experimental.
The current default is 'false'.

> Task :app:checkKotlinGradlePluginConfigurationErrors
> Task :app:preBuild UP-TO-DATE
> Task :app:preDebugBuild UP-TO-DATE
> Task :app:dataBindingMergeDependencyArtifactsDebug
> Task :app:generateDebugResValues
> Task :app:generateDebugResources
> Task :app:mergeDebugResources
> Task :app:packageDebugResources
> Task :app:parseDebugLocalResources
> Task :app:dataBindingGenBaseClassesDebug
> Task :app:generateDebugBuildConfig
> Task :app:generateDebugRFile
> Task :app:compileDebugKotlin
w: file:///D:/ASELEA%20Work/IMI%20Final%20Git%20pull%20app/IMI-GLASS-APP/app/src/main/java/com/sdk/glassessdksample/ContinuousVisionStreamManager.kt:84:25 'onDataReceived(ByteArray): Unit' is deprecated. Use processCleanData instead
w: file:///D:/ASELEA%20Work/IMI%20Final%20Git%20pull%20app/IMI-GLASS-APP/app/src/main/java/com/sdk/glassessdksample/ContinuousVisionStreamManager.kt:215:29 'onDataReceived(ByteArray): Unit' is deprecated. Use processCleanData instead
w: file:///D:/ASELEA%20Work/IMI%20Final%20Git%20pull%20app/IMI-GLASS-APP/app/src/main/java/com/sdk/glassessdksample/ContinuousVisionStreamManager.kt:235:45 'onDataReceived(ByteArray): Unit' is deprecated. Use processCleanData instead
w: file:///D:/ASELEA%20Work/IMI%20Final%20Git%20pull%20app/IMI-GLASS-APP/app/src/main/java/com/sdk/glassessdksample/ContinuousVisionStreamManager.kt:244:49 'onDataReceived(ByteArray): Unit' is deprecated. Use processCleanData instead
w: file:///D:/ASELEA%20Work/IMI%20Final%20Git%20pull%20app/IMI-GLASS-APP/app/src/main/java/com/sdk/glassessdksample/ImageUploadService.kt:103:29 'create(MediaType?, ByteArray, Int = ..., Int = ...): RequestBody' is deprecated. Moved to extension function. Put the 'content' argument first to fix Java
w: file:///D:/ASELEA%20Work/IMI%20Final%20Git%20pull%20app/IMI-GLASS-APP/app/src/main/java/com/sdk/glassessdksample/ListeningService.kt:41:13 'stopForeground(Boolean): Unit' is deprecated. Deprecated in Java
w: file:///D:/ASELEA%20Work/IMI%20Final%20Git%20pull%20app/IMI-GLASS-APP/app/src/main/java/com/sdk/glassessdksample/MainActivity.kt:205:13 Variable 'uploadUrl' is never used
w: file:///D:/ASELEA%20Work/IMI%20Final%20Git%20pull%20app/IMI-GLASS-APP/app/src/main/java/com/sdk/glassessdksample/MainActivity.kt:569:40 'getter for isBluetoothScoOn: Boolean' is deprecated. Deprecated in Java
w: file:///D:/ASELEA%20Work/IMI%20Final%20Git%20pull%20app/IMI-GLASS-APP/app/src/main/java/com/sdk/glassessdksample/MainActivity.kt:570:40 'stopBluetoothSco(): Unit' is deprecated. Deprecated in Java
w: file:///D:/ASELEA%20Work/IMI%20Final%20Git%20pull%20app/IMI-GLASS-APP/app/src/main/java/com/sdk/glassessdksample/MainActivity.kt:577:43 'abandonAudioFocus(AudioManager.OnAudioFocusChangeListener!): Int' is deprecated. Deprecated in Java
w: file:///D:/ASELEA%20Work/IMI%20Final%20Git%20pull%20app/IMI-GLASS-APP/app/src/main/java/com/sdk/glassessdksample/MainActivity.kt:602:30 This declaration overrides deprecated member but not marked as deprecated itself. Please add @Deprecated annotation or suppress. See https://youtrack.jetbrains.com/issue/KT-47902 for details
w: file:///D:/ASELEA%20Work/IMI%20Final%20Git%20pull%20app/IMI-GLASS-APP/app/src/main/java/com/sdk/glassessdksample/MainActivity.kt:716:27 'requestAudioFocus(AudioManager.OnAudioFocusChangeListener!, Int, Int): Int' is deprecated. Deprecated in Java
w: file:///D:/ASELEA%20Work/IMI%20Final%20Git%20pull%20app/IMI-GLASS-APP/app/src/main/java/com/sdk/glassessdksample/MainActivity.kt:753:24 'requestAudioFocus(AudioManager.OnAudioFocusChangeListener!, Int, Int): Int' is deprecated. Deprecated in Java
w: file:///D:/ASELEA%20Work/IMI%20Final%20Git%20pull%20app/IMI-GLASS-APP/app/src/main/java/com/sdk/glassessdksample/MainActivity.kt:757:31 'getter for isBluetoothScoOn: Boolean' is deprecated. Deprecated in Java
w: file:///D:/ASELEA%20Work/IMI%20Final%20Git%20pull%20app/IMI-GLASS-APP/app/src/main/java/com/sdk/glassessdksample/MainActivity.kt:758:26 'startBluetoothSco(): Unit' is deprecated. Deprecated in Java
w: file:///D:/ASELEA%20Work/IMI%20Final%20Git%20pull%20app/IMI-GLASS-APP/app/src/main/java/com/sdk/glassessdksample/MainActivity.kt:765:55 'getter for isBluetoothScoOn: Boolean' is deprecated. Deprecated in Java
w: file:///D:/ASELEA%20Work/IMI%20Final%20Git%20pull%20app/IMI-GLASS-APP/app/src/main/java/com/sdk/glassessdksample/MainActivity.kt:788:29 'getter for isBluetoothScoOn: Boolean' is deprecated. Deprecated in Java
w: file:///D:/ASELEA%20Work/IMI%20Final%20Git%20pull%20app/IMI-GLASS-APP/app/src/main/java/com/sdk/glassessdksample/MainActivity.kt:793:34 'requestAudioFocus(AudioManager.OnAudioFocusChangeListener!, Int, Int): Int' is deprecated. Deprecated in Java
w: file:///D:/ASELEA%20Work/IMI%20Final%20Git%20pull%20app/IMI-GLASS-APP/app/src/main/java/com/sdk/glassessdksample/MainActivity.kt:794:34 'startBluetoothSco(): Unit' is deprecated. Deprecated in Java
w: file:///D:/ASELEA%20Work/IMI%20Final%20Git%20pull%20app/IMI-GLASS-APP/app/src/main/java/com/sdk/glassessdksample/MainActivity.kt:1163:20 'requestAudioFocus(AudioManager.OnAudioFocusChangeListener!, Int, Int): Int' is deprecated. Deprecated in Java
w: file:///D:/ASELEA%20Work/IMI%20Final%20Git%20pull%20app/IMI-GLASS-APP/app/src/main/java/com/sdk/glassessdksample/MainActivity.kt:1170:24 'startBluetoothSco(): Unit' is deprecated. Deprecated in Java
w: file:///D:/ASELEA%20Work/IMI%20Final%20Git%20pull%20app/IMI-GLASS-APP/app/src/main/java/com/sdk/glassessdksample/MainActivity.kt:1201:39 'getter for isBluetoothScoOn: Boolean' is deprecated. Deprecated in Java
w: file:///D:/ASELEA%20Work/IMI%20Final%20Git%20pull%20app/IMI-GLASS-APP/app/src/main/java/com/sdk/glassessdksample/MainActivity.kt:1245:47 'getter for isBluetoothScoOn: Boolean' is deprecated. Deprecated in Java
w: file:///D:/ASELEA%20Work/IMI%20Final%20Git%20pull%20app/IMI-GLASS-APP/app/src/main/java/com/sdk/glassessdksample/MainActivity.kt:1270:20 'requestAudioFocus(AudioManager.OnAudioFocusChangeListener!, Int, Int): Int' is deprecated. Deprecated in Java
w: file:///D:/ASELEA%20Work/IMI%20Final%20Git%20pull%20app/IMI-GLASS-APP/app/src/main/java/com/sdk/glassessdksample/MainActivity.kt:1278:24 'startBluetoothSco(): Unit' is deprecated. Deprecated in Java
w: file:///D:/ASELEA%20Work/IMI%20Final%20Git%20pull%20app/IMI-GLASS-APP/app/src/main/java/com/sdk/glassessdksample/MainActivity.kt:1288:24 'getter for isBluetoothScoOn: Boolean' is deprecated. Deprecated in Java
w: file:///D:/ASELEA%20Work/IMI%20Final%20Git%20pull%20app/IMI-GLASS-APP/app/src/main/java/com/sdk/glassessdksample/MainActivity.kt:1291:23 'getter for isBluetoothScoOn: Boolean' is deprecated. Deprecated in Java
w: file:///D:/ASELEA%20Work/IMI%20Final%20Git%20pull%20app/IMI-GLASS-APP/app/src/main/java/com/sdk/glassessdksample/MainActivity.kt:1369:26 'requestAudioFocus(AudioManager.OnAudioFocusChangeListener!, Int, Int): Int' is deprecated. Deprecated in Java
w: file:///D:/ASELEA%20Work/IMI%20Final%20Git%20pull%20app/IMI-GLASS-APP/app/src/main/java/com/sdk/glassessdksample/MainActivity.kt:1625:41 'abandonAudioFocus(AudioManager.OnAudioFocusChangeListener!): Int' is deprecated. Deprecated in Java
w: file:///D:/ASELEA%20Work/IMI%20Final%20Git%20pull%20app/IMI-GLASS-APP/app/src/main/java/com/sdk/glassessdksample/MainActivity.kt:1629:43 'getter for isBluetoothScoOn: Boolean' is deprecated. Deprecated in Java
w: file:///D:/ASELEA%20Work/IMI%20Final%20Git%20pull%20app/IMI-GLASS-APP/app/src/main/java/com/sdk/glassessdksample/MainActivity.kt:1630:43 'stopBluetoothSco(): Unit' is deprecated. Deprecated in Java
w: file:///D:/ASELEA%20Work/IMI%20Final%20Git%20pull%20app/IMI-GLASS-APP/app/src/main/java/com/sdk/glassessdksample/MainActivity.kt:1656:148 'getter for isBluetoothScoOn: Boolean' is deprecated. Deprecated in Java
w: file:///D:/ASELEA%20Work/IMI%20Final%20Git%20pull%20app/IMI-GLASS-APP/app/src/main/java/com/sdk/glassessdksample/MainActivity.kt:1747:40 'setAudioStreamType(Int): Unit' is deprecated. Deprecated in Java
w: file:///D:/ASELEA%20Work/IMI%20Final%20Git%20pull%20app/IMI-GLASS-APP/app/src/main/java/com/sdk/glassessdksample/MainActivity.kt:1773:54 'setAudioStreamType(Int): Unit' is deprecated. Deprecated in Java
w: file:///D:/ASELEA%20Work/IMI%20Final%20Git%20pull%20app/IMI-GLASS-APP/app/src/main/java/com/sdk/glassessdksample/MainActivity.kt:2712:13 Variable 'lowerCmd' is never used
w: file:///D:/ASELEA%20Work/IMI%20Final%20Git%20pull%20app/IMI-GLASS-APP/app/src/main/java/com/sdk/glassessdksample/MainActivity.kt:3002:30 Parameter 'query' is never used
w: file:///D:/ASELEA%20Work/IMI%20Final%20Git%20pull%20app/IMI-GLASS-APP/app/src/main/java/com/sdk/glassessdksample/MainActivity.kt:3448:29 Variable 'weatherPrompt' is never used
w: file:///D:/ASELEA%20Work/IMI%20Final%20Git%20pull%20app/IMI-GLASS-APP/app/src/main/java/com/sdk/glassessdksample/MainActivity.kt:3502:21 Variable 'weatherPrompt' is never used
w: file:///D:/ASELEA%20Work/IMI%20Final%20Git%20pull%20app/IMI-GLASS-APP/app/src/main/java/com/sdk/glassessdksample/MainActivity.kt:3936:33 The corresponding parameter in the supertype 'WifiFilesDownloadListener' is named 'fileName'. This may cause problems when calling this function with named arguments.
w: file:///D:/ASELEA%20Work/IMI%20Final%20Git%20pull%20app/IMI-GLASS-APP/app/src/main/java/com/sdk/glassessdksample/MainActivity.kt:3936:44 The corresponding parameter in the supertype 'WifiFilesDownloadListener' is named 'filePath'. This may cause problems when calling this function with named arguments.
w: file:///D:/ASELEA%20Work/IMI%20Final%20Git%20pull%20app/IMI-GLASS-APP/app/src/main/java/com/sdk/glassessdksample/MainActivity.kt:3937:35 The corresponding parameter in the supertype 'WifiFilesDownloadListener' is named 'fileName'. This may cause problems when calling this function with named arguments.
w: file:///D:/ASELEA%20Work/IMI%20Final%20Git%20pull%20app/IMI-GLASS-APP/app/src/main/java/com/sdk/glassessdksample/MainActivity.kt:3937:46 The corresponding parameter in the supertype 'WifiFilesDownloadListener' is named 'sourcePath'. This may cause problems when calling this function with named arguments.
w: file:///D:/ASELEA%20Work/IMI%20Final%20Git%20pull%20app/IMI-GLASS-APP/app/src/main/java/com/sdk/glassessdksample/MainActivity.kt:3937:57 The corresponding parameter in the supertype 'WifiFilesDownloadListener' is named 'errorInfo'. This may cause problems when calling this function with named arguments.
w: file:///D:/ASELEA%20Work/IMI%20Final%20Git%20pull%20app/IMI-GLASS-APP/app/src/main/java/com/sdk/glassessdksample/MainActivity.kt:3938:36 The corresponding parameter in the supertype 'WifiFilesDownloadListener' is named 'index'. This may cause problems when calling this function with named arguments.
w: file:///D:/ASELEA%20Work/IMI%20Final%20Git%20pull%20app/IMI-GLASS-APP/app/src/main/java/com/sdk/glassessdksample/MainActivity.kt:3938:44 The corresponding parameter in the supertype 'WifiFilesDownloadListener' is named 'total'. This may cause problems when calling this function with named arguments.
w: file:///D:/ASELEA%20Work/IMI%20Final%20Git%20pull%20app/IMI-GLASS-APP/app/src/main/java/com/sdk/glassessdksample/MainActivity.kt:3940:44 The corresponding parameter in the supertype 'WifiFilesDownloadListener' is named 'fileType'. This may cause problems when calling this function with named arguments.
w: file:///D:/ASELEA%20Work/IMI%20Final%20Git%20pull%20app/IMI-GLASS-APP/app/src/main/java/com/sdk/glassessdksample/MainActivity.kt:3940:52 The corresponding parameter in the supertype 'WifiFilesDownloadListener' is named 'errorType'. This may cause problems when calling this function with named arguments.
w: file:///D:/ASELEA%20Work/IMI%20Final%20Git%20pull%20app/IMI-GLASS-APP/app/src/main/java/com/sdk/glassessdksample/MainActivity.kt:3941:39 The corresponding parameter in the supertype 'WifiFilesDownloadListener' is named 'fileName'. This may cause problems when calling this function with named arguments.
w: file:///D:/ASELEA%20Work/IMI%20Final%20Git%20pull%20app/IMI-GLASS-APP/app/src/main/java/com/sdk/glassessdksample/MainActivity.kt:3941:50 The corresponding parameter in the supertype 'WifiFilesDownloadListener' is named 'progress'. This may cause problems when calling this function with named arguments.
w: file:///D:/ASELEA%20Work/IMI%20Final%20Git%20pull%20app/IMI-GLASS-APP/app/src/main/java/com/sdk/glassessdksample/MainActivity.kt:3942:54 The corresponding parameter in the supertype 'WifiFilesDownloadListener' is named 'entity'. This may cause problems when calling this function with named arguments.
w: file:///D:/ASELEA%20Work/IMI%20Final%20Git%20pull%20app/IMI-GLASS-APP/app/src/main/java/com/sdk/glassessdksample/MainActivity.kt:3943:41 The corresponding parameter in the supertype 'WifiFilesDownloadListener' is named 'fileName'. This may cause problems when calling this function with named arguments.
w: file:///D:/ASELEA%20Work/IMI%20Final%20Git%20pull%20app/IMI-GLASS-APP/app/src/main/java/com/sdk/glassessdksample/MainActivity.kt:3943:52 The corresponding parameter in the supertype 'WifiFilesDownloadListener' is named 'filePath'. This may cause problems when calling this function with named arguments.
w: file:///D:/ASELEA%20Work/IMI%20Final%20Git%20pull%20app/IMI-GLASS-APP/app/src/main/java/com/sdk/glassessdksample/MainActivity.kt:3943:63 The corresponding parameter in the supertype 'WifiFilesDownloadListener' is named 'duration'. This may cause problems when calling this function with named arguments.
w: file:///D:/ASELEA%20Work/IMI%20Final%20Git%20pull%20app/IMI-GLASS-APP/app/src/main/java/com/sdk/glassessdksample/MainActivity.kt:3944:46 The corresponding parameter in the supertype 'WifiFilesDownloadListener' is named 'fileName'. This may cause problems when calling this function with named arguments.
w: file:///D:/ASELEA%20Work/IMI%20Final%20Git%20pull%20app/IMI-GLASS-APP/app/src/main/java/com/sdk/glassessdksample/MainActivity.kt:3944:57 The corresponding parameter in the supertype 'WifiFilesDownloadListener' is named 'errorInfo'. This may cause problems when calling this function with named arguments.
w: file:///D:/ASELEA%20Work/IMI%20Final%20Git%20pull%20app/IMI-GLASS-APP/app/src/main/java/com/sdk/glassessdksample/MainActivity.kt:3946:40 The corresponding parameter in the supertype 'WifiFilesDownloadListener' is named 'errorCode'. This may cause problems when calling this function with named arguments.
w: file:///D:/ASELEA%20Work/IMI%20Final%20Git%20pull%20app/IMI-GLASS-APP/app/src/main/java/com/sdk/glassessdksample/MainActivity.kt:3947:49 The corresponding parameter in the supertype 'WifiFilesDownloadListener' is named 'status'. This may cause problems when calling this function with named arguments.
w: file:///D:/ASELEA%20Work/IMI%20Final%20Git%20pull%20app/IMI-GLASS-APP/app/src/main/java/com/sdk/glassessdksample/MainActivity.kt:3948:36 The corresponding parameter in the supertype 'WifiFilesDownloadListener' is named 'wifiSpeed'. This may cause problems when calling this function with named arguments.
w: file:///D:/ASELEA%20Work/IMI%20Final%20Git%20pull%20app/IMI-GLASS-APP/app/src/main/java/com/sdk/glassessdksample/MainActivity.kt:4080:58 'getFromLocation(Double, Double, Int): (Mutable)List<Address!>?' is deprecated. Deprecated in Java
w: file:///D:/ASELEA%20Work/IMI%20Final%20Git%20pull%20app/IMI-GLASS-APP/app/src/main/java/com/sdk/glassessdksample/MainActivity.kt:4195:26 'requestAudioFocus(AudioManager.OnAudioFocusChangeListener!, Int, Int): Int' is deprecated. Deprecated in Java
w: file:///D:/ASELEA%20Work/IMI%20Final%20Git%20pull%20app/IMI-GLASS-APP/app/src/main/java/com/sdk/glassessdksample/MainActivity.kt:4232:26 'stopBluetoothSco(): Unit' is deprecated. Deprecated in Java
w: file:///D:/ASELEA%20Work/IMI%20Final%20Git%20pull%20app/IMI-GLASS-APP/app/src/main/java/com/sdk/glassessdksample/MainActivity.kt:4234:26 'abandonAudioFocus(AudioManager.OnAudioFocusChangeListener!): Int' is deprecated. Deprecated in Java
w: file:///D:/ASELEA%20Work/IMI%20Final%20Git%20pull%20app/IMI-GLASS-APP/app/src/main/java/com/sdk/glassessdksample/MainActivity.kt:4409:93 'VIBRATOR_SERVICE: String' is deprecated. Deprecated in Java
w: file:///D:/ASELEA%20Work/IMI%20Final%20Git%20pull%20app/IMI-GLASS-APP/app/src/main/java/com/sdk/glassessdksample/MainActivity.kt:4425:69 'setAudioStreamType(Int): Unit' is deprecated. Deprecated in Java
w: file:///D:/ASELEA%20Work/IMI%20Final%20Git%20pull%20app/IMI-GLASS-APP/app/src/main/java/com/sdk/glassessdksample/MainActivity.kt:4816:25 Variable 'question' is never used
w: file:///D:/ASELEA%20Work/IMI%20Final%20Git%20pull%20app/IMI-GLASS-APP/app/src/main/java/com/sdk/glassessdksample/MainActivity.kt:4855:17 Duplicate label in when
w: file:///D:/ASELEA%20Work/IMI%20Final%20Git%20pull%20app/IMI-GLASS-APP/app/src/main/java/com/sdk/glassessdksample/MainActivity.kt:4875:17 Duplicate label in when
w: file:///D:/ASELEA%20Work/IMI%20Final%20Git%20pull%20app/IMI-GLASS-APP/app/src/main/java/com/sdk/glassessdksample/MainActivity.kt:5104:51 Parameter 'time' is never used
w: file:///D:/ASELEA%20Work/IMI%20Final%20Git%20pull%20app/IMI-GLASS-APP/app/src/main/java/com/sdk/glassessdksample/MainActivity.kt:5355:25 'getter for isBluetoothScoOn: Boolean' is deprecated. Deprecated in Java
w: file:///D:/ASELEA%20Work/IMI%20Final%20Git%20pull%20app/IMI-GLASS-APP/app/src/main/java/com/sdk/glassessdksample/MainActivity.kt:5357:24 'startBluetoothSco(): Unit' is deprecated. Deprecated in Java
w: file:///D:/ASELEA%20Work/IMI%20Final%20Git%20pull%20app/IMI-GLASS-APP/app/src/main/java/com/sdk/glassessdksample/MainActivity.kt:5363:36 'getter for isBluetoothScoOn: Boolean' is deprecated. Deprecated in Java
w: file:///D:/ASELEA%20Work/IMI%20Final%20Git%20pull%20app/IMI-GLASS-APP/app/src/main/java/com/sdk/glassessdksample/MainActivity.kt:5368:32 'getter for isBluetoothScoOn: Boolean' is deprecated. Deprecated in Java
w: file:///D:/ASELEA%20Work/IMI%20Final%20Git%20pull%20app/IMI-GLASS-APP/app/src/main/java/com/sdk/glassessdksample/MainActivity.kt:5384:24 'requestAudioFocus(AudioManager.OnAudioFocusChangeListener!, Int, Int): Int' is deprecated. Deprecated in Java
w: file:///D:/ASELEA%20Work/IMI%20Final%20Git%20pull%20app/IMI-GLASS-APP/app/src/main/java/com/sdk/glassessdksample/MainActivity.kt:5458:37 Parameter 'am' is never used, could be renamed to _
w: file:///D:/ASELEA%20Work/IMI%20Final%20Git%20pull%20app/IMI-GLASS-APP/app/src/main/java/com/sdk/glassessdksample/MainActivity.kt:5492:24 'getter for isBluetoothScoOn: Boolean' is deprecated. Deprecated in Java
w: file:///D:/ASELEA%20Work/IMI%20Final%20Git%20pull%20app/IMI-GLASS-APP/app/src/main/java/com/sdk/glassessdksample/MainActivity.kt:5493:24 'stopBluetoothSco(): Unit' is deprecated. Deprecated in Java
w: file:///D:/ASELEA%20Work/IMI%20Final%20Git%20pull%20app/IMI-GLASS-APP/app/src/main/java/com/sdk/glassessdksample/MainActivity.kt:5502:20 'abandonAudioFocus(AudioManager.OnAudioFocusChangeListener!): Int' is deprecated. Deprecated in Java
w: file:///D:/ASELEA%20Work/IMI%20Final%20Git%20pull%20app/IMI-GLASS-APP/app/src/main/java/com/sdk/glassessdksample/MainActivity.kt:5555:31 Parameter 'error' is never used, could be renamed to _
w: file:///D:/ASELEA%20Work/IMI%20Final%20Git%20pull%20app/IMI-GLASS-APP/app/src/main/java/com/sdk/glassessdksample/VerifyCodeActivity.kt:108:27 Parameter 'otp' is never used
w: file:///D:/ASELEA%20Work/IMI%20Final%20Git%20pull%20app/IMI-GLASS-APP/app/src/main/java/com/sdk/glassessdksample/VerifyCodeActivity.kt:133:15 'onBackPressed(): Unit' is deprecated. Deprecated in Java
w: file:///D:/ASELEA%20Work/IMI%20Final%20Git%20pull%20app/IMI-GLASS-APP/app/src/main/java/com/sdk/glassessdksample/VisionChatActivity.kt:474:63 Parameter '_proxy' is never used, could be renamed to _
w: file:///D:/ASELEA%20Work/IMI%20Final%20Git%20pull%20app/IMI-GLASS-APP/app/src/main/java/com/sdk/glassessdksample/VisionChatActivity.kt:476:37 Variable 'mname' is never used
w: file:///D:/ASELEA%20Work/IMI%20Final%20Git%20pull%20app/IMI-GLASS-APP/app/src/main/java/com/sdk/glassessdksample/VisionChatActivity.kt:655:54 Name shadowed: m
w: file:///D:/ASELEA%20Work/IMI%20Final%20Git%20pull%20app/IMI-GLASS-APP/app/src/main/java/com/sdk/glassessdksample/VisionChatActivity.kt:656:57 Name shadowed: params
w: file:///D:/ASELEA%20Work/IMI%20Final%20Git%20pull%20app/IMI-GLASS-APP/app/src/main/java/com/sdk/glassessdksample/VisionChatActivity.kt:1180:37 Parameter 'deviceAddress' is never used
w: file:///D:/ASELEA%20Work/IMI%20Final%20Git%20pull%20app/IMI-GLASS-APP/app/src/main/java/com/sdk/glassessdksample/VisionChatActivity.kt:1360:36 'getter for dhcpInfo: DhcpInfo!' is deprecated. Deprecated in Java
w: file:///D:/ASELEA%20Work/IMI%20Final%20Git%20pull%20app/IMI-GLASS-APP/app/src/main/java/com/sdk/glassessdksample/VisionChatActivity.kt:1423:30 This declaration overrides deprecated member but not marked as deprecated itself. Please add @Deprecated annotation or suppress. See https://youtrack.jetbrains.com/issue/KT-47902 for details
w: file:///D:/ASELEA%20Work/IMI%20Final%20Git%20pull%20app/IMI-GLASS-APP/app/src/main/java/com/sdk/glassessdksample/VisionChatActivity.kt:1783:62 'getColor(Int): Int' is deprecated. Deprecated in Java
w: file:///D:/ASELEA%20Work/IMI%20Final%20Git%20pull%20app/IMI-GLASS-APP/app/src/main/java/com/sdk/glassessdksample/VisionChatActivity.kt:1789:62 'getColor(Int): Int' is deprecated. Deprecated in Java
w: file:///D:/ASELEA%20Work/IMI%20Final%20Git%20pull%20app/IMI-GLASS-APP/app/src/main/java/com/sdk/glassessdksample/VisionChatActivity.kt:1991:89 Parameter 'error' is never used, could be renamed to _
w: file:///D:/ASELEA%20Work/IMI%20Final%20Git%20pull%20app/IMI-GLASS-APP/app/src/main/java/com/sdk/glassessdksample/VisionChatActivity.kt:2505:32 'getter for connectionInfo: WifiInfo!' is deprecated. Deprecated in Java
w: file:///D:/ASELEA%20Work/IMI%20Final%20Git%20pull%20app/IMI-GLASS-APP/app/src/main/java/com/sdk/glassessdksample/VisionChatActivity.kt:2568:47 'startScan(): Boolean' is deprecated. Deprecated in Java
w: file:///D:/ASELEA%20Work/IMI%20Final%20Git%20pull%20app/IMI-GLASS-APP/app/src/main/java/com/sdk/glassessdksample/VisionChatActivity.kt:2582:46 'SSID: String!' is deprecated. Deprecated in Java
w: file:///D:/ASELEA%20Work/IMI%20Final%20Git%20pull%20app/IMI-GLASS-APP/app/src/main/java/com/sdk/glassessdksample/VisionChatActivity.kt:2586:39 'SSID: String!' is deprecated. Deprecated in Java
w: file:///D:/ASELEA%20Work/IMI%20Final%20Git%20pull%20app/IMI-GLASS-APP/app/src/main/java/com/sdk/glassessdksample/VisionChatActivity.kt:2597:71 'SSID: String!' is deprecated. Deprecated in Java
w: file:///D:/ASELEA%20Work/IMI%20Final%20Git%20pull%20app/IMI-GLASS-APP/app/src/main/java/com/sdk/glassessdksample/VisionChatActivity.kt:2603:63 'SSID: String!' is deprecated. Deprecated in Java
w: file:///D:/ASELEA%20Work/IMI%20Final%20Git%20pull%20app/IMI-GLASS-APP/app/src/main/java/com/sdk/glassessdksample/VisionChatActivity.kt:2632:36 'getter for connectionInfo: WifiInfo!' is deprecated. Deprecated in Java
w: file:///D:/ASELEA%20Work/IMI%20Final%20Git%20pull%20app/IMI-GLASS-APP/app/src/main/java/com/sdk/glassessdksample/VisionChatActivity.kt:2640:33 'disconnect(): Boolean' is deprecated. Deprecated in Java
w: file:///D:/ASELEA%20Work/IMI%20Final%20Git%20pull%20app/IMI-GLASS-APP/app/src/main/java/com/sdk/glassessdksample/ui/ActivityExt.kt:76:5 'startActivityForResult(Intent!, Int): Unit' is deprecated. Deprecated in Java
w: file:///D:/ASELEA%20Work/IMI%20Final%20Git%20pull%20app/IMI-GLASS-APP/app/src/main/java/com/sdk/glassessdksample/ui/BluetoothReceiver.kt:89:28 'getParcelableExtra(String!): T?' is deprecated. Deprecated in Java
w: file:///D:/ASELEA%20Work/IMI%20Final%20Git%20pull%20app/IMI-GLASS-APP/app/src/main/java/com/sdk/glassessdksample/ui/ChatActivity.kt:371:19 'onBackPressed(): Unit' is deprecated. Deprecated in Java
w: file:///D:/ASELEA%20Work/IMI%20Final%20Git%20pull%20app/IMI-GLASS-APP/app/src/main/java/com/sdk/glassessdksample/ui/DeviceBindActivity.kt:59:84 'getDefaultAdapter(): BluetoothAdapter!' is deprecated. Deprecated in Java
w: file:///D:/ASELEA%20Work/IMI%20Final%20Git%20pull%20app/IMI-GLASS-APP/app/src/main/java/com/sdk/glassessdksample/ui/DeviceBindActivity.kt:81:37 'getParcelableExtra(String!): T?' is deprecated. Deprecated in Java
w: file:///D:/ASELEA%20Work/IMI%20Final%20Git%20pull%20app/IMI-GLASS-APP/app/src/main/java/com/sdk/glassessdksample/ui/DeviceBindActivity.kt:97:37 'getParcelableExtra(String!): T?' is deprecated. Deprecated in Java
w: file:///D:/ASELEA%20Work/IMI%20Final%20Git%20pull%20app/IMI-GLASS-APP/app/src/main/java/com/sdk/glassessdksample/ui/DeviceBindActivity.kt:163:13 'startBluetoothSco(): Unit' is deprecated. Deprecated in Java
w: file:///D:/ASELEA%20Work/IMI%20Final%20Git%20pull%20app/IMI-GLASS-APP/app/src/main/java/com/sdk/glassessdksample/ui/DeviceBindActivity.kt:302:46 'getDefaultAdapter(): BluetoothAdapter!' is deprecated. Deprecated in Java
w: file:///D:/ASELEA%20Work/IMI%20Final%20Git%20pull%20app/IMI-GLASS-APP/app/src/main/java/com/sdk/glassessdksample/ui/DeviceBindActivity.kt:328:26 'getDefaultAdapter(): BluetoothAdapter!' is deprecated. Deprecated in Java
w: file:///D:/ASELEA%20Work/IMI%20Final%20Git%20pull%20app/IMI-GLASS-APP/app/src/main/java/com/sdk/glassessdksample/ui/DeviceBindActivity.kt:423:66 'getDefaultAdapter(): BluetoothAdapter!' is deprecated. Deprecated in Java
w: file:///D:/ASELEA%20Work/IMI%20Final%20Git%20pull%20app/IMI-GLASS-APP/app/src/main/java/com/sdk/glassessdksample/ui/DeviceBindActivity.kt:506:46 'getDefaultAdapter(): BluetoothAdapter!' is deprecated. Deprecated in Java
w: file:///D:/ASELEA%20Work/IMI%20Final%20Git%20pull%20app/IMI-GLASS-APP/app/src/main/java/com/sdk/glassessdksample/ui/GeminiLiveApiClient.kt:33:13 Variable 'cleanHistory' is never used
w: file:///D:/ASELEA%20Work/IMI%20Final%20Git%20pull%20app/IMI-GLASS-APP/app/src/main/java/com/sdk/glassessdksample/ui/GeminiLiveApiClient.kt:161:64 No cast needed
w: file:///D:/ASELEA%20Work/IMI%20Final%20Git%20pull%20app/IMI-GLASS-APP/app/src/main/java/com/sdk/glassessdksample/ui/GeminiLiveService.kt:446:39 'getter for isBluetoothScoOn: Boolean' is deprecated. Deprecated in Java
w: file:///D:/ASELEA%20Work/IMI%20Final%20Git%20pull%20app/IMI-GLASS-APP/app/src/main/java/com/sdk/glassessdksample/ui/GeminiLiveService.kt:455:27 'startBluetoothSco(): Unit' is deprecated. Deprecated in Java
w: file:///D:/ASELEA%20Work/IMI%20Final%20Git%20pull%20app/IMI-GLASS-APP/app/src/main/java/com/sdk/glassessdksample/ui/HotHelper.kt:183:17 'getter for isBluetoothScoOn: Boolean' is deprecated. Deprecated in Java
w: file:///D:/ASELEA%20Work/IMI%20Final%20Git%20pull%20app/IMI-GLASS-APP/app/src/main/java/com/sdk/glassessdksample/ui/HotHelper.kt:190:40 'getDefaultAdapter(): BluetoothAdapter!' is deprecated. Deprecated in Java
w: file:///D:/ASELEA%20Work/IMI%20Final%20Git%20pull%20app/IMI-GLASS-APP/app/src/main/java/com/sdk/glassessdksample/ui/HotHelper.kt:207:17 'startBluetoothSco(): Unit' is deprecated. Deprecated in Java
w: file:///D:/ASELEA%20Work/IMI%20Final%20Git%20pull%20app/IMI-GLASS-APP/app/src/main/java/com/sdk/glassessdksample/ui/MyApplication.kt:33:59 Unnecessary safe call on a non-null receiver of type Array<(out) StackTraceElement!>!
w: file:///D:/ASELEA%20Work/IMI%20Final%20Git%20pull%20app/IMI-GLASS-APP/app/src/main/java/com/sdk/glassessdksample/ui/ScoConnectionHelper.kt:53:16 'getter for isBluetoothScoOn: Boolean' is deprecated. Deprecated in Java
w: file:///D:/ASELEA%20Work/IMI%20Final%20Git%20pull%20app/IMI-GLASS-APP/app/src/main/java/com/sdk/glassessdksample/ui/ScoConnectionHelper.kt:139:16 'startBluetoothSco(): Unit' is deprecated. Deprecated in Java
w: file:///D:/ASELEA%20Work/IMI%20Final%20Git%20pull%20app/IMI-GLASS-APP/app/src/main/java/com/sdk/glassessdksample/ui/ScoConnectionHelper.kt:213:20 'getter for isBluetoothScoOn: Boolean' is deprecated. Deprecated in Java
w: file:///D:/ASELEA%20Work/IMI%20Final%20Git%20pull%20app/IMI-GLASS-APP/app/src/main/java/com/sdk/glassessdksample/ui/ScoConnectionHelper.kt:214:20 'stopBluetoothSco(): Unit' is deprecated. Deprecated in Java
w: file:///D:/ASELEA%20Work/IMI%20Final%20Git%20pull%20app/IMI-GLASS-APP/app/src/main/java/com/sdk/glassessdksample/ui/ScoConnectionHelper.kt:236:49 'getDefaultAdapter(): BluetoothAdapter!' is deprecated. Deprecated in Java
w: file:///D:/ASELEA%20Work/IMI%20Final%20Git%20pull%20app/IMI-GLASS-APP/app/src/main/java/com/sdk/glassessdksample/ui/ScoConnectionHelper.kt:255:40 'getDefaultAdapter(): BluetoothAdapter!' is deprecated. Deprecated in Java
w: file:///D:/ASELEA%20Work/IMI%20Final%20Git%20pull%20app/IMI-GLASS-APP/app/src/main/java/com/sdk/glassessdksample/ui/ScoConnectionHelper.kt:277:30 'getter for isBluetoothScoOn: Boolean' is deprecated. Deprecated in Java
w: file:///D:/ASELEA%20Work/IMI%20Final%20Git%20pull%20app/IMI-GLASS-APP/app/src/main/java/com/sdk/glassessdksample/ui/gallery/GlassMediaGalleryActivity.kt:430:40 'getter for connectionInfo: WifiInfo!' is deprecated. Deprecated in Java
w: file:///D:/ASELEA%20Work/IMI%20Final%20Git%20pull%20app/IMI-GLASS-APP/app/src/main/java/com/sdk/glassessdksample/ui/gallery/GlassMediaGalleryActivity.kt:443:36 'getter for connectionInfo: WifiInfo!' is deprecated. Deprecated in Java
w: file:///D:/ASELEA%20Work/IMI%20Final%20Git%20pull%20app/IMI-GLASS-APP/app/src/main/java/com/sdk/glassessdksample/ui/gallery/GlassMediaGalleryActivity.kt:1291:67 'createVideoThumbnail(String, Int): Bitmap?' is deprecated. Deprecated in Java
w: file:///D:/ASELEA%20Work/IMI%20Final%20Git%20pull%20app/IMI-GLASS-APP/app/src/main/java/com/sdk/glassessdksample/ui/gallery/GlassMediaGalleryActivity.kt:1293:64 'Thumbnails' is deprecated. Deprecated in Java
w: file:///D:/ASELEA%20Work/IMI%20Final%20Git%20pull%20app/IMI-GLASS-APP/app/src/main/java/com/sdk/glassessdksample/ui/gallery/GlassMediaGalleryActivity.kt:1293:75 'MINI_KIND: Int' is deprecated. Deprecated in Java
w: file:///D:/ASELEA%20Work/IMI%20Final%20Git%20pull%20app/IMI-GLASS-APP/app/src/main/java/com/sdk/glassessdksample/ui/gallery/ImageViewerActivity.kt:57:26 'setter for systemUiVisibility: Int' is deprecated. Deprecated in Java
w: file:///D:/ASELEA%20Work/IMI%20Final%20Git%20pull%20app/IMI-GLASS-APP/app/src/main/java/com/sdk/glassessdksample/ui/gallery/ImageViewerActivity.kt:58:18 'SYSTEM_UI_FLAG_LAYOUT_STABLE: Int' is deprecated. Deprecated in Java
w: file:///D:/ASELEA%20Work/IMI%20Final%20Git%20pull%20app/IMI-GLASS-APP/app/src/main/java/com/sdk/glassessdksample/ui/gallery/ImageViewerActivity.kt:59:21 'SYSTEM_UI_FLAG_LAYOUT_FULLSCREEN: Int' is deprecated. Deprecated in Java
w: file:///D:/ASELEA%20Work/IMI%20Final%20Git%20pull%20app/IMI-GLASS-APP/app/src/main/java/com/sdk/glassessdksample/ui/gallery/ImageViewerActivity.kt:60:21 'SYSTEM_UI_FLAG_FULLSCREEN: Int' is deprecated. Deprecated in Java
w: file:///D:/ASELEA%20Work/IMI%20Final%20Git%20pull%20app/IMI-GLASS-APP/app/src/main/java/com/sdk/glassessdksample/ui/gallery/ImageViewerActivity.kt:61:21 'SYSTEM_UI_FLAG_IMMERSIVE_STICKY: Int' is deprecated. Deprecated in Java
w: file:///D:/ASELEA%20Work/IMI%20Final%20Git%20pull%20app/IMI-GLASS-APP/app/src/main/java/com/sdk/glassessdksample/ui/gallery/ImageViewerActivity.kt:72:13 Variable 'imageName' is never used
w: file:///D:/ASELEA%20Work/IMI%20Final%20Git%20pull%20app/IMI-GLASS-APP/app/src/main/java/com/sdk/glassessdksample/ui/gallery/ImageViewerActivity.kt:281:15 'onBackPressed(): Unit' is deprecated. Deprecated in Java
w: file:///D:/ASELEA%20Work/IMI%20Final%20Git%20pull%20app/IMI-GLASS-APP/app/src/main/java/com/sdk/glassessdksample/ui/gallery/VideoPlayerActivity.kt:52:26 'setter for systemUiVisibility: Int' is deprecated. Deprecated in Java
w: file:///D:/ASELEA%20Work/IMI%20Final%20Git%20pull%20app/IMI-GLASS-APP/app/src/main/java/com/sdk/glassessdksample/ui/gallery/VideoPlayerActivity.kt:53:18 'SYSTEM_UI_FLAG_LAYOUT_STABLE: Int' is deprecated. Deprecated in Java
w: file:///D:/ASELEA%20Work/IMI%20Final%20Git%20pull%20app/IMI-GLASS-APP/app/src/main/java/com/sdk/glassessdksample/ui/gallery/VideoPlayerActivity.kt:54:21 'SYSTEM_UI_FLAG_LAYOUT_FULLSCREEN: Int' is deprecated. Deprecated in Java
w: file:///D:/ASELEA%20Work/IMI%20Final%20Git%20pull%20app/IMI-GLASS-APP/app/src/main/java/com/sdk/glassessdksample/ui/gallery/VideoPlayerActivity.kt:55:21 'SYSTEM_UI_FLAG_FULLSCREEN: Int' is deprecated. Deprecated in Java
w: file:///D:/ASELEA%20Work/IMI%20Final%20Git%20pull%20app/IMI-GLASS-APP/app/src/main/java/com/sdk/glassessdksample/ui/gallery/VideoPlayerActivity.kt:56:21 'SYSTEM_UI_FLAG_IMMERSIVE_STICKY: Int' is deprecated. Deprecated in Java
w: file:///D:/ASELEA%20Work/IMI%20Final%20Git%20pull%20app/IMI-GLASS-APP/app/src/main/java/com/sdk/glassessdksample/ui/gallery/VideoPlayerActivity.kt:67:13 Variable 'videoName' is never used
w: file:///D:/ASELEA%20Work/IMI%20Final%20Git%20pull%20app/IMI-GLASS-APP/app/src/main/java/com/sdk/glassessdksample/ui/gallery/VideoPlayerActivity.kt:274:15 'onBackPressed(): Unit' is deprecated. Deprecated in Java
w: file:///D:/ASELEA%20Work/IMI%20Final%20Git%20pull%20app/IMI-GLASS-APP/app/src/main/java/com/sdk/glassessdksample/ui/wifi/GlassMediaTransfer.kt:118:81 Parameter 'error' is never used, could be renamed to _
w: file:///D:/ASELEA%20Work/IMI%20Final%20Git%20pull%20app/IMI-GLASS-APP/app/src/main/java/com/sdk/glassessdksample/ui/wifi/GlassMediaTransfer.kt:162:79 Parameter 'code' is never used, could be renamed to _
w: file:///D:/ASELEA%20Work/IMI%20Final%20Git%20pull%20app/IMI-GLASS-APP/app/src/main/java/com/sdk/glassessdksample/ui/wifi/GlassMediaTransfer.kt:181:84 Parameter 'error' is never used, could be renamed to _
w: file:///D:/ASELEA%20Work/IMI%20Final%20Git%20pull%20app/IMI-GLASS-APP/app/src/main/java/com/sdk/glassessdksample/ui/wifi/GlassMediaTransfer.kt:289:40 'getter for connectionInfo: WifiInfo!' is deprecated. Deprecated in Java
w: file:///D:/ASELEA%20Work/IMI%20Final%20Git%20pull%20app/IMI-GLASS-APP/app/src/main/java/com/sdk/glassessdksample/ui/wifi/GlassMediaTransfer.kt:295:38 'getter for ipAddress: Int' is deprecated. Deprecated in Java
w: file:///D:/ASELEA%20Work/IMI%20Final%20Git%20pull%20app/IMI-GLASS-APP/app/src/main/java/com/sdk/glassessdksample/ui/wifi/WifiP2pHelper.kt:9:20 'NetworkInfo' is deprecated. Deprecated in Java
w: file:///D:/ASELEA%20Work/IMI%20Final%20Git%20pull%20app/IMI-GLASS-APP/app/src/main/java/com/sdk/glassessdksample/ui/wifi/WifiP2pHelper.kt:159:82 'NetworkInfo' is deprecated. Deprecated in Java
w: file:///D:/ASELEA%20Work/IMI%20Final%20Git%20pull%20app/IMI-GLASS-APP/app/src/main/java/com/sdk/glassessdksample/ui/wifi/WifiP2pHelper.kt:165:34 'getter for isConnected: Boolean' is deprecated. Deprecated in Java
w: file:///D:/ASELEA%20Work/IMI%20Final%20Git%20pull%20app/IMI-GLASS-APP/app/src/main/java/com/sdk/glassessdksample/ui/wifi/WifiP2pHelper.kt:349:55 Parameter 'device' is never used
w: file:///D:/ASELEA%20Work/IMI%20Final%20Git%20pull%20app/IMI-GLASS-APP/app/src/main/java/com/sdk/glassessdksample/ui/wifi/WifiP2pHelper.kt:403:23 There is more than one label with such a name in this scope
.\gradlew : e: Daemon compilation failed: null
At line:1 char:60
+ ... LASS-APP" ; .\gradlew compileDebugKotlin -no-daemon --max-workers=1 2 ...
+                 ~~~~~~~~~~~~~~~~~~~~~~~~~~~~~~~~~~~~~~~~~~~~~~~~~~~~~~~~~
    + CategoryInfo          : NotSpecified: (e: Daemon compilation failed: nul 
   l:String) [], RemoteException
    + FullyQualifiedErrorId : NativeCommandError
 
java.lang.Exception
	at org.jetbrains.kotlin.daemon.common.CompileService$CallResult$Error.get(Comp
ileService.kt:69)
	at org.jetbrains.kotlin.daemon.common.CompileService$CallResult$Error.get(Comp
ileService.kt:65)
	at org.jetbrains.kotlin.compilerRunner.GradleKotlinCompilerWork.compileWithDae
mon(GradleKotlinCompilerWork.kt:244)
	at org.jetbrains.kotlin.compilerRunner.GradleKotlinCompilerWork.compileWithDae
monOrFallbackImpl(GradleKotlinCompilerWork.kt:175)
	at org.jetbrains.kotlin.compilerRunner.GradleKotlinCompilerWork.run(GradleKotl
inCompilerWork.kt:135)
	at org.jetbrains.kotlin.compilerRunner.GradleCompilerRunnerWithWorkers$GradleK
otlinCompilerWorkAction.execute(GradleCompilerRunnerWithWorkers.kt:73)
	at org.gradle.workers.internal.DefaultWorkerServer.execute(DefaultWorkerServer
.java:63)
	at org.gradle.workers.internal.NoIsolationWorkerFactory$1$1.create(NoIsolation
WorkerFactory.java:66)
	at org.gradle.workers.internal.NoIsolationWorkerFactory$1$1.create(NoIsolation
WorkerFactory.java:62)
	at org.gradle.internal.classloader.ClassLoaderUtils.executeInClassloader(Class
LoaderUtils.java:100)
	at org.gradle.workers.internal.NoIsolationWorkerFactory$1.lambda$execute$0(NoI
solationWorkerFactory.java:62)
	at org.gradle.workers.internal.AbstractWorker$1.call(AbstractWorker.java:44)
	at org.gradle.workers.internal.AbstractWorker$1.call(AbstractWorker.java:41)
	at org.gradle.internal.operations.DefaultBuildOperationRunner$CallableBuildOpe
rationWorker.execute(DefaultBuildOperationRunner.java:209)
	at org.gradle.internal.operations.DefaultBuildOperationRunner$CallableBuildOpe
rationWorker.execute(DefaultBuildOperationRunner.java:204)
	at org.gradle.internal.operations.DefaultBuildOperationRunner$2.execute(Defaul
tBuildOperationRunner.java:66)
	at org.gradle.internal.operations.DefaultBuildOperationRunner$2.execute(Defaul
tBuildOperationRunner.java:59)
	at org.gradle.internal.operations.DefaultBuildOperationRunner.execute(DefaultB
uildOperationRunner.java:166)
	at org.gradle.internal.operations.DefaultBuildOperationRunner.execute(DefaultB
uildOperationRunner.java:59)
	at org.gradle.internal.operations.DefaultBuildOperationRunner.call(DefaultBuil
dOperationRunner.java:53)
	at org.gradle.workers.internal.AbstractWorker.executeWrappedInBuildOperation(A
bstractWorker.java:41)
	at org.gradle.workers.internal.NoIsolationWorkerFactory$1.execute(NoIsolationW
orkerFactory.java:59)
	at org.gradle.workers.internal.DefaultWorkerExecutor.lambda$submitWork$0(Defau
ltWorkerExecutor.java:174)
	at java.base/java.util.concurrent.FutureTask.run(FutureTask.java:264)
	at org.gradle.internal.work.DefaultConditionalExecutionQueue$ExecutionRunner.r
unExecution(DefaultConditionalExecutionQueue.java:194)
	at org.gradle.internal.work.DefaultConditionalExecutionQueue$ExecutionRunner.a
ccess$700(DefaultConditionalExecutionQueue.java:127)
	at org.gradle.internal.work.DefaultConditionalExecutionQueue$ExecutionRunner$1
.run(DefaultConditionalExecutionQueue.java:169)
	at org.gradle.internal.Factories$1.create(Factories.java:31)
	at org.gradle.internal.work.DefaultWorkerLeaseService.withLocks(DefaultWorkerL
easeService.java:263)
	at org.gradle.internal.work.DefaultWorkerLeaseService.runAsWorkerThread(Defaul
tWorkerLeaseService.java:127)
	at org.gradle.internal.work.DefaultWorkerLeaseService.runAsWorkerThread(Defaul
tWorkerLeaseService.java:132)
	at org.gradle.internal.work.DefaultConditionalExecutionQueue$ExecutionRunner.r
unBatch(DefaultConditionalExecutionQueue.java:164)
	at org.gradle.internal.work.DefaultConditionalExecutionQueue$ExecutionRunner.r
un(DefaultConditionalExecutionQueue.java:133)
	at java.base/java.util.concurrent.Executors$RunnableAdapter.call(Executors.jav
a:539)
	at java.base/java.util.concurrent.FutureTask.run(FutureTask.java:264)
	at org.gradle.internal.concurrent.ExecutorPolicy$CatchAndRecordFailures.onExec
ute(ExecutorPolicy.java:64)
	at org.gradle.internal.concurrent.AbstractManagedExecutor$1.run(AbstractManage
dExecutor.java:47)
	at java.base/java.util.concurrent.ThreadPoolExecutor.runWorker(ThreadPoolExecu
tor.java:1136)
	at java.base/java.util.concurrent.ThreadPoolExecutor$Worker.run(ThreadPoolExec
utor.java:635)
	at java.base/java.lang.Thread.run(Thread.java:840)
Caused by: java.nio.file.AccessDeniedException: D:\ASELEA Work\IMI Final Git 
pull app\IMI-GLASS-APP\app\build\kotlin\compileDebugKotlin\cacheable\dirty-sour
ces.txt
	at java.base/sun.nio.fs.WindowsException.translateToIOException(WindowsExcepti
on.java:89)
	at java.base/sun.nio.fs.WindowsException.rethrowAsIOException(WindowsException
.java:103)
	at java.base/sun.nio.fs.WindowsException.rethrowAsIOException(WindowsException
.java:108)
	at java.base/sun.nio.fs.WindowsFileSystemProvider.implDelete(WindowsFileSystem
Provider.java:275)
	at java.base/sun.nio.fs.AbstractFileSystemProvider.delete(AbstractFileSystemPr
ovider.java:105)
	at java.base/java.nio.file.Files.delete(Files.java:1152)
	at org.jetbrains.kotlin.incremental.NonRecoverableCompilationTransaction.delet
eFile(CompilationTransaction.kt:148)
	at org.jetbrains.kotlin.incremental.IncrementalCompilerRunner.doCompile(Increm
entalCompilerRunner.kt:510)
	at org.jetbrains.kotlin.incremental.IncrementalCompilerRunner.compileImpl(Incr
ementalCompilerRunner.kt:400)
	at org.jetbrains.kotlin.incremental.IncrementalCompilerRunner.compileNonIncrem
entally(IncrementalCompilerRunner.kt:281)
	at org.jetbrains.kotlin.incremental.IncrementalCompilerRunner.compile(Incremen
talCompilerRunner.kt:125)
	at org.jetbrains.kotlin.daemon.CompileServiceImplBase.execIncrementalCompiler(
CompileServiceImpl.kt:657)
	at org.jetbrains.kotlin.daemon.CompileServiceImplBase.access$execIncrementalCo
mpiler(CompileServiceImpl.kt:105)
	at org.jetbrains.kotlin.daemon.CompileServiceImpl.compile(CompileServiceImpl.k
t:1624)
	at java.base/jdk.internal.reflect.NativeMethodAccessorImpl.invoke0(Native 
Method)
	at java.base/jdk.internal.reflect.NativeMethodAccessorImpl.invoke(NativeMethod
AccessorImpl.java:77)
	at java.base/jdk.internal.reflect.DelegatingMethodAccessorImpl.invoke(Delegati
ngMethodAccessorImpl.java:43)
	at java.base/java.lang.reflect.Method.invoke(Method.java:569)
	at 
java.rmi/sun.rmi.server.UnicastServerRef.dispatch(UnicastServerRef.java:360)
	at java.rmi/sun.rmi.transport.Transport$1.run(Transport.java:200)
	at java.rmi/sun.rmi.transport.Transport$1.run(Transport.java:197)
	at java.base/java.security.AccessController.doPrivileged(AccessController.java
:712)
	at java.rmi/sun.rmi.transport.Transport.serviceCall(Transport.java:196)
	at java.rmi/sun.rmi.transport.tcp.TCPTransport.handleMessages(TCPTransport.jav
a:587)
	at java.rmi/sun.rmi.transport.tcp.TCPTransport$ConnectionHandler.run0(TCPTrans
port.java:828)
	at java.rmi/sun.rmi.transport.tcp.TCPTransport$ConnectionHandler.lambda$run$0(
TCPTransport.java:705)
	at java.base/java.security.AccessController.doPrivileged(AccessController.java
:399)
	at java.rmi/sun.rmi.transport.tcp.TCPTransport$ConnectionHandler.run(TCPTransp
ort.java:704)
Failed to compile with Kotlin daemon: java.lang.Exception
	at org.jetbrains.kotlin.daemon.common.CompileService$CallResult$Error.get(CompileService.kt:69)
	at org.jetbrains.kotlin.daemon.common.CompileService$CallResult$Error.get(CompileService.kt:65)
	at org.jetbrains.kotlin.compilerRunner.GradleKotlinCompilerWork.compileWithDaemon(GradleKotlinCompilerWork.kt:244)
	at org.jetbrains.kotlin.compilerRunner.GradleKotlinCompilerWork.compileWithDaemonOrFallbackImpl(GradleKotlinCompilerWork.kt:175)
	at org.jetbrains.kotlin.compilerRunner.GradleKotlinCompilerWork.run(GradleKotlinCompilerWork.kt:135)
	at org.jetbrains.kotlin.compilerRunner.GradleCompilerRunnerWithWorkers$GradleKotlinCompilerWorkAction.execute(GradleCompilerRunnerWithWorkers.kt:73)
	at org.gradle.workers.internal.DefaultWorkerServer.execute(DefaultWorkerServer.java:63)
	at org.gradle.workers.internal.NoIsolationWorkerFactory$1$1.create(NoIsolationWorkerFactory.java:66)
	at org.gradle.workers.internal.NoIsolationWorkerFactory$1$1.create(NoIsolationWorkerFactory.java:62)
	at org.gradle.internal.classloader.ClassLoaderUtils.executeInClassloader(ClassLoaderUtils.java:100)
	at org.gradle.workers.internal.NoIsolationWorkerFactory$1.lambda$execute$0(NoIsolationWorkerFactory.java:62)
	at org.gradle.workers.internal.AbstractWorker$1.call(AbstractWorker.java:44)
	at org.gradle.workers.internal.AbstractWorker$1.call(AbstractWorker.java:41)
	at org.gradle.internal.operations.DefaultBuildOperationRunner$CallableBuildOperationWorker.execute(DefaultBuildOperationRunner.java:209)
	at org.gradle.internal.operations.DefaultBuildOperationRunner$CallableBuildOperationWorker.execute(DefaultBuildOperationRunner.java:204)
	at org.gradle.internal.operations.DefaultBuildOperationRunner$2.execute(DefaultBuildOperationRunner.java:66)
	at org.gradle.internal.operations.DefaultBuildOperationRunner$2.execute(DefaultBuildOperationRunner.java:59)
	at org.gradle.internal.operations.DefaultBuildOperationRunner.execute(DefaultBuildOperationRunner.java:166)
	at org.gradle.internal.operations.DefaultBuildOperationRunner.execute(DefaultBuildOperationRunner.java:59)
	... 3 more

	at org.gradle.internal.operations.DefaultBuildOperationRunner.call(DefaultBuildOperationRunner.java:53)
	at org.gradle.workers.internal.AbstractWorker.executeWrappedInBuildOperation(AbstractWorker.java:41)
	at org.gradle.workers.internal.NoIsolationWorkerFactory$1.execute(NoIsolationWorkerFactory.java:59)
	at org.gradle.workers.internal.DefaultWorkerExecutor.lambda$submitWork$0(DefaultWorkerExecutor.java:174)
	at java.base/java.util.concurrent.FutureTask.run(FutureTask.java:264)
	at org.gradle.internal.work.DefaultConditionalExecutionQueue$ExecutionRunner.runExecution(DefaultConditionalExecutionQueue.java:194)
	at org.gradle.internal.work.DefaultConditionalExecutionQueue$ExecutionRunner.access$700(DefaultConditionalExecutionQueue.java:127)
	at org.gradle.internal.work.DefaultConditionalExecutionQueue$ExecutionRunner$1.run(DefaultConditionalExecutionQueue.java:169)
	at org.gradle.internal.Factories$1.create(Factories.java:31)
	at org.gradle.internal.work.DefaultWorkerLeaseService.withLocks(DefaultWorkerLeaseService.java:263)
	at org.gradle.internal.work.DefaultWorkerLeaseService.runAsWorkerThread(DefaultWorkerLeaseService.java:127)
	at org.gradle.internal.work.DefaultWorkerLeaseService.runAsWorkerThread(DefaultWorkerLeaseService.java:132)
	at org.gradle.internal.work.DefaultConditionalExecutionQueue$ExecutionRunner.runBatch(DefaultConditionalExecutionQueue.java:164)
	at org.gradle.internal.work.DefaultConditionalExecutionQueue$ExecutionRunner.run(DefaultConditionalExecutionQueue.java:133)
	at java.base/java.util.concurrent.Executors$RunnableAdapter.call(Executors.java:539)
	at java.base/java.util.concurrent.FutureTask.run(FutureTask.java:264)
	at org.gradle.internal.concurrent.ExecutorPolicy$CatchAndRecordFailures.onExecute(ExecutorPolicy.java:64)
	at org.gradle.internal.concurrent.AbstractManagedExecutor$1.run(AbstractManagedExecutor.java:47)
	at java.base/java.util.concurrent.ThreadPoolExecutor.runWorker(ThreadPoolExecutor.java:1136)
	at java.base/java.util.concurrent.ThreadPoolExecutor$Worker.run(ThreadPoolExecutor.java:635)
	at java.base/java.lang.Thread.run(Thread.java:840)
Caused by: java.nio.file.AccessDeniedException: D:\ASELEA Work\IMI Final Git pull app\IMI-GLASS-APP\app\build\kotlin\compileDebugKotlin\cacheable\dirty-sources.txt
	at java.base/sun.nio.fs.WindowsException.translateToIOException(WindowsException.java:89)
	at java.base/sun.nio.fs.WindowsException.rethrowAsIOException(WindowsException.java:103)
	at java.base/sun.nio.fs.WindowsException.rethrowAsIOException(WindowsException.java:108)
	at java.base/sun.nio.fs.WindowsFileSystemProvider.implDelete(WindowsFileSystemProvider.java:275)
	at java.base/sun.nio.fs.AbstractFileSystemProvider.delete(AbstractFileSystemProvider.java:105)
	at java.base/java.nio.file.Files.delete(Files.java:1152)
	at org.jetbrains.kotlin.incremental.NonRecoverableCompilationTransaction.deleteFile(CompilationTransaction.kt:148)
	at org.jetbrains.kotlin.incremental.IncrementalCompilerRunner.doCompile(IncrementalCompilerRunner.kt:510)
	at org.jetbrains.kotlin.incremental.IncrementalCompilerRunner.compileImpl(IncrementalCompilerRunner.kt:400)
	at org.jetbrains.kotlin.incremental.IncrementalCompilerRunner.compileNonIncrementally(IncrementalCompilerRunner.kt:281)
	at org.jetbrains.kotlin.incremental.IncrementalCompilerRunner.compile(IncrementalCompilerRunner.kt:125)
	at org.jetbrains.kotlin.daemon.CompileServiceImplBase.execIncrementalCompiler(CompileServiceImpl.kt:657)
	at org.jetbrains.kotlin.daemon.CompileServiceImplBase.access$execIncrementalCompiler(CompileServiceImpl.kt:105)
	at org.jetbrains.kotlin.daemon.CompileServiceImpl.compile(CompileServiceImpl.kt:1624)
	at java.base/jdk.internal.reflect.NativeMethodAccessorImpl.invoke0(Native Method)
	at java.base/jdk.internal.reflect.NativeMethodAccessorImpl.invoke(NativeMethodAccessorImpl.java:77)
	at java.base/jdk.internal.reflect.DelegatingMethodAccessorImpl.invoke(DelegatingMethodAccessorImpl.java:43)
	at java.base/java.lang.reflect.Method.invoke(Method.java:569)
	at java.rmi/sun.rmi.server.UnicastServerRef.dispatch(UnicastServerRef.java:360)
	at java.rmi/sun.rmi.transport.Transport$1.run(Transport.java:200)
	at java.rmi/sun.rmi.transport.Transport$1.run(Transport.java:197)
	at java.base/java.security.AccessController.doPrivileged(AccessController.java:712)
	at java.rmi/sun.rmi.transport.Transport.serviceCall(Transport.java:196)
	at java.rmi/sun.rmi.transport.tcp.TCPTransport.handleMessages(TCPTransport.java:587)
	at java.rmi/sun.rmi.transport.tcp.TCPTransport$ConnectionHandler.run0(TCPTransport.java:828)
	at java.rmi/sun.rmi.transport.tcp.TCPTransport$ConnectionHandler.lambda$run$0(TCPTransport.java:705)
	at java.base/java.security.AccessController.doPrivileged(AccessController.java:399)
	at java.rmi/sun.rmi.transport.tcp.TCPTransport$ConnectionHandler.run(TCPTransport.java:704)
	... 3 more
Using fallback strategy: Compile without Kotlin daemon
Try ./gradlew --stop if this issue persists.
exception: d:\ASELEA Work\IMI Final Git pull app\IMI-GLASS-APP\app\src\main\jav
a\com\sdk\glassessdksample\ContinuousVisionStreamManager.kt:84:25: warning: 
'onDataReceived(ByteArray): Unit' is deprecated. Use processCleanData instead
exception:                         onDataReceived(loadData)
exception:                         ^
exception: d:\ASELEA Work\IMI Final Git pull app\IMI-GLASS-APP\app\src\main\jav
a\com\sdk\glassessdksample\ContinuousVisionStreamManager.kt:215:29: warning: 
'onDataReceived(ByteArray): Unit' is deprecated. Use processCleanData instead
exception:                             onDataReceived(payload)
exception:                             ^
exception: d:\ASELEA Work\IMI Final Git pull app\IMI-GLASS-APP\app\src\main\jav
a\com\sdk\glassessdksample\ContinuousVisionStreamManager.kt:235:45: warning: 
'onDataReceived(ByteArray): Unit' is deprecated. Use processCleanData instead
exception:                                             onDataReceived(value)
exception:                                             ^
exception: d:\ASELEA Work\IMI Final Git pull app\IMI-GLASS-APP\app\src\main\jav
a\com\sdk\glassessdksample\ContinuousVisionStreamManager.kt:244:49: warning: 
'onDataReceived(ByteArray): Unit' is deprecated. Use processCleanData instead
exception:                                                 
onDataReceived(nested)
exception:                                                 ^
exception: d:\ASELEA Work\IMI Final Git pull app\IMI-GLASS-APP\app\src\main\jav
a\com\sdk\glassessdksample\ImageUploadService.kt:103:29: warning: 
'create(MediaType?, ByteArray, Int = ..., Int = ...): RequestBody' is 
deprecated. Moved to extension function. Put the 'content' argument first to 
fix Java
exception:                 
RequestBody.create("image/jpeg".toMediaTypeOrNull(), imageData)
exception:                             ^
exception: d:\ASELEA Work\IMI Final Git pull app\IMI-GLASS-APP\app\src\main\jav
a\com\sdk\glassessdksample\ListeningService.kt:41:13: warning: 
'stopForeground(Boolean): Unit' is deprecated. Deprecated in Java
exception:             stopForeground(true)
exception:             ^
exception: d:\ASELEA Work\IMI Final Git pull app\IMI-GLASS-APP\app\src\main\jav
a\com\sdk\glassessdksample\MainActivity.kt:205:13: warning: variable 
'uploadUrl' is never used
exception:         val uploadUrl = prefs.getString("image_upload_url", 
"http://10.0.2.2:8080/upload") ?: "http://10.0.2.2:8080/upload"
exception:             ^
exception: d:\ASELEA Work\IMI Final Git pull app\IMI-GLASS-APP\app\src\main\jav
a\com\sdk\glassessdksample\MainActivity.kt:569:40: warning: 'getter for 
isBluetoothScoOn: Boolean' is deprecated. Deprecated in Java
exception:                                 if (am.isBluetoothScoOn) {
exception:                                        ^
exception: d:\ASELEA Work\IMI Final Git pull app\IMI-GLASS-APP\app\src\main\jav
a\com\sdk\glassessdksample\MainActivity.kt:570:40: warning: 
'stopBluetoothSco(): Unit' is deprecated. Deprecated in Java
exception:                                     am.stopBluetoothSco()
exception:                                        ^
exception: d:\ASELEA Work\IMI Final Git pull app\IMI-GLASS-APP\app\src\main\jav
a\com\sdk\glassessdksample\MainActivity.kt:577:43: warning: 
'abandonAudioFocus(AudioManager.OnAudioFocusChangeListener!): Int' is 
deprecated. Deprecated in Java
exception:                             
audioManager?.abandonAudioFocus(audioFocusListener)
exception:                                           ^
exception: d:\ASELEA Work\IMI Final Git pull app\IMI-GLASS-APP\app\src\main\jav
a\com\sdk\glassessdksample\MainActivity.kt:602:30: warning: this declaration 
overrides deprecated member but not marked as deprecated itself. Please add 
@Deprecated annotation or suppress. See 
https://youtrack.jetbrains.com/issue/KT-47902 for details
exception:                 override fun onError(utteranceId: String?) {
exception:                              ^
exception: d:\ASELEA Work\IMI Final Git pull app\IMI-GLASS-APP\app\src\main\jav
a\com\sdk\glassessdksample\MainActivity.kt:716:27: warning: 
'requestAudioFocus(AudioManager.OnAudioFocusChangeListener!, Int, Int): Int' 
is deprecated. Deprecated in Java
exception:             audioManager?.requestAudioFocus(audioFocusListener, 
AudioManager.STREAM_MUSIC, AudioManager.AUDIOFOCUS_GAIN_TRANSIENT)
exception:                           ^
exception: d:\ASELEA Work\IMI Final Git pull app\IMI-GLASS-APP\app\src\main\jav
a\com\sdk\glassessdksample\MainActivity.kt:753:24: warning: 
'requestAudioFocus(AudioManager.OnAudioFocusChangeListener!, Int, Int): Int' 
is deprecated. Deprecated in Java
exception:                     am.requestAudioFocus(audioFocusListener, 
AudioManager.STREAM_VOICE_CALL, AudioManager.AUDIOFOCUS_GAIN_TRANSIENT)
exception:                        ^
exception: d:\ASELEA Work\IMI Final Git pull app\IMI-GLASS-APP\app\src\main\jav
a\com\sdk\glassessdksample\MainActivity.kt:757:31: warning: 'getter for 
isBluetoothScoOn: Boolean' is deprecated. Deprecated in Java
exception:                 try { if (!am.isBluetoothScoOn) { 
am.setBluetoothScoOn(true) } } catch (_: Exception) {}
exception:                               ^
exception: d:\ASELEA Work\IMI Final Git pull app\IMI-GLASS-APP\app\src\main\jav
a\com\sdk\glassessdksample\MainActivity.kt:758:26: warning: 
'startBluetoothSco(): Unit' is deprecated. Deprecated in Java
exception:                 try { am.startBluetoothSco() } catch (_: Exception) 
{}
exception:                          ^
exception: d:\ASELEA Work\IMI Final Git pull app\IMI-GLASS-APP\app\src\main\jav
a\com\sdk\glassessdksample\MainActivity.kt:765:55: warning: 'getter for 
isBluetoothScoOn: Boolean' is deprecated. Deprecated in Java
exception:                 while (waited < 700 && 
(audioManager?.isBluetoothScoOn != true)) {
exception:                                                       ^
exception: d:\ASELEA Work\IMI Final Git pull app\IMI-GLASS-APP\app\src\main\jav
a\com\sdk\glassessdksample\MainActivity.kt:788:29: warning: 'getter for 
isBluetoothScoOn: Boolean' is deprecated. Deprecated in Java
exception:                     if (!am.isBluetoothScoOn) {
exception:                             ^
exception: d:\ASELEA Work\IMI Final Git pull app\IMI-GLASS-APP\app\src\main\jav
a\com\sdk\glassessdksample\MainActivity.kt:793:34: warning: 
'requestAudioFocus(AudioManager.OnAudioFocusChangeListener!, Int, Int): Int' 
is deprecated. Deprecated in Java
exception:                         try { 
am.requestAudioFocus(audioFocusListener, AudioManager.STREAM_VOICE_CALL, 
AudioManager.AUDIOFOCUS_GAIN_TRANSIENT) } catch (_: Exception) {}
exception:                                  ^
exception: d:\ASELEA Work\IMI Final Git pull app\IMI-GLASS-APP\app\src\main\jav
a\com\sdk\glassessdksample\MainActivity.kt:794:34: warning: 
'startBluetoothSco(): Unit' is deprecated. Deprecated in Java
exception:                         try { am.startBluetoothSco() } catch (_: 
Exception) {}
exception:                                  ^
exception: d:\ASELEA Work\IMI Final Git pull app\IMI-GLASS-APP\app\src\main\jav
a\com\sdk\glassessdksample\MainActivity.kt:1163:20: warning: 
'requestAudioFocus(AudioManager.OnAudioFocusChangeListener!, Int, Int): Int' 
is deprecated. Deprecated in Java
exception:                 am.requestAudioFocus(
exception:                    ^
exception: d:\ASELEA Work\IMI Final Git pull app\IMI-GLASS-APP\app\src\main\jav
a\com\sdk\glassessdksample\MainActivity.kt:1170:24: warning: 
'startBluetoothSco(): Unit' is deprecated. Deprecated in Java
exception:                     am.startBluetoothSco()
exception:                        ^
exception: d:\ASELEA Work\IMI Final Git pull app\IMI-GLASS-APP\app\src\main\jav
a\com\sdk\glassessdksample\MainActivity.kt:1201:39: warning: 'getter for 
isBluetoothScoOn: Boolean' is deprecated. Deprecated in Java
exception:         val scoActive = audioManager?.isBluetoothScoOn == true
exception:                                       ^
exception: d:\ASELEA Work\IMI Final Git pull app\IMI-GLASS-APP\app\src\main\jav
a\com\sdk\glassessdksample\MainActivity.kt:1245:47: warning: 'getter for 
isBluetoothScoOn: Boolean' is deprecated. Deprecated in Java
exception:                 val currentOn = audioManager?.isBluetoothScoOn == 
true
exception:                                               ^
exception: d:\ASELEA Work\IMI Final Git pull app\IMI-GLASS-APP\app\src\main\jav
a\com\sdk\glassessdksample\MainActivity.kt:1270:20: warning: 
'requestAudioFocus(AudioManager.OnAudioFocusChangeListener!, Int, Int): Int' 
is deprecated. Deprecated in Java
exception:                 am.requestAudioFocus(audioFocusListener, 
AudioManager.STREAM_VOICE_CALL, AudioManager.AUDIOFOCUS_GAIN_TRANSIENT)
exception:                    ^
exception: d:\ASELEA Work\IMI Final Git pull app\IMI-GLASS-APP\app\src\main\jav
a\com\sdk\glassessdksample\MainActivity.kt:1278:24: warning: 
'startBluetoothSco(): Unit' is deprecated. Deprecated in Java
exception:                     am.startBluetoothSco()
exception:                        ^
exception: d:\ASELEA Work\IMI Final Git pull app\IMI-GLASS-APP\app\src\main\jav
a\com\sdk\glassessdksample\MainActivity.kt:1288:24: warning: 'getter for 
isBluetoothScoOn: Boolean' is deprecated. Deprecated in Java
exception:                 if (am.isBluetoothScoOn) return true
exception:                        ^
exception: d:\ASELEA Work\IMI Final Git pull app\IMI-GLASS-APP\app\src\main\jav
a\com\sdk\glassessdksample\MainActivity.kt:1291:23: warning: 'getter for 
isBluetoothScoOn: Boolean' is deprecated. Deprecated in Java
exception:             return am.isBluetoothScoOn
exception:                       ^
exception: d:\ASELEA Work\IMI Final Git pull app\IMI-GLASS-APP\app\src\main\jav
a\com\sdk\glassessdksample\MainActivity.kt:1369:26: warning: 
'requestAudioFocus(AudioManager.OnAudioFocusChangeListener!, Int, Int): Int' 
is deprecated. Deprecated in Java
exception:                 try { am.requestAudioFocus(audioFocusListener, 
AudioManager.STREAM_VOICE_CALL, AudioManager.AUDIOFOCUS_GAIN_TRANSIENT) } 
catch (_: Exception) {}
exception:                          ^
exception: d:\ASELEA Work\IMI Final Git pull app\IMI-GLASS-APP\app\src\main\jav
a\com\sdk\glassessdksample\MainActivity.kt:1625:41: warning: 
'abandonAudioFocus(AudioManager.OnAudioFocusChangeListener!): Int' is 
deprecated. Deprecated in Java
exception:                     try { 
audioManager?.abandonAudioFocus(audioFocusListener) } catch (_: Exception) {}
exception:                                         ^
exception: d:\ASELEA Work\IMI Final Git pull app\IMI-GLASS-APP\app\src\main\jav
a\com\sdk\glassessdksample\MainActivity.kt:1629:43: warning: 'getter for 
isBluetoothScoOn: Boolean' is deprecated. Deprecated in Java
exception:                         if (audioManager?.isBluetoothScoOn == true) 
{
exception:                                           ^
exception: d:\ASELEA Work\IMI Final Git pull app\IMI-GLASS-APP\app\src\main\jav
a\com\sdk\glassessdksample\MainActivity.kt:1630:43: warning: 
'stopBluetoothSco(): Unit' is deprecated. Deprecated in Java
exception:                             audioManager?.stopBluetoothSco()
exception:                                           ^
exception: d:\ASELEA Work\IMI Final Git pull app\IMI-GLASS-APP\app\src\main\jav
a\com\sdk\glassessdksample\MainActivity.kt:1656:148: warning: 'getter for 
isBluetoothScoOn: Boolean' is deprecated. Deprecated in Java
exception:                                 
Handler(Looper.getMainLooper()).postDelayed({ if (isInConversationMode && 
tts?.isSpeaking != true && audioManager?.isBluetoothScoOn != true) 
startListening() }, 300)
exception:                                                                     
                                                                               
^
exception: d:\ASELEA Work\IMI Final Git pull app\IMI-GLASS-APP\app\src\main\jav
a\com\sdk\glassessdksample\MainActivity.kt:1747:40: warning: 
'setAudioStreamType(Int): Unit' is deprecated. Deprecated in Java
exception:                                     
mp.setAudioStreamType(AudioManager.STREAM_MUSIC)
exception:                                        ^
exception: d:\ASELEA Work\IMI Final Git pull app\IMI-GLASS-APP\app\src\main\jav
a\com\sdk\glassessdksample\MainActivity.kt:1773:54: warning: 
'setAudioStreamType(Int): Unit' is deprecated. Deprecated in Java
exception:                                         try { 
player.setAudioStreamType(AudioManager.STREAM_MUSIC) } catch (_: Exception) {}
exception:                                                      ^
exception: d:\ASELEA Work\IMI Final Git pull app\IMI-GLASS-APP\app\src\main\jav
a\com\sdk\glassessdksample\MainActivity.kt:2712:13: warning: variable 
'lowerCmd' is never used
exception:         val lowerCmd = command.lowercase()
exception:             ^
exception: d:\ASELEA Work\IMI Final Git pull app\IMI-GLASS-APP\app\src\main\jav
a\com\sdk\glassessdksample\MainActivity.kt:3002:30: warning: parameter 'query' 
is never used
exception:     private fun getWorldNews(query: String) {
exception:                              ^
exception: d:\ASELEA Work\IMI Final Git pull app\IMI-GLASS-APP\app\src\main\jav
a\com\sdk\glassessdksample\MainActivity.kt:3448:29: warning: variable 
'weatherPrompt' is never used
exception:                         val weatherPrompt = """$verified\n\nNow 
create a concise 2-sentence spoken summary for the user based on this verified 
data. Keep it friendly and clear."""
exception:                             ^
exception: d:\ASELEA Work\IMI Final Git pull app\IMI-GLASS-APP\app\src\main\jav
a\com\sdk\glassessdksample\MainActivity.kt:3502:21: warning: variable 
'weatherPrompt' is never used
exception:                 val weatherPrompt = """$verified\n\nNow create a 
concise 2-sentence spoken summary for the user based on this verified data. 
Keep it friendly and clear."""
exception:                     ^
exception: d:\ASELEA Work\IMI Final Git pull app\IMI-GLASS-APP\app\src\main\jav
a\com\sdk\glassessdksample\MainActivity.kt:3936:33: warning: the corresponding 
parameter in the supertype 'WifiFilesDownloadListener' is named 'fileName'. 
This may cause problems when calling this function with named arguments.
exception:             override fun eisEnd(f: String, p: String) { 
saveToPublicGallery(File(p)) }
exception:                                 ^
exception: d:\ASELEA Work\IMI Final Git pull app\IMI-GLASS-APP\app\src\main\jav
a\com\sdk\glassessdksample\MainActivity.kt:3936:44: warning: the corresponding 
parameter in the supertype 'WifiFilesDownloadListener' is named 'filePath'. 
This may cause problems when calling this function with named arguments.
exception:             override fun eisEnd(f: String, p: String) { 
saveToPublicGallery(File(p)) }
exception:                                            ^
exception: d:\ASELEA Work\IMI Final Git pull app\IMI-GLASS-APP\app\src\main\jav
a\com\sdk\glassessdksample\MainActivity.kt:3937:35: warning: the corresponding 
parameter in the supertype 'WifiFilesDownloadListener' is named 'fileName'. 
This may cause problems when calling this function with named arguments.
exception:             override fun eisError(f: String, s: String, e: String) 
{}
exception:                                   ^
exception: d:\ASELEA Work\IMI Final Git pull app\IMI-GLASS-APP\app\src\main\jav
a\com\sdk\glassessdksample\MainActivity.kt:3937:46: warning: the corresponding 
parameter in the supertype 'WifiFilesDownloadListener' is named 'sourcePath'. 
This may cause problems when calling this function with named arguments.
exception:             override fun eisError(f: String, s: String, e: String) 
{}
exception:                                              ^
exception: d:\ASELEA Work\IMI Final Git pull app\IMI-GLASS-APP\app\src\main\jav
a\com\sdk\glassessdksample\MainActivity.kt:3937:57: warning: the corresponding 
parameter in the supertype 'WifiFilesDownloadListener' is named 'errorInfo'. 
This may cause problems when calling this function with named arguments.
exception:             override fun eisError(f: String, s: String, e: String) 
{}
exception:                                                         ^
exception: d:\ASELEA Work\IMI Final Git pull app\IMI-GLASS-APP\app\src\main\jav
a\com\sdk\glassessdksample\MainActivity.kt:3938:36: warning: the corresponding 
parameter in the supertype 'WifiFilesDownloadListener' is named 'index'. This 
may cause problems when calling this function with named arguments.
exception:             override fun fileCount(i: Int, t: Int) {}
exception:                                    ^
exception: d:\ASELEA Work\IMI Final Git pull app\IMI-GLASS-APP\app\src\main\jav
a\com\sdk\glassessdksample\MainActivity.kt:3938:44: warning: the corresponding 
parameter in the supertype 'WifiFilesDownloadListener' is named 'total'. This 
may cause problems when calling this function with named arguments.
exception:             override fun fileCount(i: Int, t: Int) {}
exception:                                            ^
exception: d:\ASELEA Work\IMI Final Git pull app\IMI-GLASS-APP\app\src\main\jav
a\com\sdk\glassessdksample\MainActivity.kt:3940:44: warning: the corresponding 
parameter in the supertype 'WifiFilesDownloadListener' is named 'fileType'. 
This may cause problems when calling this function with named arguments.
exception:             override fun fileDownloadError(t: Int, e: Int) {}
exception:                                            ^
exception: d:\ASELEA Work\IMI Final Git pull app\IMI-GLASS-APP\app\src\main\jav
a\com\sdk\glassessdksample\MainActivity.kt:3940:52: warning: the corresponding 
parameter in the supertype 'WifiFilesDownloadListener' is named 'errorType'. 
This may cause problems when calling this function with named arguments.
exception:             override fun fileDownloadError(t: Int, e: Int) {}
exception:                                                    ^
exception: d:\ASELEA Work\IMI Final Git pull app\IMI-GLASS-APP\app\src\main\jav
a\com\sdk\glassessdksample\MainActivity.kt:3941:39: warning: the corresponding 
parameter in the supertype 'WifiFilesDownloadListener' is named 'fileName'. 
This may cause problems when calling this function with named arguments.
exception:             override fun fileProgress(n: String, p: Int) {}
exception:                                       ^
exception: d:\ASELEA Work\IMI Final Git pull app\IMI-GLASS-APP\app\src\main\jav
a\com\sdk\glassessdksample\MainActivity.kt:3941:50: warning: the corresponding 
parameter in the supertype 'WifiFilesDownloadListener' is named 'progress'. 
This may cause problems when calling this function with named arguments.
exception:             override fun fileProgress(n: String, p: Int) {}
exception:                                                  ^
exception: d:\ASELEA Work\IMI Final Git pull app\IMI-GLASS-APP\app\src\main\jav
a\com\sdk\glassessdksample\MainActivity.kt:3942:54: warning: the corresponding 
parameter in the supertype 'WifiFilesDownloadListener' is named 'entity'. This 
may cause problems when calling this function with named arguments.
exception:             override fun fileWasDownloadSuccessfully(e: 
GlassAlbumEntity) { saveToPublicGallery(File(storagePath, e.fileName)) }
exception:                                                      ^
exception: d:\ASELEA Work\IMI Final Git pull app\IMI-GLASS-APP\app\src\main\jav
a\com\sdk\glassessdksample\MainActivity.kt:3943:41: warning: the corresponding 
parameter in the supertype 'WifiFilesDownloadListener' is named 'fileName'. 
This may cause problems when calling this function with named arguments.
exception:             override fun recordingToPcm(f: String, p: String, d: 
Int) {}
exception:                                         ^
exception: d:\ASELEA Work\IMI Final Git pull app\IMI-GLASS-APP\app\src\main\jav
a\com\sdk\glassessdksample\MainActivity.kt:3943:52: warning: the corresponding 
parameter in the supertype 'WifiFilesDownloadListener' is named 'filePath'. 
This may cause problems when calling this function with named arguments.
exception:             override fun recordingToPcm(f: String, p: String, d: 
Int) {}
exception:                                                    ^
exception: d:\ASELEA Work\IMI Final Git pull app\IMI-GLASS-APP\app\src\main\jav
a\com\sdk\glassessdksample\MainActivity.kt:3943:63: warning: the corresponding 
parameter in the supertype 'WifiFilesDownloadListener' is named 'duration'. 
This may cause problems when calling this function with named arguments.
exception:             override fun recordingToPcm(f: String, p: String, d: 
Int) {}
exception:                                                               ^
exception: d:\ASELEA Work\IMI Final Git pull app\IMI-GLASS-APP\app\src\main\jav
a\com\sdk\glassessdksample\MainActivity.kt:3944:46: warning: the corresponding 
parameter in the supertype 'WifiFilesDownloadListener' is named 'fileName'. 
This may cause problems when calling this function with named arguments.
exception:             override fun recordingToPcmError(f: String, e: String) 
{}
exception:                                              ^
exception: d:\ASELEA Work\IMI Final Git pull app\IMI-GLASS-APP\app\src\main\jav
a\com\sdk\glassessdksample\MainActivity.kt:3944:57: warning: the corresponding 
parameter in the supertype 'WifiFilesDownloadListener' is named 'errorInfo'. 
This may cause problems when calling this function with named arguments.
exception:             override fun recordingToPcmError(f: String, e: String) 
{}
exception:                                                         ^
exception: d:\ASELEA Work\IMI Final Git pull app\IMI-GLASS-APP\app\src\main\jav
a\com\sdk\glassessdksample\MainActivity.kt:3946:40: warning: the corresponding 
parameter in the supertype 'WifiFilesDownloadListener' is named 'errorCode'. 
This may cause problems when calling this function with named arguments.
exception:             override fun onGlassesFail(e: Int) {}
exception:                                        ^
exception: d:\ASELEA Work\IMI Final Git pull app\IMI-GLASS-APP\app\src\main\jav
a\com\sdk\glassessdksample\MainActivity.kt:3947:49: warning: the corresponding 
parameter in the supertype 'WifiFilesDownloadListener' is named 'status'. This 
may cause problems when calling this function with named arguments.
exception:             override fun voiceFromGlassesStatus(s: Int) {}
exception:                                                 ^
exception: d:\ASELEA Work\IMI Final Git pull app\IMI-GLASS-APP\app\src\main\jav
a\com\sdk\glassessdksample\MainActivity.kt:3948:36: warning: the corresponding 
parameter in the supertype 'WifiFilesDownloadListener' is named 'wifiSpeed'. 
This may cause problems when calling this function with named arguments.
exception:             override fun wifiSpeed(s: String) {}
exception:                                    ^
exception: d:\ASELEA Work\IMI Final Git pull app\IMI-GLASS-APP\app\src\main\jav
a\com\sdk\glassessdksample\MainActivity.kt:4080:58: warning: 
'getFromLocation(Double, Double, Int): (Mutable)List<Address!>?' is 
deprecated. Deprecated in Java
exception:                                 val addresses = 
geocoder.getFromLocation(it.latitude, it.longitude, 1)
exception:                                                          ^
exception: d:\ASELEA Work\IMI Final Git pull app\IMI-GLASS-APP\app\src\main\jav
a\com\sdk\glassessdksample\MainActivity.kt:4195:26: warning: 
'requestAudioFocus(AudioManager.OnAudioFocusChangeListener!, Int, Int): Int' 
is deprecated. Deprecated in Java
exception:                 try { am.requestAudioFocus(audioFocusListener, 
AudioManager.STREAM_VOICE_CALL, AudioManager.AUDIOFOCUS_GAIN_TRANSIENT) } 
catch (_: Exception) {}
exception:                          ^
exception: d:\ASELEA Work\IMI Final Git pull app\IMI-GLASS-APP\app\src\main\jav
a\com\sdk\glassessdksample\MainActivity.kt:4232:26: warning: 
'stopBluetoothSco(): Unit' is deprecated. Deprecated in Java
exception:                 try { am.stopBluetoothSco() } catch (_: Exception) 
{}
exception:                          ^
exception: d:\ASELEA Work\IMI Final Git pull app\IMI-GLASS-APP\app\src\main\jav
a\com\sdk\glassessdksample\MainActivity.kt:4234:26: warning: 
'abandonAudioFocus(AudioManager.OnAudioFocusChangeListener!): Int' is 
deprecated. Deprecated in Java
exception:                 try { am.abandonAudioFocus(audioFocusListener) } 
catch (_: Exception) {}
exception:                          ^
exception: d:\ASELEA Work\IMI Final Git pull app\IMI-GLASS-APP\app\src\main\jav
a\com\sdk\glassessdksample\MainActivity.kt:4409:93: warning: 
'VIBRATOR_SERVICE: String' is deprecated. Deprecated in Java
exception:                                                     val vibrator = 
getSystemService(Context.VIBRATOR_SERVICE) as? android.os.Vibrator
exception:                                                                     
                        ^
exception: d:\ASELEA Work\IMI Final Git pull app\IMI-GLASS-APP\app\src\main\jav
a\com\sdk\glassessdksample\MainActivity.kt:4425:69: warning: 
'setAudioStreamType(Int): Unit' is deprecated. Deprecated in Java
exception:                                                         
mediaPlayer.setAudioStreamType(AudioManager.STREAM_MUSIC)
exception:                                                                     
^
exception: d:\ASELEA Work\IMI Final Git pull app\IMI-GLASS-APP\app\src\main\jav
a\com\sdk\glassessdksample\MainActivity.kt:4816:25: warning: variable 
'question' is never used
exception:                     val question = args["question"] as? String ?: 
"What is in front of me?"
exception:                         ^
exception: d:\ASELEA Work\IMI Final Git pull app\IMI-GLASS-APP\app\src\main\jav
a\com\sdk\glassessdksample\MainActivity.kt:4855:17: warning: duplicate label 
in when
exception:                 "get_weather" -> {
exception:                 ^
exception: d:\ASELEA Work\IMI Final Git pull app\IMI-GLASS-APP\app\src\main\jav
a\com\sdk\glassessdksample\MainActivity.kt:4875:17: warning: duplicate label 
in when
exception:                 "web_search" -> {
exception:                 ^
exception: d:\ASELEA Work\IMI Final Git pull app\IMI-GLASS-APP\app\src\main\jav
a\com\sdk\glassessdksample\MainActivity.kt:5104:51: warning: parameter 'time' 
is never used
exception:     private fun setReminder(reminderText: String, time: String?) {
exception:                                                   ^
exception: d:\ASELEA Work\IMI Final Git pull app\IMI-GLASS-APP\app\src\main\jav
a\com\sdk\glassessdksample\MainActivity.kt:5355:25: warning: 'getter for 
isBluetoothScoOn: Boolean' is deprecated. Deprecated in Java
exception:                 if (!am.isBluetoothScoOn) {
exception:                         ^
exception: d:\ASELEA Work\IMI Final Git pull app\IMI-GLASS-APP\app\src\main\jav
a\com\sdk\glassessdksample\MainActivity.kt:5357:24: warning: 
'startBluetoothSco(): Unit' is deprecated. Deprecated in Java
exception:                     am.startBluetoothSco()
exception:                        ^
exception: d:\ASELEA Work\IMI Final Git pull app\IMI-GLASS-APP\app\src\main\jav
a\com\sdk\glassessdksample\MainActivity.kt:5363:36: warning: 'getter for 
isBluetoothScoOn: Boolean' is deprecated. Deprecated in Java
exception:                         while (!am.isBluetoothScoOn && retries < 
15) {
exception:                                    ^
exception: d:\ASELEA Work\IMI Final Git pull app\IMI-GLASS-APP\app\src\main\jav
a\com\sdk\glassessdksample\MainActivity.kt:5368:32: warning: 'getter for 
isBluetoothScoOn: Boolean' is deprecated. Deprecated in Java
exception:                         if (am.isBluetoothScoOn) {
exception:                                ^
exception: d:\ASELEA Work\IMI Final Git pull app\IMI-GLASS-APP\app\src\main\jav
a\com\sdk\glassessdksample\MainActivity.kt:5384:24: warning: 
'requestAudioFocus(AudioManager.OnAudioFocusChangeListener!, Int, Int): Int' 
is deprecated. Deprecated in Java
exception:                     am.requestAudioFocus(
exception:                        ^
exception: d:\ASELEA Work\IMI Final Git pull app\IMI-GLASS-APP\app\src\main\jav
a\com\sdk\glassessdksample\MainActivity.kt:5458:37: warning: parameter 'am' is 
never used, could be renamed to _
exception:                 audioManager?.let { am ->
exception:                                     ^
exception: d:\ASELEA Work\IMI Final Git pull app\IMI-GLASS-APP\app\src\main\jav
a\com\sdk\glassessdksample\MainActivity.kt:5492:24: warning: 'getter for 
isBluetoothScoOn: Boolean' is deprecated. Deprecated in Java
exception:                 if (am.isBluetoothScoOn) {
exception:                        ^
exception: d:\ASELEA Work\IMI Final Git pull app\IMI-GLASS-APP\app\src\main\jav
a\com\sdk\glassessdksample\MainActivity.kt:5493:24: warning: 
'stopBluetoothSco(): Unit' is deprecated. Deprecated in Java
exception:                     am.stopBluetoothSco()
exception:                        ^
exception: d:\ASELEA Work\IMI Final Git pull app\IMI-GLASS-APP\app\src\main\jav
a\com\sdk\glassessdksample\MainActivity.kt:5502:20: warning: 
'abandonAudioFocus(AudioManager.OnAudioFocusChangeListener!): Int' is 
deprecated. Deprecated in Java
exception:                 am.abandonAudioFocus(audioFocusListener)
exception:                    ^
exception: d:\ASELEA Work\IMI Final Git pull app\IMI-GLASS-APP\app\src\main\jav
a\com\sdk\glassessdksample\MainActivity.kt:5555:31: warning: parameter 'error' 
is never used, could be renamed to _
exception:                     ) { code, error ->
exception:                               ^
exception: d:\ASELEA Work\IMI Final Git pull app\IMI-GLASS-APP\app\src\main\jav
a\com\sdk\glassessdksample\VerifyCodeActivity.kt:108:27: warning: parameter 
'otp' is never used
exception:     private fun verifyOtp(otp: String) {
exception:                           ^
exception: d:\ASELEA Work\IMI Final Git pull app\IMI-GLASS-APP\app\src\main\jav
a\com\sdk\glassessdksample\VerifyCodeActivity.kt:133:15: warning: 
'onBackPressed(): Unit' is deprecated. Deprecated in Java
exception:         super.onBackPressed()
exception:               ^
exception: d:\ASELEA Work\IMI Final Git pull app\IMI-GLASS-APP\app\src\main\jav
a\com\sdk\glassessdksample\VisionChatActivity.kt:474:63: warning: parameter 
'_proxy' is never used, could be renamed to _
exception:                         java.lang.reflect.InvocationHandler { 
_proxy, method, args ->
exception:                                                               ^
exception: d:\ASELEA Work\IMI Final Git pull app\IMI-GLASS-APP\app\src\main\jav
a\com\sdk\glassessdksample\VisionChatActivity.kt:476:37: warning: variable 
'mname' is never used
exception:                                 val mname = method.name.lowercase()
exception:                                     ^
exception: d:\ASELEA Work\IMI Final Git pull app\IMI-GLASS-APP\app\src\main\jav
a\com\sdk\glassessdksample\VisionChatActivity.kt:655:54: warning: name 
shadowed: m
exception:                                                 for (m in 
argClass.declaredMethods) {
exception:                                                      ^
exception: d:\ASELEA Work\IMI Final Git pull app\IMI-GLASS-APP\app\src\main\jav
a\com\sdk\glassessdksample\VisionChatActivity.kt:656:57: warning: name 
shadowed: params
exception:                                                     val params = 
m.parameterTypes.joinToString(", ") { it.simpleName }
exception:                                                         ^
exception: d:\ASELEA Work\IMI Final Git pull app\IMI-GLASS-APP\app\src\main\jav
a\com\sdk\glassessdksample\VisionChatActivity.kt:1180:37: warning: parameter 
'deviceAddress' is never used
exception:     private fun tryRequestMtuViaSdk(deviceAddress: String) {
exception:                                     ^
exception: d:\ASELEA Work\IMI Final Git pull app\IMI-GLASS-APP\app\src\main\jav
a\com\sdk\glassessdksample\VisionChatActivity.kt:1360:36: warning: 'getter for 
dhcpInfo: DhcpInfo!' is deprecated. Deprecated in Java
exception:             val dhcp = wifiManager.dhcpInfo
exception:                                    ^
exception: d:\ASELEA Work\IMI Final Git pull app\IMI-GLASS-APP\app\src\main\jav
a\com\sdk\glassessdksample\VisionChatActivity.kt:1423:30: warning: this 
declaration overrides deprecated member but not marked as deprecated itself. 
Please add @Deprecated annotation or suppress. See 
https://youtrack.jetbrains.com/issue/KT-47902 for details
exception:                 override fun onError(utteranceId: String?) {
exception:                              ^
exception: d:\ASELEA Work\IMI Final Git pull app\IMI-GLASS-APP\app\src\main\jav
a\com\sdk\glassessdksample\VisionChatActivity.kt:1783:62: warning: 
'getColor(Int): Int' is deprecated. Deprecated in Java
exception:                 bleStreamButton.setBackgroundColor(resources.getColo
r(android.R.color.holo_red_dark))
exception:                                                              ^
exception: d:\ASELEA Work\IMI Final Git pull app\IMI-GLASS-APP\app\src\main\jav
a\com\sdk\glassessdksample\VisionChatActivity.kt:1789:62: warning: 
'getColor(Int): Int' is deprecated. Deprecated in Java
exception:                 bleStreamButton.setBackgroundColor(resources.getColo
r(android.R.color.holo_blue_dark))
exception:                                                              ^
exception: d:\ASELEA Work\IMI Final Git pull app\IMI-GLASS-APP\app\src\main\jav
a\com\sdk\glassessdksample\VisionChatActivity.kt:1991:89: warning: parameter 
'error' is never used, could be renamed to _
exception:             
LargeDataHandler.getInstance().glassesControl(startTransferCommand) { code, 
error ->
exception:                                                                     
                    ^
exception: d:\ASELEA Work\IMI Final Git pull app\IMI-GLASS-APP\app\src\main\jav
a\com\sdk\glassessdksample\VisionChatActivity.kt:2505:32: warning: 'getter for 
connectionInfo: WifiInfo!' is deprecated. Deprecated in Java
exception:         val info = wifiManager.connectionInfo
exception:                                ^
exception: d:\ASELEA Work\IMI Final Git pull app\IMI-GLASS-APP\app\src\main\jav
a\com\sdk\glassessdksample\VisionChatActivity.kt:2568:47: warning: 
'startScan(): Boolean' is deprecated. Deprecated in Java
exception:                 val scanStarted = wifiManager.startScan()
exception:                                               ^
exception: d:\ASELEA Work\IMI Final Git pull app\IMI-GLASS-APP\app\src\main\jav
a\com\sdk\glassessdksample\VisionChatActivity.kt:2582:46: warning: 'SSID: 
String!' is deprecated. Deprecated in Java
exception:                     Log.d(TAG, "  - ${result.SSID}")
exception:                                              ^
exception: d:\ASELEA Work\IMI Final Git pull app\IMI-GLASS-APP\app\src\main\jav
a\com\sdk\glassessdksample\VisionChatActivity.kt:2586:39: warning: 'SSID: 
String!' is deprecated. Deprecated in Java
exception:                     val ssid = result.SSID
exception:                                       ^
exception: d:\ASELEA Work\IMI Final Git pull app\IMI-GLASS-APP\app\src\main\jav
a\com\sdk\glassessdksample\VisionChatActivity.kt:2597:71: warning: 'SSID: 
String!' is deprecated. Deprecated in Java
exception:                     Log.i(TAG, "? Found Glass network: 
${glassNetwork.SSID}")
exception:                                                                     
  ^
exception: d:\ASELEA Work\IMI Final Git pull app\IMI-GLASS-APP\app\src\main\jav
a\com\sdk\glassessdksample\VisionChatActivity.kt:2603:63: warning: 'SSID: 
String!' is deprecated. Deprecated in Java
exception:                             "Glass WiFi found: 
${glassNetwork.SSID}\nPlease connect manually",
exception:                                                               ^
exception: d:\ASELEA Work\IMI Final Git pull app\IMI-GLASS-APP\app\src\main\jav
a\com\sdk\glassessdksample\VisionChatActivity.kt:2632:36: warning: 'getter for 
connectionInfo: WifiInfo!' is deprecated. Deprecated in Java
exception:             val info = wifiManager.connectionInfo
exception:                                    ^
exception: d:\ASELEA Work\IMI Final Git pull app\IMI-GLASS-APP\app\src\main\jav
a\com\sdk\glassessdksample\VisionChatActivity.kt:2640:33: warning: 
'disconnect(): Boolean' is deprecated. Deprecated in Java
exception:                     wifiManager.disconnect()
exception:                                 ^
exception: d:\ASELEA Work\IMI Final Git pull app\IMI-GLASS-APP\app\src\main\jav
a\com\sdk\glassessdksample\ui\ActivityExt.kt:76:5: warning: 
'startActivityForResult(Intent!, Int): Unit' is deprecated. Deprecated in Java
exception:     startActivityForResult(it.getIntent<T>(flags, extra, list), 
requestCode)
exception:     ^
exception: d:\ASELEA Work\IMI Final Git pull app\IMI-GLASS-APP\app\src\main\jav
a\com\sdk\glassessdksample\ui\BluetoothReceiver.kt:89:28: warning: 
'getParcelableExtra(String!): T?' is deprecated. Deprecated in Java
exception:                     
intent.getParcelableExtra<BluetoothDevice>(BluetoothDevice.EXTRA_DEVICE)
exception:                            ^
exception: d:\ASELEA Work\IMI Final Git pull app\IMI-GLASS-APP\app\src\main\jav
a\com\sdk\glassessdksample\ui\ChatActivity.kt:371:19: warning: 
'onBackPressed(): Unit' is deprecated. Deprecated in Java
exception:             super.onBackPressed()
exception:                   ^
exception: d:\ASELEA Work\IMI Final Git pull app\IMI-GLASS-APP\app\src\main\jav
a\com\sdk\glassessdksample\ui\DeviceBindActivity.kt:59:84: warning: 
'getDefaultAdapter(): BluetoothAdapter!' is deprecated. Deprecated in Java
exception:                 val classicDevice = connectedDeviceAddress?.let { 
BluetoothAdapter.getDefaultAdapter().getRemoteDevice(it) }
exception:                                                                     
               ^
exception: d:\ASELEA Work\IMI Final Git pull app\IMI-GLASS-APP\app\src\main\jav
a\com\sdk\glassessdksample\ui\DeviceBindActivity.kt:81:37: warning: 
'getParcelableExtra(String!): T?' is deprecated. Deprecated in Java
exception:                 val device = 
intent.getParcelableExtra<BluetoothDevice>(BluetoothDevice.EXTRA_DEVICE)
exception:                                     ^
exception: d:\ASELEA Work\IMI Final Git pull app\IMI-GLASS-APP\app\src\main\jav
a\com\sdk\glassessdksample\ui\DeviceBindActivity.kt:97:37: warning: 
'getParcelableExtra(String!): T?' is deprecated. Deprecated in Java
exception:                 val device = 
intent.getParcelableExtra<BluetoothDevice>(BluetoothDevice.EXTRA_DEVICE)
exception:                                     ^
exception: d:\ASELEA Work\IMI Final Git pull app\IMI-GLASS-APP\app\src\main\jav
a\com\sdk\glassessdksample\ui\DeviceBindActivity.kt:163:13: warning: 
'startBluetoothSco(): Unit' is deprecated. Deprecated in Java
exception:             startBluetoothSco()
exception:             ^
exception: d:\ASELEA Work\IMI Final Git pull app\IMI-GLASS-APP\app\src\main\jav
a\com\sdk\glassessdksample\ui\DeviceBindActivity.kt:302:46: warning: 
'getDefaultAdapter(): BluetoothAdapter!' is deprecated. Deprecated in Java
exception:         val classicDevice = 
BluetoothAdapter.getDefaultAdapter().getRemoteDevice(deviceMac)
exception:                                              ^
exception: d:\ASELEA Work\IMI Final Git pull app\IMI-GLASS-APP\app\src\main\jav
a\com\sdk\glassessdksample\ui\DeviceBindActivity.kt:328:26: warning: 
'getDefaultAdapter(): BluetoothAdapter!' is deprecated. Deprecated in Java
exception:         BluetoothAdapter.getDefaultAdapter().getProfileProxy(this, 
profileListener, BluetoothProfile.HEADSET)
exception:                          ^
exception: d:\ASELEA Work\IMI Final Git pull app\IMI-GLASS-APP\app\src\main\jav
a\com\sdk\glassessdksample\ui\DeviceBindActivity.kt:423:66: warning: 
'getDefaultAdapter(): BluetoothAdapter!' is deprecated. Deprecated in Java
exception:     private fun isBluetoothEnabled(): Boolean = 
BluetoothAdapter.getDefaultAdapter()?.isEnabled ?: false
exception:                                                                  ^
exception: d:\ASELEA Work\IMI Final Git pull app\IMI-GLASS-APP\app\src\main\jav
a\com\sdk\glassessdksample\ui\DeviceBindActivity.kt:506:46: warning: 
'getDefaultAdapter(): BluetoothAdapter!' is deprecated. Deprecated in Java
exception:         headsetProxy?.let { BluetoothAdapter.getDefaultAdapter().clo
seProfileProxy(BluetoothProfile.HEADSET, it) }
exception:                                              ^
exception: d:\ASELEA Work\IMI Final Git pull app\IMI-GLASS-APP\app\src\main\jav
a\com\sdk\glassessdksample\ui\GeminiLiveApiClient.kt:33:13: warning: variable 
'cleanHistory' is never used
exception:         val cleanHistory = history.filter { 
exception:             ^
exception: d:\ASELEA Work\IMI Final Git pull app\IMI-GLASS-APP\app\src\main\jav
a\com\sdk\glassessdksample\ui\GeminiLiveApiClient.kt:161:64: warning: no cast 
needed
exception:                             val errorCode = error?.get("code") as? 
Any
exception:                                                                ^
exception: d:\ASELEA Work\IMI Final Git pull app\IMI-GLASS-APP\app\src\main\jav
a\com\sdk\glassessdksample\ui\GeminiLiveService.kt:446:39: warning: 'getter 
for isBluetoothScoOn: Boolean' is deprecated. Deprecated in Java
exception:     val isBluetoothOn = audioManager?.isBluetoothScoOn == true
exception:                                       ^
exception: d:\ASELEA Work\IMI Final Git pull app\IMI-GLASS-APP\app\src\main\jav
a\com\sdk\glassessdksample\ui\GeminiLiveService.kt:455:27: warning: 
'startBluetoothSco(): Unit' is deprecated. Deprecated in Java
exception:             audioManager?.startBluetoothSco()
exception:                           ^
exception: d:\ASELEA Work\IMI Final Git pull app\IMI-GLASS-APP\app\src\main\jav
a\com\sdk\glassessdksample\ui\HotHelper.kt:183:17: warning: 'getter for 
isBluetoothScoOn: Boolean' is deprecated. Deprecated in Java
exception:         if (am?.isBluetoothScoOn == true) {
exception:                 ^
exception: d:\ASELEA Work\IMI Final Git pull app\IMI-GLASS-APP\app\src\main\jav
a\com\sdk\glassessdksample\ui\HotHelper.kt:190:40: warning: 
'getDefaultAdapter(): BluetoothAdapter!' is deprecated. Deprecated in Java
exception:         val adapter = BluetoothAdapter.getDefaultAdapter()
exception:                                        ^
exception: d:\ASELEA Work\IMI Final Git pull app\IMI-GLASS-APP\app\src\main\jav
a\com\sdk\glassessdksample\ui\HotHelper.kt:207:17: warning: 
'startBluetoothSco(): Unit' is deprecated. Deprecated in Java
exception:             am?.startBluetoothSco()
exception:                 ^
exception: d:\ASELEA Work\IMI Final Git pull app\IMI-GLASS-APP\app\src\main\jav
a\com\sdk\glassessdksample\ui\MyApplication.kt:33:59: warning: unnecessary 
safe call on a non-null receiver of type Array<(out) StackTraceElement!>!
exception:                         val mentionsParser = ex.stackTrace?.any { 
it.className.contains("GlassModelControlResponse") || 
it.className.contains("LargeDataParser") } ?: false
exception:                                                           ^
exception: d:\ASELEA Work\IMI Final Git pull app\IMI-GLASS-APP\app\src\main\jav
a\com\sdk\glassessdksample\ui\ScoConnectionHelper.kt:53:16: warning: 'getter 
for isBluetoothScoOn: Boolean' is deprecated. Deprecated in Java
exception:         if (am.isBluetoothScoOn) {
exception:                ^
exception: d:\ASELEA Work\IMI Final Git pull app\IMI-GLASS-APP\app\src\main\jav
a\com\sdk\glassessdksample\ui\ScoConnectionHelper.kt:139:16: warning: 
'startBluetoothSco(): Unit' is deprecated. Deprecated in Java
exception:             am.startBluetoothSco()
exception:                ^
exception: d:\ASELEA Work\IMI Final Git pull app\IMI-GLASS-APP\app\src\main\jav
a\com\sdk\glassessdksample\ui\ScoConnectionHelper.kt:213:20: warning: 'getter 
for isBluetoothScoOn: Boolean' is deprecated. Deprecated in Java
exception:             if (am.isBluetoothScoOn) {
exception:                    ^
exception: d:\ASELEA Work\IMI Final Git pull app\IMI-GLASS-APP\app\src\main\jav
a\com\sdk\glassessdksample\ui\ScoConnectionHelper.kt:214:20: warning: 
'stopBluetoothSco(): Unit' is deprecated. Deprecated in Java
exception:                 am.stopBluetoothSco()
exception:                    ^
exception: d:\ASELEA Work\IMI Final Git pull app\IMI-GLASS-APP\app\src\main\jav
a\com\sdk\glassessdksample\ui\ScoConnectionHelper.kt:236:49: warning: 
'getDefaultAdapter(): BluetoothAdapter!' is deprecated. Deprecated in Java
exception:         val bluetoothAdapter = BluetoothAdapter.getDefaultAdapter()
exception:                                                 ^
exception: d:\ASELEA Work\IMI Final Git pull app\IMI-GLASS-APP\app\src\main\jav
a\com\sdk\glassessdksample\ui\ScoConnectionHelper.kt:255:40: warning: 
'getDefaultAdapter(): BluetoothAdapter!' is deprecated. Deprecated in Java
exception:         val adapter = BluetoothAdapter.getDefaultAdapter() ?: 
return@withContext false
exception:                                        ^
exception: d:\ASELEA Work\IMI Final Git pull app\IMI-GLASS-APP\app\src\main\jav
a\com\sdk\glassessdksample\ui\ScoConnectionHelper.kt:277:30: warning: 'getter 
for isBluetoothScoOn: Boolean' is deprecated. Deprecated in Java
exception:         return audioManager?.isBluetoothScoOn == true
exception:                              ^
exception: d:\ASELEA Work\IMI Final Git pull app\IMI-GLASS-APP\app\src\main\jav
a\com\sdk\glassessdksample\ui\gallery\GlassMediaGalleryActivity.kt:430:40: 
warning: 'getter for connectionInfo: WifiInfo!' is deprecated. Deprecated in 
Java
exception:             val wifiInfo = wifiManager.connectionInfo
exception:                                        ^
exception: d:\ASELEA Work\IMI Final Git pull app\IMI-GLASS-APP\app\src\main\jav
a\com\sdk\glassessdksample\ui\gallery\GlassMediaGalleryActivity.kt:443:36: 
warning: 'getter for connectionInfo: WifiInfo!' is deprecated. Deprecated in 
Java
exception:         val wifiInfo = wifiManager.connectionInfo
exception:                                    ^
exception: d:\ASELEA Work\IMI Final Git pull app\IMI-GLASS-APP\app\src\main\jav
a\com\sdk\glassessdksample\ui\gallery\GlassMediaGalleryActivity.kt:1291:67: 
warning: 'createVideoThumbnail(String, Int): Bitmap?' is deprecated. 
Deprecated in Java
exception:                         val bitmap = 
android.media.ThumbnailUtils.createVideoThumbnail(
exception:                                                                   ^
exception: d:\ASELEA Work\IMI Final Git pull app\IMI-GLASS-APP\app\src\main\jav
a\com\sdk\glassessdksample\ui\gallery\GlassMediaGalleryActivity.kt:1293:64: 
warning: 'Thumbnails' is deprecated. Deprecated in Java
exception:                             
android.provider.MediaStore.Images.Thumbnails.MINI_KIND
exception:                                                                ^
exception: d:\ASELEA Work\IMI Final Git pull app\IMI-GLASS-APP\app\src\main\jav
a\com\sdk\glassessdksample\ui\gallery\GlassMediaGalleryActivity.kt:1293:75: 
warning: 'MINI_KIND: Int' is deprecated. Deprecated in Java
exception:                             
android.provider.MediaStore.Images.Thumbnails.MINI_KIND
exception:                                                                     
      ^
exception: d:\ASELEA Work\IMI Final Git pull app\IMI-GLASS-APP\app\src\main\jav
a\com\sdk\glassessdksample\ui\gallery\ImageViewerActivity.kt:57:26: warning: 
'setter for systemUiVisibility: Int' is deprecated. Deprecated in Java
exception:         window.decorView.systemUiVisibility = (
exception:                          ^
exception: d:\ASELEA Work\IMI Final Git pull app\IMI-GLASS-APP\app\src\main\jav
a\com\sdk\glassessdksample\ui\gallery\ImageViewerActivity.kt:58:18: warning: 
'SYSTEM_UI_FLAG_LAYOUT_STABLE: Int' is deprecated. Deprecated in Java
exception:             View.SYSTEM_UI_FLAG_LAYOUT_STABLE
exception:                  ^
exception: d:\ASELEA Work\IMI Final Git pull app\IMI-GLASS-APP\app\src\main\jav
a\com\sdk\glassessdksample\ui\gallery\ImageViewerActivity.kt:59:21: warning: 
'SYSTEM_UI_FLAG_LAYOUT_FULLSCREEN: Int' is deprecated. Deprecated in Java
exception:             or View.SYSTEM_UI_FLAG_LAYOUT_FULLSCREEN
exception:                     ^
exception: d:\ASELEA Work\IMI Final Git pull app\IMI-GLASS-APP\app\src\main\jav
a\com\sdk\glassessdksample\ui\gallery\ImageViewerActivity.kt:60:21: warning: 
'SYSTEM_UI_FLAG_FULLSCREEN: Int' is deprecated. Deprecated in Java
exception:             or View.SYSTEM_UI_FLAG_FULLSCREEN
exception:                     ^
exception: d:\ASELEA Work\IMI Final Git pull app\IMI-GLASS-APP\app\src\main\jav
a\com\sdk\glassessdksample\ui\gallery\ImageViewerActivity.kt:61:21: warning: 
'SYSTEM_UI_FLAG_IMMERSIVE_STICKY: Int' is deprecated. Deprecated in Java
exception:             or View.SYSTEM_UI_FLAG_IMMERSIVE_STICKY
exception:                     ^
exception: d:\ASELEA Work\IMI Final Git pull app\IMI-GLASS-APP\app\src\main\jav
a\com\sdk\glassessdksample\ui\gallery\ImageViewerActivity.kt:72:13: warning: 
variable 'imageName' is never used
exception:         val imageName = intent.getStringExtra(EXTRA_IMAGE_NAME) ?: 
"Image"
exception:             ^
exception: d:\ASELEA Work\IMI Final Git pull app\IMI-GLASS-APP\app\src\main\jav
a\com\sdk\glassessdksample\ui\gallery\ImageViewerActivity.kt:281:15: warning: 
'onBackPressed(): Unit' is deprecated. Deprecated in Java
exception:         super.onBackPressed()
exception:               ^
exception: d:\ASELEA Work\IMI Final Git pull app\IMI-GLASS-APP\app\src\main\jav
a\com\sdk\glassessdksample\ui\gallery\VideoPlayerActivity.kt:52:26: warning: 
'setter for systemUiVisibility: Int' is deprecated. Deprecated in Java
exception:         window.decorView.systemUiVisibility = (
exception:                          ^
exception: d:\ASELEA Work\IMI Final Git pull app\IMI-GLASS-APP\app\src\main\jav
a\com\sdk\glassessdksample\ui\gallery\VideoPlayerActivity.kt:53:18: warning: 
'SYSTEM_UI_FLAG_LAYOUT_STABLE: Int' is deprecated. Deprecated in Java
exception:             View.SYSTEM_UI_FLAG_LAYOUT_STABLE
exception:                  ^
exception: d:\ASELEA Work\IMI Final Git pull app\IMI-GLASS-APP\app\src\main\jav
a\com\sdk\glassessdksample\ui\gallery\VideoPlayerActivity.kt:54:21: warning: 
'SYSTEM_UI_FLAG_LAYOUT_FULLSCREEN: Int' is deprecated. Deprecated in Java
exception:             or View.SYSTEM_UI_FLAG_LAYOUT_FULLSCREEN
exception:                     ^
exception: d:\ASELEA Work\IMI Final Git pull app\IMI-GLASS-APP\app\src\main\jav
a\com\sdk\glassessdksample\ui\gallery\VideoPlayerActivity.kt:55:21: warning: 
'SYSTEM_UI_FLAG_FULLSCREEN: Int' is deprecated. Deprecated in Java
exception:             or View.SYSTEM_UI_FLAG_FULLSCREEN
exception:                     ^
exception: d:\ASELEA Work\IMI Final Git pull app\IMI-GLASS-APP\app\src\main\jav
a\com\sdk\glassessdksample\ui\gallery\VideoPlayerActivity.kt:56:21: warning: 
'SYSTEM_UI_FLAG_IMMERSIVE_STICKY: Int' is deprecated. Deprecated in Java
exception:             or View.SYSTEM_UI_FLAG_IMMERSIVE_STICKY
exception:                     ^
exception: d:\ASELEA Work\IMI Final Git pull app\IMI-GLASS-APP\app\src\main\jav
a\com\sdk\glassessdksample\ui\gallery\VideoPlayerActivity.kt:67:13: warning: 
variable 'videoName' is never used
exception:         val videoName = intent.getStringExtra(EXTRA_VIDEO_NAME) ?: 
"Video"
exception:             ^
exception: d:\ASELEA Work\IMI Final Git pull app\IMI-GLASS-APP\app\src\main\jav
a\com\sdk\glassessdksample\ui\gallery\VideoPlayerActivity.kt:274:15: warning: 
'onBackPressed(): Unit' is deprecated. Deprecated in Java
exception:         super.onBackPressed()
exception:               ^
exception: d:\ASELEA Work\IMI Final Git pull app\IMI-GLASS-APP\app\src\main\jav
a\com\sdk\glassessdksample\ui\wifi\GlassMediaTransfer.kt:118:81: warning: 
parameter 'error' is never used, could be renamed to _
exception:             
LargeDataHandler.getInstance().glassesControl(resetCommand) { code, error ->
exception:                                                                     
            ^
exception: d:\ASELEA Work\IMI Final Git pull app\IMI-GLASS-APP\app\src\main\jav
a\com\sdk\glassessdksample\ui\wifi\GlassMediaTransfer.kt:162:79: warning: 
parameter 'code' is never used, could be renamed to _
exception:             
LargeDataHandler.getInstance().glassesControl(readCountCommand) { code, error 
->
exception:                                                                     
          ^
exception: d:\ASELEA Work\IMI Final Git pull app\IMI-GLASS-APP\app\src\main\jav
a\com\sdk\glassessdksample\ui\wifi\GlassMediaTransfer.kt:181:84: warning: 
parameter 'error' is never used, could be renamed to _
exception:             
LargeDataHandler.getInstance().glassesControl(completeCommand) { code, error ->
exception:                                                                     
               ^
exception: d:\ASELEA Work\IMI Final Git pull app\IMI-GLASS-APP\app\src\main\jav
a\com\sdk\glassessdksample\ui\wifi\GlassMediaTransfer.kt:289:40: warning: 
'getter for connectionInfo: WifiInfo!' is deprecated. Deprecated in Java
exception:             val wifiInfo = wifiManager.connectionInfo
exception:                                        ^
exception: d:\ASELEA Work\IMI Final Git pull app\IMI-GLASS-APP\app\src\main\jav
a\com\sdk\glassessdksample\ui\wifi\GlassMediaTransfer.kt:295:38: warning: 
'getter for ipAddress: Int' is deprecated. Deprecated in Java
exception:             val ipAddress = wifiInfo.ipAddress
exception:                                      ^
exception: d:\ASELEA Work\IMI Final Git pull app\IMI-GLASS-APP\app\src\main\jav
a\com\sdk\glassessdksample\ui\wifi\WifiP2pHelper.kt:9:20: warning: 
'NetworkInfo' is deprecated. Deprecated in Java
exception: import android.net.NetworkInfo
exception:                    ^
exception: d:\ASELEA Work\IMI Final Git pull app\IMI-GLASS-APP\app\src\main\jav
a\com\sdk\glassessdksample\ui\wifi\WifiP2pHelper.kt:159:82: warning: 
'NetworkInfo' is deprecated. Deprecated in Java
exception:                     
intent.getParcelableExtra(WifiP2pManager.EXTRA_NETWORK_INFO, 
NetworkInfo::class.java)
exception:                                                                     
             ^
exception: d:\ASELEA Work\IMI Final Git pull app\IMI-GLASS-APP\app\src\main\jav
a\com\sdk\glassessdksample\ui\wifi\WifiP2pHelper.kt:165:34: warning: 'getter 
for isConnected: Boolean' is deprecated. Deprecated in Java
exception:                 if (networkInfo?.isConnected == true) {
exception:                                  ^
exception: d:\ASELEA Work\IMI Final Git pull app\IMI-GLASS-APP\app\src\main\jav
a\com\sdk\glassessdksample\ui\wifi\WifiP2pHelper.kt:349:55: warning: parameter 
'device' is never used
exception:     private fun performConnect(config: WifiP2pConfig, device: 
WifiP2pDevice) {
exception:                                                       ^
exception: d:\ASELEA Work\IMI Final Git pull app\IMI-GLASS-APP\app\src\main\jav
a\com\sdk\glassessdksample\ui\wifi\WifiP2pHelper.kt:403:23: warning: there is 
more than one label with such a name in this scope
exception:                 return@requestConnectionInfo
exception:                       ^

[Incubating] Problems report is available at: file:///D:/ASELEA%20Work/IMI%20Final%20Git%20pull%20app/IMI-GLASS-APP/build/reports/problems/problems-report.html

Deprecated Gradle features were used in this build, making it incompatible with Gradle 10.0.

You can use '--warning-mode all' to show the individual deprecation warnings and determine if they come from your own scripts or plugins.

For more on this, please refer to https://docs.gradle.org/9.0-milestone-1/userguide/command_line_interface.html#sec:command_line_warnings in the Gradle documentation.

BUILD SUCCESSFUL in 2m 52s
11 actionable tasks: 11 executed
Configuration cache entry stored.
