To honour the JVM settings for this build a single-use Daemon process will be forked. For more on this, please refer to https://docs.gradle.org/8.7/userguide/gradle_daemon.html#sec:disabling_the_daemon in the Gradle documentation.
Daemon will be stopped at the end of the build 
> Task :app:preBuild UP-TO-DATE
> Task :app:preReleaseBuild UP-TO-DATE
> Task :app:generateReleaseFeatureMetadata UP-TO-DATE
> Task :app:buildKotlinToolingMetadata UP-TO-DATE
> Task :app:checkReleaseDuplicateClasses UP-TO-DATE
> Task :app:checkKotlinGradlePluginConfigurationErrors
> Task :app:dataBindingMergeDependencyArtifactsRelease UP-TO-DATE
> Task :app:generateReleaseResValues UP-TO-DATE
> Task :app:generateReleaseResources UP-TO-DATE
> Task :app:processReleaseGoogleServices UP-TO-DATE
> Task :app:mergeReleaseResources UP-TO-DATE
> Task :app:packageReleaseResources UP-TO-DATE
> Task :app:parseReleaseLocalResources UP-TO-DATE
> Task :app:dataBindingGenBaseClassesRelease UP-TO-DATE
> Task :app:generateReleaseBuildConfig UP-TO-DATE
> Task :app:checkReleaseAarMetadata UP-TO-DATE
> Task :app:mapReleaseSourceSetPaths UP-TO-DATE
> Task :app:createReleaseCompatibleScreenManifests UP-TO-DATE
> Task :app:extractDeepLinksRelease UP-TO-DATE
> Task :app:processReleaseMainManifest UP-TO-DATE
> Task :app:processReleaseManifest UP-TO-DATE
> Task :app:processReleaseManifestForPackage UP-TO-DATE
> Task :app:processReleaseResources UP-TO-DATE
> Task :app:javaPreCompileRelease UP-TO-DATE
> Task :app:mergeReleaseArtProfile UP-TO-DATE
> Task :app:extractProguardFiles UP-TO-DATE
> Task :app:mergeReleaseStartupProfile UP-TO-DATE
> Task :app:processApplicationManifestReleaseForBundle UP-TO-DATE
> Task :app:bundleReleaseResources UP-TO-DATE
> Task :app:extractReleaseVersionControlInfo UP-TO-DATE
> Task :app:mergeReleaseShaders UP-TO-DATE
> Task :app:compileReleaseShaders NO-SOURCE
> Task :app:generateReleaseAssets UP-TO-DATE
> Task :app:mergeReleaseAssets UP-TO-DATE
> Task :app:mergeReleaseJniLibFolders UP-TO-DATE
> Task :app:mergeReleaseNativeLibs UP-TO-DATE
> Task :app:stripReleaseDebugSymbols UP-TO-DATE
> Task :app:writeReleaseAppMetadata UP-TO-DATE
> Task :app:collectReleaseDependencies UP-TO-DATE
> Task :app:configureReleaseDependencies UP-TO-DATE
> Task :app:extractReleaseNativeSymbolTables UP-TO-DATE
> Task :app:parseReleaseIntegrityConfig UP-TO-DATE
> Task :app:validateSigningRelease UP-TO-DATE
> Task :app:compileReleaseKotlin
.\gradlew.bat : e: file:///D:/ASELEA%20Work/IMI%20Final%20Git%20pull%20app/IMI-
GLASS-APP/app/src/main/java/com/sdk/glassessdksample/LoginActivity.kt:1:1 
Expecting a top level declaration
At line:1 char:1
+ .\gradlew.bat bundleRelease --no-configuration-cache --no-daemon --st ...
+ ~~~~~~~~~~~~~~~~~~~~~~~~~~~~~~~~~~~~~~~~~~~~~~~~~~~~~~~~~~~~~~~~~~~~~
    + CategoryInfo          : NotSpecified: (e: file:///D:/A...vel declaration 
   :String) [], RemoteException
    + FullyQualifiedErrorId : NativeCommandError
 
e: file:///D:/ASELEA%20Work/IMI%20Final%20Git%20pull%20app/IMI-GLASS-APP/app/sr
c/main/java/com/sdk/glassessdksample/LoginActivity.kt:1:2 Expecting a top 
level declaration
e: file:///D:/ASELEA%20Work/IMI%20Final%20Git%20pull%20app/IMI-GLASS-APP/app/sr
c/main/java/com/sdk/glassessdksample/LoginActivity.kt:1:3 Expecting a top 
level declaration
e: file:///D:/ASELEA%20Work/IMI%20Final%20Git%20pull%20app/IMI-GLASS-APP/app/sr
c/main/java/com/sdk/glassessdksample/LoginActivity.kt:1:4 Expecting a top 
level declaration
e: file:///D:/ASELEA%20Work/IMI%20Final%20Git%20pull%20app/IMI-GLASS-APP/app/sr
c/main/java/com/sdk/glassessdksample/LoginActivity.kt:1:5 Expecting a top 
level declaration
e: file:///D:/ASELEA%20Work/IMI%20Final%20Git%20pull%20app/IMI-GLASS-APP/app/sr
c/main/java/com/sdk/glassessdksample/LoginActivity.kt:1:6 Expecting a top 
level declaration
e: file:///D:/ASELEA%20Work/IMI%20Final%20Git%20pull%20app/IMI-GLASS-APP/app/sr
c/main/java/com/sdk/glassessdksample/LoginActivity.kt:1:7 Expecting a top 
level declaration
e: file:///D:/ASELEA%20Work/IMI%20Final%20Git%20pull%20app/IMI-GLASS-APP/app/sr
c/main/java/com/sdk/glassessdksample/LoginActivity.kt:1:10 Expecting a top 
level declaration
e: file:///D:/ASELEA%20Work/IMI%20Final%20Git%20pull%20app/IMI-GLASS-APP/app/sr
c/main/java/com/sdk/glassessdksample/LoginActivity.kt:1:11 Expecting a top 
level declaration
e: file:///D:/ASELEA%20Work/IMI%20Final%20Git%20pull%20app/IMI-GLASS-APP/app/sr
c/main/java/com/sdk/glassessdksample/LoginActivity.kt:1:17 Expecting a top 
level declaration
e: file:///D:/ASELEA%20Work/IMI%20Final%20Git%20pull%20app/IMI-GLASS-APP/app/sr
c/main/java/com/sdk/glassessdksample/LoginActivity.kt:1:18 Expecting a top 
level declaration
e: file:///D:/ASELEA%20Work/IMI%20Final%20Git%20pull%20app/IMI-GLASS-APP/app/sr
c/main/java/com/sdk/glassessdksample/LoginActivity.kt:1:19 Expecting a top 
level declaration
e: file:///D:/ASELEA%20Work/IMI%20Final%20Git%20pull%20app/IMI-GLASS-APP/app/sr
c/main/java/com/sdk/glassessdksample/LoginActivity.kt:1:21 Expecting a top 
level declaration
e: file:///D:/ASELEA%20Work/IMI%20Final%20Git%20pull%20app/IMI-GLASS-APP/app/sr
c/main/java/com/sdk/glassessdksample/LoginActivity.kt:1:22 Expecting a top 
level declaration
e: file:///D:/ASELEA%20Work/IMI%20Final%20Git%20pull%20app/IMI-GLASS-APP/app/sr
c/main/java/com/sdk/glassessdksample/LoginActivity.kt:1:26 Expecting a top 
level declaration
e: file:///D:/ASELEA%20Work/IMI%20Final%20Git%20pull%20app/IMI-GLASS-APP/app/sr
c/main/java/com/sdk/glassessdksample/LoginActivity.kt:1:27 Expecting a top 
level declaration
e: file:///D:/ASELEA%20Work/IMI%20Final%20Git%20pull%20app/IMI-GLASS-APP/app/sr
c/main/java/com/sdk/glassessdksample/LoginActivity.kt:1:28 Expecting a top 
level declaration
e: file:///D:/ASELEA%20Work/IMI%20Final%20Git%20pull%20app/IMI-GLASS-APP/app/sr
c/main/java/com/sdk/glassessdksample/LoginActivity.kt:1:29 Expecting a top 
level declaration
e: file:///D:/ASELEA%20Work/IMI%20Final%20Git%20pull%20app/IMI-GLASS-APP/app/sr
c/main/java/com/sdk/glassessdksample/LoginActivity.kt:1:30 Expecting a top 
level declaration
e: file:///D:/ASELEA%20Work/IMI%20Final%20Git%20pull%20app/IMI-GLASS-APP/app/sr
c/main/java/com/sdk/glassessdksample/LoginActivity.kt:1:39 Expecting a top 
level declaration
e: file:///D:/ASELEA%20Work/IMI%20Final%20Git%20pull%20app/IMI-GLASS-APP/app/sr
c/main/java/com/sdk/glassessdksample/LoginActivity.kt:1:40 Expecting a top 
level declaration
e: file:///D:/ASELEA%20Work/IMI%20Final%20Git%20pull%20app/IMI-GLASS-APP/app/sr
c/main/java/com/sdk/glassessdksample/LoginActivity.kt:1:41 Expecting a top 
level declaration
e: file:///D:/ASELEA%20Work/IMI%20Final%20Git%20pull%20app/IMI-GLASS-APP/app/sr
c/main/java/com/sdk/glassessdksample/LoginActivity.kt:1:42 Expecting a top 
level declaration
e: file:///D:/ASELEA%20Work/IMI%20Final%20Git%20pull%20app/IMI-GLASS-APP/app/sr
c/main/java/com/sdk/glassessdksample/LoginActivity.kt:1:43 Expecting a top 
level declaration
e: file:///D:/ASELEA%20Work/IMI%20Final%20Git%20pull%20app/IMI-GLASS-APP/app/sr
c/main/java/com/sdk/glassessdksample/LoginActivity.kt:1:44 Expecting a top 
level declaration
e: file:///D:/ASELEA%20Work/IMI%20Final%20Git%20pull%20app/IMI-GLASS-APP/app/sr
c/main/java/com/sdk/glassessdksample/LoginActivity.kt:1:45 Expecting a top 
level declaration
e: file:///D:/ASELEA%20Work/IMI%20Final%20Git%20pull%20app/IMI-GLASS-APP/app/sr
c/main/java/com/sdk/glassessdksample/LoginActivity.kt:1:46 Expecting a top 
level declaration
e: file:///D:/ASELEA%20Work/IMI%20Final%20Git%20pull%20app/IMI-GLASS-APP/app/sr
c/main/java/com/sdk/glassessdksample/LoginActivity.kt:1:47 Expecting a top 
level declaration
e: file:///D:/ASELEA%20Work/IMI%20Final%20Git%20pull%20app/IMI-GLASS-APP/app/sr
c/main/java/com/sdk/glassessdksample/LoginActivity.kt:1:48 Expecting a top 
level declaration
e: file:///D:/ASELEA%20Work/IMI%20Final%20Git%20pull%20app/IMI-GLASS-APP/app/sr
c/main/java/com/sdk/glassessdksample/LoginActivity.kt:1:52 Expecting a top 
level declaration
e: file:///D:/ASELEA%20Work/IMI%20Final%20Git%20pull%20app/IMI-GLASS-APP/app/sr
c/main/java/com/sdk/glassessdksample/LoginActivity.kt:1:53 Expecting a top 
level declaration
e: file:///D:/ASELEA%20Work/IMI%20Final%20Git%20pull%20app/IMI-GLASS-APP/app/sr
c/main/java/com/sdk/glassessdksample/LoginActivity.kt:1:54 Expecting a top 
level declaration
e: file:///D:/ASELEA%20Work/IMI%20Final%20Git%20pull%20app/IMI-GLASS-APP/app/sr
c/main/java/com/sdk/glassessdksample/LoginActivity.kt:1:55 Expecting a top 
level declaration
e: file:///D:/ASELEA%20Work/IMI%20Final%20Git%20pull%20app/IMI-GLASS-APP/app/sr
c/main/java/com/sdk/glassessdksample/LoginActivity.kt:1:56 Expecting a top 
level declaration
e: file:///D:/ASELEA%20Work/IMI%20Final%20Git%20pull%20app/IMI-GLASS-APP/app/sr
c/main/java/com/sdk/glassessdksample/LoginActivity.kt:1:58 Expecting a top 
level declaration
e: file:///D:/ASELEA%20Work/IMI%20Final%20Git%20pull%20app/IMI-GLASS-APP/app/sr
c/main/java/com/sdk/glassessdksample/LoginActivity.kt:1:59 Expecting a top 
level declaration
e: file:///D:/ASELEA%20Work/IMI%20Final%20Git%20pull%20app/IMI-GLASS-APP/app/sr
c/main/java/com/sdk/glassessdksample/LoginActivity.kt:1:60 Expecting a top 
level declaration
e: file:///D:/ASELEA%20Work/IMI%20Final%20Git%20pull%20app/IMI-GLASS-APP/app/sr
c/main/java/com/sdk/glassessdksample/LoginActivity.kt:1:61 Expecting a top 
level declaration
e: file:///D:/ASELEA%20Work/IMI%20Final%20Git%20pull%20app/IMI-GLASS-APP/app/sr
c/main/java/com/sdk/glassessdksample/LoginActivity.kt:1:66 Expecting a top 
level declaration
e: file:///D:/ASELEA%20Work/IMI%20Final%20Git%20pull%20app/IMI-GLASS-APP/app/sr
c/main/java/com/sdk/glassessdksample/LoginActivity.kt:1:67 Expecting a top 
level declaration
e: file:///D:/ASELEA%20Work/IMI%20Final%20Git%20pull%20app/IMI-GLASS-APP/app/sr
c/main/java/com/sdk/glassessdksample/LoginActivity.kt:1:68 Expecting a top 
level declaration
e: file:///D:/ASELEA%20Work/IMI%20Final%20Git%20pull%20app/IMI-GLASS-APP/app/sr
c/main/java/com/sdk/glassessdksample/LoginActivity.kt:1:69 Expecting a top 
level declaration
e: file:///D:/ASELEA%20Work/IMI%20Final%20Git%20pull%20app/IMI-GLASS-APP/app/sr
c/main/java/com/sdk/glassessdksample/LoginActivity.kt:1:70 Expecting a top 
level declaration
e: file:///D:/ASELEA%20Work/IMI%20Final%20Git%20pull%20app/IMI-GLASS-APP/app/sr
c/main/java/com/sdk/glassessdksample/LoginActivity.kt:1:71 Expecting a top 
level declaration
e: file:///D:/ASELEA%20Work/IMI%20Final%20Git%20pull%20app/IMI-GLASS-APP/app/sr
c/main/java/com/sdk/glassessdksample/LoginActivity.kt:1:72 Expecting a top 
level declaration
e: file:///D:/ASELEA%20Work/IMI%20Final%20Git%20pull%20app/IMI-GLASS-APP/app/sr
c/main/java/com/sdk/glassessdksample/LoginActivity.kt:1:73 Expecting a top 
level declaration
e: file:///D:/ASELEA%20Work/IMI%20Final%20Git%20pull%20app/IMI-GLASS-APP/app/sr
c/main/java/com/sdk/glassessdksample/LoginActivity.kt:1:74 Expecting a top 
level declaration
e: file:///D:/ASELEA%20Work/IMI%20Final%20Git%20pull%20app/IMI-GLASS-APP/app/sr
c/main/java/com/sdk/glassessdksample/LoginActivity.kt:1:75 Expecting a top 
level declaration
e: file:///D:/ASELEA%20Work/IMI%20Final%20Git%20pull%20app/IMI-GLASS-APP/app/sr
c/main/java/com/sdk/glassessdksample/LoginActivity.kt:1:76 Expecting a top 
level declaration
e: file:///D:/ASELEA%20Work/IMI%20Final%20Git%20pull%20app/IMI-GLASS-APP/app/sr
c/main/java/com/sdk/glassessdksample/LoginActivity.kt:1:77 Expecting a top 
level declaration
e: file:///D:/ASELEA%20Work/IMI%20Final%20Git%20pull%20app/IMI-GLASS-APP/app/sr
c/main/java/com/sdk/glassessdksample/LoginActivity.kt:1:78 Expecting a top 
level declaration
e: file:///D:/ASELEA%20Work/IMI%20Final%20Git%20pull%20app/IMI-GLASS-APP/app/sr
c/main/java/com/sdk/glassessdksample/LoginActivity.kt:1:81 Expecting a top 
level declaration
e: file:///D:/ASELEA%20Work/IMI%20Final%20Git%20pull%20app/IMI-GLASS-APP/app/sr
c/main/java/com/sdk/glassessdksample/LoginActivity.kt:1:82 Expecting a top 
level declaration
e: file:///D:/ASELEA%20Work/IMI%20Final%20Git%20pull%20app/IMI-GLASS-APP/app/sr
c/main/java/com/sdk/glassessdksample/LoginActivity.kt:1:83 Expecting a top 
level declaration
e: file:///D:/ASELEA%20Work/IMI%20Final%20Git%20pull%20app/IMI-GLASS-APP/app/sr
c/main/java/com/sdk/glassessdksample/LoginActivity.kt:1:84 Expecting a top 
level declaration
e: file:///D:/ASELEA%20Work/IMI%20Final%20Git%20pull%20app/IMI-GLASS-APP/app/sr
c/main/java/com/sdk/glassessdksample/LoginActivity.kt:1:85 Expecting a top 
level declaration
e: file:///D:/ASELEA%20Work/IMI%20Final%20Git%20pull%20app/IMI-GLASS-APP/app/sr
c/main/java/com/sdk/glassessdksample/LoginActivity.kt:1:86 Expecting a top 
level declaration
e: file:///D:/ASELEA%20Work/IMI%20Final%20Git%20pull%20app/IMI-GLASS-APP/app/sr
c/main/java/com/sdk/glassessdksample/LoginActivity.kt:1:87 Expecting a top 
level declaration
e: file:///D:/ASELEA%20Work/IMI%20Final%20Git%20pull%20app/IMI-GLASS-APP/app/sr
c/main/java/com/sdk/glassessdksample/LoginActivity.kt:1:89 Expecting a top 
level declaration
e: file:///D:/ASELEA%20Work/IMI%20Final%20Git%20pull%20app/IMI-GLASS-APP/app/sr
c/main/java/com/sdk/glassessdksample/LoginActivity.kt:1:90 Expecting a top 
level declaration
e: file:///D:/ASELEA%20Work/IMI%20Final%20Git%20pull%20app/IMI-GLASS-APP/app/sr
c/main/java/com/sdk/glassessdksample/LoginActivity.kt:1:92 Expecting a top 
level declaration
e: file:///D:/ASELEA%20Work/IMI%20Final%20Git%20pull%20app/IMI-GLASS-APP/app/sr
c/main/java/com/sdk/glassessdksample/LoginActivity.kt:1:93 Expecting a top 
level declaration
e: file:///D:/ASELEA%20Work/IMI%20Final%20Git%20pull%20app/IMI-GLASS-APP/app/sr
c/main/java/com/sdk/glassessdksample/LoginActivity.kt:1:94 Expecting a top 
level declaration
e: file:///D:/ASELEA%20Work/IMI%20Final%20Git%20pull%20app/IMI-GLASS-APP/app/sr
c/main/java/com/sdk/glassessdksample/LoginActivity.kt:1:95 Expecting a top 
level declaration
e: file:///D:/ASELEA%20Work/IMI%20Final%20Git%20pull%20app/IMI-GLASS-APP/app/sr
c/main/java/com/sdk/glassessdksample/LoginActivity.kt:1:96 Expecting a top 
level declaration
e: file:///D:/ASELEA%20Work/IMI%20Final%20Git%20pull%20app/IMI-GLASS-APP/app/sr
c/main/java/com/sdk/glassessdksample/LoginActivity.kt:1:100 Expecting a top 
level declaration
e: file:///D:/ASELEA%20Work/IMI%20Final%20Git%20pull%20app/IMI-GLASS-APP/app/sr
c/main/java/com/sdk/glassessdksample/LoginActivity.kt:1:101 Expecting a top 
level declaration
e: file:///D:/ASELEA%20Work/IMI%20Final%20Git%20pull%20app/IMI-GLASS-APP/app/sr
c/main/java/com/sdk/glassessdksample/LoginActivity.kt:1:102 Expecting a top 
level declaration
e: file:///D:/ASELEA%20Work/IMI%20Final%20Git%20pull%20app/IMI-GLASS-APP/app/sr
c/main/java/com/sdk/glassessdksample/LoginActivity.kt:1:103 Expecting a top 
level declaration
e: file:///D:/ASELEA%20Work/IMI%20Final%20Git%20pull%20app/IMI-GLASS-APP/app/sr
c/main/java/com/sdk/glassessdksample/LoginActivity.kt:1:104 Expecting a top 
level declaration
e: file:///D:/ASELEA%20Work/IMI%20Final%20Git%20pull%20app/IMI-GLASS-APP/app/sr
c/main/java/com/sdk/glassessdksample/LoginActivity.kt:1:105 Expecting a top 
level declaration
e: file:///D:/ASELEA%20Work/IMI%20Final%20Git%20pull%20app/IMI-GLASS-APP/app/sr
c/main/java/com/sdk/glassessdksample/LoginActivity.kt:1:106 Expecting a top 
level declaration
e: file:///D:/ASELEA%20Work/IMI%20Final%20Git%20pull%20app/IMI-GLASS-APP/app/sr
c/main/java/com/sdk/glassessdksample/LoginActivity.kt:1:107 Expecting a top 
level declaration
e: file:///D:/ASELEA%20Work/IMI%20Final%20Git%20pull%20app/IMI-GLASS-APP/app/sr
c/main/java/com/sdk/glassessdksample/LoginActivity.kt:1:108 Expecting a top 
level declaration
e: file:///D:/ASELEA%20Work/IMI%20Final%20Git%20pull%20app/IMI-GLASS-APP/app/sr
c/main/java/com/sdk/glassessdksample/LoginActivity.kt:1:110 Expecting a top 
level declaration
e: file:///D:/ASELEA%20Work/IMI%20Final%20Git%20pull%20app/IMI-GLASS-APP/app/sr
c/main/java/com/sdk/glassessdksample/LoginActivity.kt:1:111 Expecting a top 
level declaration
e: file:///D:/ASELEA%20Work/IMI%20Final%20Git%20pull%20app/IMI-GLASS-APP/app/sr
c/main/java/com/sdk/glassessdksample/LoginActivity.kt:1:112 Expecting a top 
level declaration
e: file:///D:/ASELEA%20Work/IMI%20Final%20Git%20pull%20app/IMI-GLASS-APP/app/sr
c/main/java/com/sdk/glassessdksample/LoginActivity.kt:1:113 Expecting a top 
level declaration
e: file:///D:/ASELEA%20Work/IMI%20Final%20Git%20pull%20app/IMI-GLASS-APP/app/sr
c/main/java/com/sdk/glassessdksample/LoginActivity.kt:1:114 Expecting a top 
level declaration
e: file:///D:/ASELEA%20Work/IMI%20Final%20Git%20pull%20app/IMI-GLASS-APP/app/sr
c/main/java/com/sdk/glassessdksample/LoginActivity.kt:1:115 Expecting a top 
level declaration
e: file:///D:/ASELEA%20Work/IMI%20Final%20Git%20pull%20app/IMI-GLASS-APP/app/sr
c/main/java/com/sdk/glassessdksample/LoginActivity.kt:1:116 Expecting a top 
level declaration
e: file:///D:/ASELEA%20Work/IMI%20Final%20Git%20pull%20app/IMI-GLASS-APP/app/sr
c/main/java/com/sdk/glassessdksample/LoginActivity.kt:1:118 Expecting a top 
level declaration
e: file:///D:/ASELEA%20Work/IMI%20Final%20Git%20pull%20app/IMI-GLASS-APP/app/sr
c/main/java/com/sdk/glassessdksample/LoginActivity.kt:1:119 Expecting a top 
level declaration
e: file:///D:/ASELEA%20Work/IMI%20Final%20Git%20pull%20app/IMI-GLASS-APP/app/sr
c/main/java/com/sdk/glassessdksample/LoginActivity.kt:1:122 Expecting a top 
level declaration
e: file:///D:/ASELEA%20Work/IMI%20Final%20Git%20pull%20app/IMI-GLASS-APP/app/sr
c/main/java/com/sdk/glassessdksample/LoginActivity.kt:1:123 Expecting a top 
level declaration
e: file:///D:/ASELEA%20Work/IMI%20Final%20Git%20pull%20app/IMI-GLASS-APP/app/sr
c/main/java/com/sdk/glassessdksample/LoginActivity.kt:1:124 Expecting a top 
level declaration
e: file:///D:/ASELEA%20Work/IMI%20Final%20Git%20pull%20app/IMI-GLASS-APP/app/sr
c/main/java/com/sdk/glassessdksample/LoginActivity.kt:2:1 Expecting a top 
level declaration
e: file:///D:/ASELEA%20Work/IMI%20Final%20Git%20pull%20app/IMI-GLASS-APP/app/sr
c/main/java/com/sdk/glassessdksample/LoginActivity.kt:2:4 Expecting a top 
level declaration
e: file:///D:/ASELEA%20Work/IMI%20Final%20Git%20pull%20app/IMI-GLASS-APP/app/sr
c/main/java/com/sdk/glassessdksample/LoginActivity.kt:2:5 Expecting a top 
level declaration
e: file:///D:/ASELEA%20Work/IMI%20Final%20Git%20pull%20app/IMI-GLASS-APP/app/sr
c/main/java/com/sdk/glassessdksample/LoginActivity.kt:2:9 Expecting a top 
level declaration
e: file:///D:/ASELEA%20Work/IMI%20Final%20Git%20pull%20app/IMI-GLASS-APP/app/sr
c/main/java/com/sdk/glassessdksample/LoginActivity.kt:2:10 Expecting a top 
level declaration
e: file:///D:/ASELEA%20Work/IMI%20Final%20Git%20pull%20app/IMI-GLASS-APP/app/sr
c/main/java/com/sdk/glassessdksample/LoginActivity.kt:2:12 Expecting a top 
level declaration
e: file:///D:/ASELEA%20Work/IMI%20Final%20Git%20pull%20app/IMI-GLASS-APP/app/sr
c/main/java/com/sdk/glassessdksample/LoginActivity.kt:2:13 Expecting a top 
level declaration
e: file:///D:/ASELEA%20Work/IMI%20Final%20Git%20pull%20app/IMI-GLASS-APP/app/sr
c/main/java/com/sdk/glassessdksample/LoginActivity.kt:2:14 Expecting a top 
level declaration
e: file:///D:/ASELEA%20Work/IMI%20Final%20Git%20pull%20app/IMI-GLASS-APP/app/sr
c/main/java/com/sdk/glassessdksample/LoginActivity.kt:2:23 Expecting a top 
level declaration
e: file:///D:/ASELEA%20Work/IMI%20Final%20Git%20pull%20app/IMI-GLASS-APP/app/sr
c/main/java/com/sdk/glassessdksample/LoginActivity.kt:2:24 Expecting a top 
level declaration
e: file:///D:/ASELEA%20Work/IMI%20Final%20Git%20pull%20app/IMI-GLASS-APP/app/sr
c/main/java/com/sdk/glassessdksample/LoginActivity.kt:2:25 Expecting a top 
level declaration
e: file:///D:/ASELEA%20Work/IMI%20Final%20Git%20pull%20app/IMI-GLASS-APP/app/sr
c/main/java/com/sdk/glassessdksample/LoginActivity.kt:2:26 Expecting a top 
level declaration
e: file:///D:/ASELEA%20Work/IMI%20Final%20Git%20pull%20app/IMI-GLASS-APP/app/sr
c/main/java/com/sdk/glassessdksample/LoginActivity.kt:2:27 Expecting a top 
level declaration
e: file:///D:/ASELEA%20Work/IMI%20Final%20Git%20pull%20app/IMI-GLASS-APP/app/sr
c/main/java/com/sdk/glassessdksample/LoginActivity.kt:2:28 Expecting a top 
level declaration
e: file:///D:/ASELEA%20Work/IMI%20Final%20Git%20pull%20app/IMI-GLASS-APP/app/sr
c/main/java/com/sdk/glassessdksample/LoginActivity.kt:2:29 Expecting a top 
level declaration
e: file:///D:/ASELEA%20Work/IMI%20Final%20Git%20pull%20app/IMI-GLASS-APP/app/sr
c/main/java/com/sdk/glassessdksample/LoginActivity.kt:2:30 Expecting a top 
level declaration
e: file:///D:/ASELEA%20Work/IMI%20Final%20Git%20pull%20app/IMI-GLASS-APP/app/sr
c/main/java/com/sdk/glassessdksample/LoginActivity.kt:2:31 Expecting a top 
level declaration
e: file:///D:/ASELEA%20Work/IMI%20Final%20Git%20pull%20app/IMI-GLASS-APP/app/sr
c/main/java/com/sdk/glassessdksample/LoginActivity.kt:2:32 Expecting a top 
level declaration
e: file:///D:/ASELEA%20Work/IMI%20Final%20Git%20pull%20app/IMI-GLASS-APP/app/sr
c/main/java/com/sdk/glassessdksample/LoginActivity.kt:2:33 Expecting a top 
level declaration
e: file:///D:/ASELEA%20Work/IMI%20Final%20Git%20pull%20app/IMI-GLASS-APP/app/sr
c/main/java/com/sdk/glassessdksample/LoginActivity.kt:2:34 Expecting an element
e: file:///D:/ASELEA%20Work/IMI%20Final%20Git%20pull%20app/IMI-GLASS-APP/app/sr
c/main/java/com/sdk/glassessdksample/LoginActivity.kt:2:35 Unexpected tokens 
(use ';' to separate expressions on the same line)
e: file:///D:/ASELEA%20Work/IMI%20Final%20Git%20pull%20app/IMI-GLASS-APP/app/sr
c/main/java/com/sdk/glassessdksample/LoginActivity.kt:3:16 Expecting an element
e: file:///D:/ASELEA%20Work/IMI%20Final%20Git%20pull%20app/IMI-GLASS-APP/app/sr
c/main/java/com/sdk/glassessdksample/LoginActivity.kt:3:18 Expecting an element
e: file:///D:/ASELEA%20Work/IMI%20Final%20Git%20pull%20app/IMI-GLASS-APP/app/sr
c/main/java/com/sdk/glassessdksample/LoginActivity.kt:3:19 Unexpected tokens 
(use ';' to separate expressions on the same line)
e: file:///D:/ASELEA%20Work/IMI%20Final%20Git%20pull%20app/IMI-GLASS-APP/app/sr
c/main/java/com/sdk/glassessdksample/LoginActivity.kt:3:42 Unexpected tokens 
(use ';' to separate expressions on the same line)
e: file:///D:/ASELEA%20Work/IMI%20Final%20Git%20pull%20app/IMI-GLASS-APP/app/sr
c/main/java/com/sdk/glassessdksample/LoginActivity.kt:3:213 Expecting an 
element
e: file:///D:/ASELEA%20Work/IMI%20Final%20Git%20pull%20app/IMI-GLASS-APP/app/sr
c/main/java/com/sdk/glassessdksample/LoginActivity.kt:3:214 Unexpected tokens 
(use ';' to separate expressions on the same line)
e: file:///D:/ASELEA%20Work/IMI%20Final%20Git%20pull%20app/IMI-GLASS-APP/app/sr
c/main/java/com/sdk/glassessdksample/LoginActivity.kt:4:4 Unexpected tokens 
(use ';' to separate expressions on the same line)
e: file:///D:/ASELEA%20Work/IMI%20Final%20Git%20pull%20app/IMI-GLASS-APP/app/sr
c/main/java/com/sdk/glassessdksample/LoginActivity.kt:4:34 Expecting an element
e: file:///D:/ASELEA%20Work/IMI%20Final%20Git%20pull%20app/IMI-GLASS-APP/app/sr
c/main/java/com/sdk/glassessdksample/LoginActivity.kt:4:35 Unexpected tokens 
(use ';' to separate expressions on the same line)
e: file:///D:/ASELEA%20Work/IMI%20Final%20Git%20pull%20app/IMI-GLASS-APP/app/sr
c/main/java/com/sdk/glassessdksample/LoginActivity.kt:5:16 Expecting an element
e: file:///D:/ASELEA%20Work/IMI%20Final%20Git%20pull%20app/IMI-GLASS-APP/app/sr
c/main/java/com/sdk/glassessdksample/LoginActivity.kt:5:18 Expecting an element
e: file:///D:/ASELEA%20Work/IMI%20Final%20Git%20pull%20app/IMI-GLASS-APP/app/sr
c/main/java/com/sdk/glassessdksample/LoginActivity.kt:5:19 Unexpected tokens 
(use ';' to separate expressions on the same line)
e: file:///D:/ASELEA%20Work/IMI%20Final%20Git%20pull%20app/IMI-GLASS-APP/app/sr
c/main/java/com/sdk/glassessdksample/LoginActivity.kt:5:42 Unexpected tokens 
(use ';' to separate expressions on the same line)
e: file:///D:/ASELEA%20Work/IMI%20Final%20Git%20pull%20app/IMI-GLASS-APP/app/sr
c/main/java/com/sdk/glassessdksample/LoginActivity.kt:5:213 Expecting an 
element
e: file:///D:/ASELEA%20Work/IMI%20Final%20Git%20pull%20app/IMI-GLASS-APP/app/sr
c/main/java/com/sdk/glassessdksample/LoginActivity.kt:5:214 Unexpected tokens 
(use ';' to separate expressions on the same line)
e: file:///D:/ASELEA%20Work/IMI%20Final%20Git%20pull%20app/IMI-GLASS-APP/app/sr
c/main/java/com/sdk/glassessdksample/LoginActivity.kt:6:4 Unexpected tokens 
(use ';' to separate expressions on the same line)
e: file:///D:/ASELEA%20Work/IMI%20Final%20Git%20pull%20app/IMI-GLASS-APP/app/sr
c/main/java/com/sdk/glassessdksample/LoginActivity.kt:6:34 Expecting an element
e: file:///D:/ASELEA%20Work/IMI%20Final%20Git%20pull%20app/IMI-GLASS-APP/app/sr
c/main/java/com/sdk/glassessdksample/LoginActivity.kt:6:35 Unexpected tokens 
(use ';' to separate expressions on the same line)
e: file:///D:/ASELEA%20Work/IMI%20Final%20Git%20pull%20app/IMI-GLASS-APP/app/sr
c/main/java/com/sdk/glassessdksample/LoginActivity.kt:7:16 Expecting an element
e: file:///D:/ASELEA%20Work/IMI%20Final%20Git%20pull%20app/IMI-GLASS-APP/app/sr
c/main/java/com/sdk/glassessdksample/LoginActivity.kt:7:18 Expecting an element
e: file:///D:/ASELEA%20Work/IMI%20Final%20Git%20pull%20app/IMI-GLASS-APP/app/sr
c/main/java/com/sdk/glassessdksample/LoginActivity.kt:7:19 Unexpected tokens 
(use ';' to separate expressions on the same line)
e: file:///D:/ASELEA%20Work/IMI%20Final%20Git%20pull%20app/IMI-GLASS-APP/app/sr
c/main/java/com/sdk/glassessdksample/LoginActivity.kt:7:42 Unexpected tokens 
(use ';' to separate expressions on the same line)
e: file:///D:/ASELEA%20Work/IMI%20Final%20Git%20pull%20app/IMI-GLASS-APP/app/sr
c/main/java/com/sdk/glassessdksample/LoginActivity.kt:7:213 Expecting an 
element
e: file:///D:/ASELEA%20Work/IMI%20Final%20Git%20pull%20app/IMI-GLASS-APP/app/sr
c/main/java/com/sdk/glassessdksample/LoginActivity.kt:7:214 Unexpected tokens 
(use ';' to separate expressions on the same line)
e: file:///D:/ASELEA%20Work/IMI%20Final%20Git%20pull%20app/IMI-GLASS-APP/app/sr
c/main/java/com/sdk/glassessdksample/LoginActivity.kt:8:4 Unexpected tokens 
(use ';' to separate expressions on the same line)
e: file:///D:/ASELEA%20Work/IMI%20Final%20Git%20pull%20app/IMI-GLASS-APP/app/sr
c/main/java/com/sdk/glassessdksample/LoginActivity.kt:8:34 Expecting an element
e: file:///D:/ASELEA%20Work/IMI%20Final%20Git%20pull%20app/IMI-GLASS-APP/app/sr
c/main/java/com/sdk/glassessdksample/LoginActivity.kt:8:35 Unexpected tokens 
(use ';' to separate expressions on the same line)
e: file:///D:/ASELEA%20Work/IMI%20Final%20Git%20pull%20app/IMI-GLASS-APP/app/sr
c/main/java/com/sdk/glassessdksample/LoginActivity.kt:9:16 Expecting an element
e: file:///D:/ASELEA%20Work/IMI%20Final%20Git%20pull%20app/IMI-GLASS-APP/app/sr
c/main/java/com/sdk/glassessdksample/LoginActivity.kt:9:18 Expecting an element
e: file:///D:/ASELEA%20Work/IMI%20Final%20Git%20pull%20app/IMI-GLASS-APP/app/sr
c/main/java/com/sdk/glassessdksample/LoginActivity.kt:9:19 Unexpected tokens 
(use ';' to separate expressions on the same line)
e: file:///D:/ASELEA%20Work/IMI%20Final%20Git%20pull%20app/IMI-GLASS-APP/app/sr
c/main/java/com/sdk/glassessdksample/LoginActivity.kt:9:42 Unexpected tokens 
(use ';' to separate expressions on the same line)
e: file:///D:/ASELEA%20Work/IMI%20Final%20Git%20pull%20app/IMI-GLASS-APP/app/sr
c/main/java/com/sdk/glassessdksample/LoginActivity.kt:9:213 Expecting an 
element
e: file:///D:/ASELEA%20Work/IMI%20Final%20Git%20pull%20app/IMI-GLASS-APP/app/sr
c/main/java/com/sdk/glassessdksample/LoginActivity.kt:9:214 Unexpected tokens 
(use ';' to separate expressions on the same line)
e: file:///D:/ASELEA%20Work/IMI%20Final%20Git%20pull%20app/IMI-GLASS-APP/app/sr
c/main/java/com/sdk/glassessdksample/LoginActivity.kt:10:4 Unexpected tokens 
(use ';' to separate expressions on the same line)
e: file:///D:/ASELEA%20Work/IMI%20Final%20Git%20pull%20app/IMI-GLASS-APP/app/sr
c/main/java/com/sdk/glassessdksample/LoginActivity.kt:10:34 Expecting an 
element
e: file:///D:/ASELEA%20Work/IMI%20Final%20Git%20pull%20app/IMI-GLASS-APP/app/sr
c/main/java/com/sdk/glassessdksample/LoginActivity.kt:10:35 Unexpected tokens 
(use ';' to separate expressions on the same line)
e: file:///D:/ASELEA%20Work/IMI%20Final%20Git%20pull%20app/IMI-GLASS-APP/app/sr
c/main/java/com/sdk/glassessdksample/LoginActivity.kt:11:16 Expecting an 
element
e: file:///D:/ASELEA%20Work/IMI%20Final%20Git%20pull%20app/IMI-GLASS-APP/app/sr
c/main/java/com/sdk/glassessdksample/LoginActivity.kt:11:18 Expecting an 
element
e: file:///D:/ASELEA%20Work/IMI%20Final%20Git%20pull%20app/IMI-GLASS-APP/app/sr
c/main/java/com/sdk/glassessdksample/LoginActivity.kt:11:19 Unexpected tokens 
(use ';' to separate expressions on the same line)
e: file:///D:/ASELEA%20Work/IMI%20Final%20Git%20pull%20app/IMI-GLASS-APP/app/sr
c/main/java/com/sdk/glassessdksample/LoginActivity.kt:11:42 Unexpected tokens 
(use ';' to separate expressions on the same line)
e: file:///D:/ASELEA%20Work/IMI%20Final%20Git%20pull%20app/IMI-GLASS-APP/app/sr
c/main/java/com/sdk/glassessdksample/LoginActivity.kt:11:213 Expecting an 
element
e: file:///D:/ASELEA%20Work/IMI%20Final%20Git%20pull%20app/IMI-GLASS-APP/app/sr
c/main/java/com/sdk/glassessdksample/LoginActivity.kt:11:214 Unexpected tokens 
(use ';' to separate expressions on the same line)
e: file:///D:/ASELEA%20Work/IMI%20Final%20Git%20pull%20app/IMI-GLASS-APP/app/sr
c/main/java/com/sdk/glassessdksample/LoginActivity.kt:12:4 Unexpected tokens 
(use ';' to separate expressions on the same line)
e: file:///D:/ASELEA%20Work/IMI%20Final%20Git%20pull%20app/IMI-GLASS-APP/app/sr
c/main/java/com/sdk/glassessdksample/LoginActivity.kt:12:34 Expecting an 
element
e: file:///D:/ASELEA%20Work/IMI%20Final%20Git%20pull%20app/IMI-GLASS-APP/app/sr
c/main/java/com/sdk/glassessdksample/LoginActivity.kt:12:35 Unexpected tokens 
(use ';' to separate expressions on the same line)
e: file:///D:/ASELEA%20Work/IMI%20Final%20Git%20pull%20app/IMI-GLASS-APP/app/sr
c/main/java/com/sdk/glassessdksample/LoginActivity.kt:13:16 Expecting an 
element
e: file:///D:/ASELEA%20Work/IMI%20Final%20Git%20pull%20app/IMI-GLASS-APP/app/sr
c/main/java/com/sdk/glassessdksample/LoginActivity.kt:13:18 Expecting an 
element
e: file:///D:/ASELEA%20Work/IMI%20Final%20Git%20pull%20app/IMI-GLASS-APP/app/sr
c/main/java/com/sdk/glassessdksample/LoginActivity.kt:13:19 Unexpected tokens 
(use ';' to separate expressions on the same line)
e: file:///D:/ASELEA%20Work/IMI%20Final%20Git%20pull%20app/IMI-GLASS-APP/app/sr
c/main/java/com/sdk/glassessdksample/LoginActivity.kt:13:42 Unexpected tokens 
(use ';' to separate expressions on the same line)
e: file:///D:/ASELEA%20Work/IMI%20Final%20Git%20pull%20app/IMI-GLASS-APP/app/sr
c/main/java/com/sdk/glassessdksample/LoginActivity.kt:13:73 Expecting '}'
e: file:///D:/ASELEA%20Work/IMI%20Final%20Git%20pull%20app/IMI-GLASS-APP/app/sr
c/main/java/com/sdk/glassessdksample/LoginActivity.kt:3:1 Unresolved 
reference: P▌└∙F╦
e: file:///D:/ASELEA%20Work/IMI%20Final%20Git%20pull%20app/IMI-GLASS-APP/app/sr
c/main/java/com/sdk/glassessdksample/LoginActivity.kt:4:1 Unresolved 
reference: £█f
e: file:///D:/ASELEA%20Work/IMI%20Final%20Git%20pull%20app/IMI-GLASS-APP/app/sr
c/main/java/com/sdk/glassessdksample/LoginActivity.kt:5:1 Unresolved 
reference: P▌└∙F╦
e: file:///D:/ASELEA%20Work/IMI%20Final%20Git%20pull%20app/IMI-GLASS-APP/app/sr
c/main/java/com/sdk/glassessdksample/LoginActivity.kt:6:1 Unresolved 
reference: £█f
e: file:///D:/ASELEA%20Work/IMI%20Final%20Git%20pull%20app/IMI-GLASS-APP/app/sr
c/main/java/com/sdk/glassessdksample/LoginActivity.kt:7:1 Unresolved 
reference: P▌└∙F╦
e: file:///D:/ASELEA%20Work/IMI%20Final%20Git%20pull%20app/IMI-GLASS-APP/app/sr
c/main/java/com/sdk/glassessdksample/LoginActivity.kt:8:1 Unresolved 
reference: £█f
e: file:///D:/ASELEA%20Work/IMI%20Final%20Git%20pull%20app/IMI-GLASS-APP/app/sr
c/main/java/com/sdk/glassessdksample/LoginActivity.kt:9:1 Unresolved 
reference: P▌└∙F╦
e: file:///D:/ASELEA%20Work/IMI%20Final%20Git%20pull%20app/IMI-GLASS-APP/app/sr
c/main/java/com/sdk/glassessdksample/LoginActivity.kt:10:1 Unresolved 
reference: £█f
e: file:///D:/ASELEA%20Work/IMI%20Final%20Git%20pull%20app/IMI-GLASS-APP/app/sr
c/main/java/com/sdk/glassessdksample/LoginActivity.kt:11:1 Unresolved 
reference: P▌└∙F╦
e: file:///D:/ASELEA%20Work/IMI%20Final%20Git%20pull%20app/IMI-GLASS-APP/app/sr
c/main/java/com/sdk/glassessdksample/LoginActivity.kt:12:1 Unresolved 
reference: £█f
e: file:///D:/ASELEA%20Work/IMI%20Final%20Git%20pull%20app/IMI-GLASS-APP/app/sr
c/main/java/com/sdk/glassessdksample/LoginActivity.kt:13:1 Unresolved 
reference: P▌└∙F╦
e: file:///D:/ASELEA%20Work/IMI%20Final%20Git%20pull%20app/IMI-GLASS-APP/app/sr
c/main/java/com/sdk/glassessdksample/ProfileActivity.kt:190:35 Unresolved 
reference: LoginActivity
e: file:///D:/ASELEA%20Work/IMI%20Final%20Git%20pull%20app/IMI-GLASS-APP/app/sr
c/main/java/com/sdk/glassessdksample/SignUpActivity.kt:36:40 Unresolved 
reference: LoginActivity
e: file:///D:/ASELEA%20Work/IMI%20Final%20Git%20pull%20app/IMI-GLASS-APP/app/sr
c/main/java/com/sdk/glassessdksample/ui/ActiveMeetingActivity.kt:346:26 
Unresolved reference: RemoteConfigManager
e: file:///D:/ASELEA%20Work/IMI%20Final%20Git%20pull%20app/IMI-GLASS-APP/app/sr
c/main/java/com/sdk/glassessdksample/ui/ActiveMeetingActivity.kt:501:26 
Unresolved reference: RemoteConfigManager
e: file:///D:/ASELEA%20Work/IMI%20Final%20Git%20pull%20app/IMI-GLASS-APP/app/sr
c/main/java/com/sdk/glassessdksample/ui/ActiveMeetingActivity.kt:555:26 
Unresolved reference: RemoteConfigManager
e: file:///D:/ASELEA%20Work/IMI%20Final%20Git%20pull%20app/IMI-GLASS-APP/app/sr
c/main/java/com/sdk/glassessdksample/ui/ChatActivity.kt:172:26 Unresolved 
reference: RemoteConfigManager
e: file:///D:/ASELEA%20Work/IMI%20Final%20Git%20pull%20app/IMI-GLASS-APP/app/sr
c/main/java/com/sdk/glassessdksample/ui/GeminiAiClient.kt:174:22 Unresolved 
reference: RemoteConfigManager
e: file:///D:/ASELEA%20Work/IMI%20Final%20Git%20pull%20app/IMI-GLASS-APP/app/sr
c/main/java/com/sdk/glassessdksample/ui/GeminiAiClient.kt:252:30 Unresolved 
reference: RemoteConfigManager
e: file:///D:/ASELEA%20Work/IMI%20Final%20Git%20pull%20app/IMI-GLASS-APP/app/sr
c/main/java/com/sdk/glassessdksample/ui/GeminiLiveApiClient.kt:83:147 
Unresolved reference: RemoteConfigManager
e: file:///D:/ASELEA%20Work/IMI%20Final%20Git%20pull%20app/IMI-GLASS-APP/app/sr
c/main/java/com/sdk/glassessdksample/ui/GeminiLiveService.kt:289:13 Unresolved 
reference: RemoteConfigManager
e: file:///D:/ASELEA%20Work/IMI%20Final%20Git%20pull%20app/IMI-GLASS-APP/app/sr
c/main/java/com/sdk/glassessdksample/ui/GeminiLiveService.kt:291:13 Unresolved 
reference: RemoteConfigManager
e: file:///D:/ASELEA%20Work/IMI%20Final%20Git%20pull%20app/IMI-GLASS-APP/app/sr
c/main/java/com/sdk/glassessdksample/ui/SplashActivity.kt:46:63 Unresolved 
reference: LoginActivity
e: file:///D:/ASELEA%20Work/IMI%20Final%20Git%20pull%20app/IMI-GLASS-APP/app/sr
c/main/java/com/sdk/glassessdksample/wakeword/PorcupineWakeWordDetector.kt:54:2
5 Unresolved reference: RemoteConfigManager

> Task :app:compileReleaseKotlin FAILED

FAILURE: Build failed with an exception.

* What went wrong:
Execution failed for task ':app:compileReleaseKotlin'.
> A failure occurred while executing org.jetbrains.kotlin.compilerRunner.Gradle
CompilerRunnerWithWorkers$GradleKotlinCompilerWorkAction
   > Compilation error. See log for more details

* Try:
> Run with --info or --debug option to get more log output.
> Run with --scan to get full insights.
> Get more help at https://help.gradle.org.

* Exception is:
org.gradle.api.tasks.TaskExecutionException: Execution failed for task 
':app:compileReleaseKotlin'.
	at org.gradle.api.internal.tasks.execution.ExecuteActionsTaskExecuter.lambda$e
xecuteIfValid$1(ExecuteActionsTaskExecuter.java:130)
	at org.gradle.internal.Try$Failure.ifSuccessfulOrElse(Try.java:282)
	at org.gradle.api.internal.tasks.execution.ExecuteActionsTaskExecuter.executeI
fValid(ExecuteActionsTaskExecuter.java:128)
	at org.gradle.api.internal.tasks.execution.ExecuteActionsTaskExecuter.execute(
ExecuteActionsTaskExecuter.java:116)
	at org.gradle.api.internal.tasks.execution.FinalizePropertiesTaskExecuter.exec
ute(FinalizePropertiesTaskExecuter.java:46)
	at org.gradle.api.internal.tasks.execution.ResolveTaskExecutionModeExecuter.ex
ecute(ResolveTaskExecutionModeExecuter.java:51)
	at org.gradle.api.internal.tasks.execution.SkipTaskWithNoActionsExecuter.execu
te(SkipTaskWithNoActionsExecuter.java:57)
	at org.gradle.api.internal.tasks.execution.SkipOnlyIfTaskExecuter.execute(Skip
OnlyIfTaskExecuter.java:74)
	at org.gradle.api.internal.tasks.execution.CatchExceptionTaskExecuter.execute(
CatchExceptionTaskExecuter.java:36)
	at org.gradle.api.internal.tasks.execution.EventFiringTaskExecuter$1.executeTa
sk(EventFiringTaskExecuter.java:77)
	at org.gradle.api.internal.tasks.execution.EventFiringTaskExecuter$1.call(Even
tFiringTaskExecuter.java:55)
	at org.gradle.api.internal.tasks.execution.EventFiringTaskExecuter$1.call(Even
tFiringTaskExecuter.java:52)
	at org.gradle.internal.operations.DefaultBuildOperationRunner$CallableBuildOpe
rationWorker.execute(DefaultBuildOperationRunner.java:200)
	at org.gradle.internal.operations.DefaultBuildOperationRunner$CallableBuildOpe
rationWorker.execute(DefaultBuildOperationRunner.java:195)
	at org.gradle.internal.operations.DefaultBuildOperationRunner$2.execute(Defaul
tBuildOperationRunner.java:66)
	at org.gradle.internal.operations.DefaultBuildOperationRunner$2.execute(Defaul
tBuildOperationRunner.java:59)
	at org.gradle.internal.operations.DefaultBuildOperationRunner.execute(DefaultB
uildOperationRunner.java:157)
	at org.gradle.internal.operations.DefaultBuildOperationRunner.execute(DefaultB
uildOperationRunner.java:59)
	at org.gradle.internal.operations.DefaultBuildOperationRunner.call(DefaultBuil
dOperationRunner.java:53)
	at org.gradle.internal.operations.DefaultBuildOperationExecutor.call(DefaultBu
ildOperationExecutor.java:73)
	at org.gradle.api.internal.tasks.execution.EventFiringTaskExecuter.execute(Eve
ntFiringTaskExecuter.java:52)
	at org.gradle.execution.plan.LocalTaskNodeExecutor.execute(LocalTaskNodeExecut
or.java:42)
	at org.gradle.execution.taskgraph.DefaultTaskExecutionGraph$InvokeNodeExecutor
sAction.execute(DefaultTaskExecutionGraph.java:331)
	at org.gradle.execution.taskgraph.DefaultTaskExecutionGraph$InvokeNodeExecutor
sAction.execute(DefaultTaskExecutionGraph.java:318)
	at org.gradle.execution.taskgraph.DefaultTaskExecutionGraph$BuildOperationAwar
eExecutionAction.lambda$execute$0(DefaultTaskExecutionGraph.java:314)
	at org.gradle.internal.operations.CurrentBuildOperationRef.with(CurrentBuildOp
erationRef.java:80)
	at org.gradle.execution.taskgraph.DefaultTaskExecutionGraph$BuildOperationAwar
eExecutionAction.execute(DefaultTaskExecutionGraph.java:314)
	at org.gradle.execution.taskgraph.DefaultTaskExecutionGraph$BuildOperationAwar
eExecutionAction.execute(DefaultTaskExecutionGraph.java:303)
	at org.gradle.execution.plan.DefaultPlanExecutor$ExecutorWorker.execute(Defaul
tPlanExecutor.java:463)
	at org.gradle.execution.plan.DefaultPlanExecutor$ExecutorWorker.run(DefaultPla
nExecutor.java:380)
	at org.gradle.internal.concurrent.ExecutorPolicy$CatchAndRecordFailures.onExec
ute(ExecutorPolicy.java:64)
	at org.gradle.internal.concurrent.AbstractManagedExecutor$1.run(AbstractManage
dExecutor.java:47)
Caused by: 
org.gradle.workers.internal.DefaultWorkerExecutor$WorkExecutionException: A 
failure occurred while executing org.jetbrains.kotlin.compilerRunner.GradleComp
ilerRunnerWithWorkers$GradleKotlinCompilerWorkAction
	at org.gradle.workers.internal.DefaultWorkerExecutor$WorkItemExecution.waitFor
Completion(DefaultWorkerExecutor.java:287)
	at org.gradle.internal.work.DefaultAsyncWorkTracker.lambda$waitForItemsAndGath
erFailures$2(DefaultAsyncWorkTracker.java:130)
	at org.gradle.internal.Factories$1.create(Factories.java:31)
	at org.gradle.internal.work.DefaultWorkerLeaseService.withoutLocks(DefaultWork
erLeaseService.java:336)
	at org.gradle.internal.work.DefaultWorkerLeaseService.withoutLocks(DefaultWork
erLeaseService.java:319)
	at org.gradle.internal.work.DefaultWorkerLeaseService.withoutLock(DefaultWorke
rLeaseService.java:324)
	at org.gradle.internal.work.DefaultAsyncWorkTracker.waitForItemsAndGatherFailu
res(DefaultAsyncWorkTracker.java:126)
	at org.gradle.internal.work.DefaultAsyncWorkTracker.waitForItemsAndGatherFailu
res(DefaultAsyncWorkTracker.java:92)
	at org.gradle.internal.work.DefaultAsyncWorkTracker.waitForAll(DefaultAsyncWor
kTracker.java:78)
	at org.gradle.internal.work.DefaultAsyncWorkTracker.waitForCompletion(DefaultA
syncWorkTracker.java:66)
	at org.gradle.api.internal.tasks.execution.TaskExecution$3.run(TaskExecution.j
ava:252)
	at org.gradle.internal.operations.DefaultBuildOperationRunner$1.execute(Defaul
tBuildOperationRunner.java:29)
	at org.gradle.internal.operations.DefaultBuildOperationRunner$1.execute(Defaul
tBuildOperationRunner.java:26)
	at org.gradle.internal.operations.DefaultBuildOperationRunner$2.execute(Defaul
tBuildOperationRunner.java:66)
	at org.gradle.internal.operations.DefaultBuildOperationRunner$2.execute(Defaul
tBuildOperationRunner.java:59)
	at org.gradle.internal.operations.DefaultBuildOperationRunner.execute(DefaultB
uildOperationRunner.java:157)
	at org.gradle.internal.operations.DefaultBuildOperationRunner.execute(DefaultB
uildOperationRunner.java:59)
	at org.gradle.internal.operations.DefaultBuildOperationRunner.run(DefaultBuild
OperationRunner.java:47)
	at org.gradle.internal.operations.DefaultBuildOperationExecutor.run(DefaultBui
ldOperationExecutor.java:68)
	at org.gradle.api.internal.tasks.execution.TaskExecution.executeAction(TaskExe
cution.java:229)
	at org.gradle.api.internal.tasks.execution.TaskExecution.executeActions(TaskEx
ecution.java:212)
	at org.gradle.api.internal.tasks.execution.TaskExecution.executeWithPreviousOu
tputFiles(TaskExecution.java:195)
	at org.gradle.api.internal.tasks.execution.TaskExecution.execute(TaskExecution
.java:162)
	at org.gradle.internal.execution.steps.ExecuteStep.executeInternal(ExecuteStep
.java:105)
	at 
org.gradle.internal.execution.steps.ExecuteStep.access$000(ExecuteStep.java:44)
	at org.gradle.internal.execution.steps.ExecuteStep$1.call(ExecuteStep.java:59)
	at org.gradle.internal.execution.steps.ExecuteStep$1.call(ExecuteStep.java:56)
	at org.gradle.internal.operations.DefaultBuildOperationRunner$CallableBuildOpe
rationWorker.execute(DefaultBuildOperationRunner.java:200)
	at org.gradle.internal.operations.DefaultBuildOperationRunner$CallableBuildOpe
rationWorker.execute(DefaultBuildOperationRunner.java:195)
	at org.gradle.internal.operations.DefaultBuildOperationRunner$2.execute(Defaul
tBuildOperationRunner.java:66)
	at org.gradle.internal.operations.DefaultBuildOperationRunner$2.execute(Defaul
tBuildOperationRunner.java:59)
	at org.gradle.internal.operations.DefaultBuildOperationRunner.execute(DefaultB
uildOperationRunner.java:157)
	at org.gradle.internal.operations.DefaultBuildOperationRunner.execute(DefaultB
uildOperationRunner.java:59)
	at org.gradle.internal.operations.DefaultBuildOperationRunner.call(DefaultBuil
dOperationRunner.java:53)
	at org.gradle.internal.operations.DefaultBuildOperationExecutor.call(DefaultBu
ildOperationExecutor.java:73)
	at 
org.gradle.internal.execution.steps.ExecuteStep.execute(ExecuteStep.java:56)
	at 
org.gradle.internal.execution.steps.ExecuteStep.execute(ExecuteStep.java:44)
	at org.gradle.internal.execution.steps.CancelExecutionStep.execute(CancelExecu
tionStep.java:41)
	at org.gradle.internal.execution.steps.TimeoutStep.executeWithoutTimeout(Timeo
utStep.java:74)
	at 
org.gradle.internal.execution.steps.TimeoutStep.execute(TimeoutStep.java:55)
	at org.gradle.internal.execution.steps.PreCreateOutputParentsStep.execute(PreC
reateOutputParentsStep.java:50)
	at org.gradle.internal.execution.steps.PreCreateOutputParentsStep.execute(PreC
reateOutputParentsStep.java:28)
	at org.gradle.internal.execution.steps.RemovePreviousOutputsStep.execute(Remov
ePreviousOutputsStep.java:67)
	at org.gradle.internal.execution.steps.RemovePreviousOutputsStep.execute(Remov
ePreviousOutputsStep.java:37)
	at org.gradle.internal.execution.steps.BroadcastChangingOutputsStep.execute(Br
oadcastChangingOutputsStep.java:61)
	at org.gradle.internal.execution.steps.BroadcastChangingOutputsStep.execute(Br
oadcastChangingOutputsStep.java:26)
	at org.gradle.internal.execution.steps.CaptureOutputsAfterExecutionStep.execut
e(CaptureOutputsAfterExecutionStep.java:67)
	at org.gradle.internal.execution.steps.CaptureOutputsAfterExecutionStep.execut
e(CaptureOutputsAfterExecutionStep.java:45)
	at org.gradle.internal.execution.steps.ResolveInputChangesStep.execute(Resolve
InputChangesStep.java:40)
	at org.gradle.internal.execution.steps.ResolveInputChangesStep.execute(Resolve
InputChangesStep.java:29)
	at org.gradle.internal.execution.steps.BuildCacheStep.executeWithoutCache(Buil
dCacheStep.java:189)
	at org.gradle.internal.execution.steps.BuildCacheStep.lambda$execute$1(BuildCa
cheStep.java:75)
	at org.gradle.internal.Either$Right.fold(Either.java:175)
	at 
org.gradle.internal.execution.caching.CachingState.fold(CachingState.java:62)
	at org.gradle.internal.execution.steps.BuildCacheStep.execute(BuildCacheStep.j
ava:73)
	at org.gradle.internal.execution.steps.BuildCacheStep.execute(BuildCacheStep.j
ava:48)
	at org.gradle.internal.execution.steps.StoreExecutionStateStep.execute(StoreEx
ecutionStateStep.java:46)
	at org.gradle.internal.execution.steps.StoreExecutionStateStep.execute(StoreEx
ecutionStateStep.java:35)
	at org.gradle.internal.execution.steps.SkipUpToDateStep.executeBecause(SkipUpT
oDateStep.java:76)
	at org.gradle.internal.execution.steps.SkipUpToDateStep.lambda$execute$2(SkipU
pToDateStep.java:54)
	at org.gradle.internal.execution.steps.SkipUpToDateStep.execute(SkipUpToDateSt
ep.java:54)
	at org.gradle.internal.execution.steps.SkipUpToDateStep.execute(SkipUpToDateSt
ep.java:36)
	at org.gradle.internal.execution.steps.legacy.MarkSnapshottingInputsFinishedSt
ep.execute(MarkSnapshottingInputsFinishedStep.java:37)
	at org.gradle.internal.execution.steps.legacy.MarkSnapshottingInputsFinishedSt
ep.execute(MarkSnapshottingInputsFinishedStep.java:27)
	at org.gradle.internal.execution.steps.ResolveIncrementalCachingStateStep.exec
uteDelegate(ResolveIncrementalCachingStateStep.java:49)
	at org.gradle.internal.execution.steps.ResolveIncrementalCachingStateStep.exec
uteDelegate(ResolveIncrementalCachingStateStep.java:27)
	at org.gradle.internal.execution.steps.AbstractResolveCachingStateStep.execute
(AbstractResolveCachingStateStep.java:71)
	at org.gradle.internal.execution.steps.AbstractResolveCachingStateStep.execute
(AbstractResolveCachingStateStep.java:39)
	at org.gradle.internal.execution.steps.ResolveChangesStep.execute(ResolveChang
esStep.java:65)
	at org.gradle.internal.execution.steps.ResolveChangesStep.execute(ResolveChang
esStep.java:36)
	at 
org.gradle.internal.execution.steps.ValidateStep.execute(ValidateStep.java:106)
	at 
org.gradle.internal.execution.steps.ValidateStep.execute(ValidateStep.java:55)
	at org.gradle.internal.execution.steps.AbstractCaptureStateBeforeExecutionStep
.execute(AbstractCaptureStateBeforeExecutionStep.java:64)
	at org.gradle.internal.execution.steps.AbstractCaptureStateBeforeExecutionStep
.execute(AbstractCaptureStateBeforeExecutionStep.java:43)
	at org.gradle.internal.execution.steps.AbstractSkipEmptyWorkStep.executeWithNo
nEmptySources(AbstractSkipEmptyWorkStep.java:125)
	at org.gradle.internal.execution.steps.AbstractSkipEmptyWorkStep.execute(Abstr
actSkipEmptyWorkStep.java:61)
	at org.gradle.internal.execution.steps.AbstractSkipEmptyWorkStep.execute(Abstr
actSkipEmptyWorkStep.java:36)
	at org.gradle.internal.execution.steps.legacy.MarkSnapshottingInputsStartedSte
p.execute(MarkSnapshottingInputsStartedStep.java:38)
	at org.gradle.internal.execution.steps.LoadPreviousExecutionStateStep.execute(
LoadPreviousExecutionStateStep.java:36)
	at org.gradle.internal.execution.steps.LoadPreviousExecutionStateStep.execute(
LoadPreviousExecutionStateStep.java:23)
	at org.gradle.internal.execution.steps.HandleStaleOutputsStep.execute(HandleSt
aleOutputsStep.java:75)
	at org.gradle.internal.execution.steps.HandleStaleOutputsStep.execute(HandleSt
aleOutputsStep.java:41)
	at org.gradle.internal.execution.steps.AssignMutableWorkspaceStep.lambda$execu
te$0(AssignMutableWorkspaceStep.java:35)
	at org.gradle.api.internal.tasks.execution.TaskExecution$4.withWorkspace(TaskE
xecution.java:289)
	at org.gradle.internal.execution.steps.AssignMutableWorkspaceStep.execute(Assi
gnMutableWorkspaceStep.java:31)
	at org.gradle.internal.execution.steps.AssignMutableWorkspaceStep.execute(Assi
gnMutableWorkspaceStep.java:22)
	at org.gradle.internal.execution.steps.ChoosePipelineStep.execute(ChoosePipeli
neStep.java:40)
	at org.gradle.internal.execution.steps.ChoosePipelineStep.execute(ChoosePipeli
neStep.java:23)
	at org.gradle.internal.execution.steps.ExecuteWorkBuildOperationFiringStep.lam
bda$execute$2(ExecuteWorkBuildOperationFiringStep.java:67)
	at org.gradle.internal.execution.steps.ExecuteWorkBuildOperationFiringStep.exe
cute(ExecuteWorkBuildOperationFiringStep.java:67)
	at org.gradle.internal.execution.steps.ExecuteWorkBuildOperationFiringStep.exe
cute(ExecuteWorkBuildOperationFiringStep.java:39)
	at org.gradle.internal.execution.steps.IdentityCacheStep.execute(IdentityCache
Step.java:46)
	at org.gradle.internal.execution.steps.IdentityCacheStep.execute(IdentityCache
Step.java:34)
	at 
org.gradle.internal.execution.steps.IdentifyStep.execute(IdentifyStep.java:48)
	at 
org.gradle.internal.execution.steps.IdentifyStep.execute(IdentifyStep.java:35)
	at org.gradle.internal.execution.impl.DefaultExecutionEngine$1.execute(Default
ExecutionEngine.java:61)
	at org.gradle.api.internal.tasks.execution.ExecuteActionsTaskExecuter.executeI
fValid(ExecuteActionsTaskExecuter.java:127)
	at org.gradle.api.internal.tasks.execution.ExecuteActionsTaskExecuter.execute(
ExecuteActionsTaskExecuter.java:116)
	at org.gradle.api.internal.tasks.execution.FinalizePropertiesTaskExecuter.exec
ute(FinalizePropertiesTaskExecuter.java:46)
	at org.gradle.api.internal.tasks.execution.ResolveTaskExecutionModeExecuter.ex
ecute(ResolveTaskExecutionModeExecuter.java:51)
	at org.gradle.api.internal.tasks.execution.SkipTaskWithNoActionsExecuter.execu
te(SkipTaskWithNoActionsExecuter.java:57)
	at org.gradle.api.internal.tasks.execution.SkipOnlyIfTaskExecuter.execute(Skip
OnlyIfTaskExecuter.java:74)
	at org.gradle.api.internal.tasks.execution.CatchExceptionTaskExecuter.execute(
CatchExceptionTaskExecuter.java:36)
	at org.gradle.api.internal.tasks.execution.EventFiringTaskExecuter$1.executeTa
sk(EventFiringTaskExecuter.java:77)
	at org.gradle.api.internal.tasks.execution.EventFiringTaskExecuter$1.call(Even
tFiringTaskExecuter.java:55)
	at org.gradle.api.internal.tasks.execution.EventFiringTaskExecuter$1.call(Even
tFiringTaskExecuter.java:52)
	at org.gradle.internal.operations.DefaultBuildOperationRunner$CallableBuildOpe
rationWorker.execute(DefaultBuildOperationRunner.java:200)
	at org.gradle.internal.operations.DefaultBuildOperationRunner$CallableBuildOpe
rationWorker.execute(DefaultBuildOperationRunner.java:195)
40 actionable tasks: 2 executed, 38 up-to-date
	at org.gradle.internal.operations.DefaultBuildOperationRunner$2.execute(Defaul
tBuildOperationRunner.java:66)
	at org.gradle.internal.operations.DefaultBuildOperationRunner$2.execute(Defaul
tBuildOperationRunner.java:59)
	at org.gradle.internal.operations.DefaultBuildOperationRunner.execute(DefaultB
uildOperationRunner.java:157)
	at org.gradle.internal.operations.DefaultBuildOperationRunner.execute(DefaultB
uildOperationRunner.java:59)
	at org.gradle.internal.operations.DefaultBuildOperationRunner.call(DefaultBuil
dOperationRunner.java:53)
	at org.gradle.internal.operations.DefaultBuildOperationExecutor.call(DefaultBu
ildOperationExecutor.java:73)
	at org.gradle.api.internal.tasks.execution.EventFiringTaskExecuter.execute(Eve
ntFiringTaskExecuter.java:52)
	at org.gradle.execution.plan.LocalTaskNodeExecutor.execute(LocalTaskNodeExecut
or.java:42)
	at org.gradle.execution.taskgraph.DefaultTaskExecutionGraph$InvokeNodeExecutor
sAction.execute(DefaultTaskExecutionGraph.java:331)
	at org.gradle.execution.taskgraph.DefaultTaskExecutionGraph$InvokeNodeExecutor
sAction.execute(DefaultTaskExecutionGraph.java:318)
	at org.gradle.execution.taskgraph.DefaultTaskExecutionGraph$BuildOperationAwar
eExecutionAction.lambda$execute$0(DefaultTaskExecutionGraph.java:314)
	at org.gradle.internal.operations.CurrentBuildOperationRef.with(CurrentBuildOp
erationRef.java:80)
	at org.gradle.execution.taskgraph.DefaultTaskExecutionGraph$BuildOperationAwar
eExecutionAction.execute(DefaultTaskExecutionGraph.java:314)
	at org.gradle.execution.taskgraph.DefaultTaskExecutionGraph$BuildOperationAwar
eExecutionAction.execute(DefaultTaskExecutionGraph.java:303)
	at org.gradle.execution.plan.DefaultPlanExecutor$ExecutorWorker.execute(Defaul
tPlanExecutor.java:463)
	at org.gradle.execution.plan.DefaultPlanExecutor$ExecutorWorker.run(DefaultPla
nExecutor.java:380)
	at org.gradle.internal.concurrent.ExecutorPolicy$CatchAndRecordFailures.onExec
ute(ExecutorPolicy.java:64)
	at org.gradle.internal.concurrent.AbstractManagedExecutor$1.run(AbstractManage
dExecutor.java:47)
Caused by: org.jetbrains.kotlin.gradle.tasks.CompilationErrorException: 
Compilation error. See log for more details
	at org.jetbrains.kotlin.gradle.tasks.TasksUtilsKt.throwExceptionIfCompilationF
ailed(tasksUtils.kt:20)
	at org.jetbrains.kotlin.compilerRunner.GradleKotlinCompilerWork.run(GradleKotl
inCompilerWork.kt:141)
	at org.jetbrains.kotlin.compilerRunner.GradleCompilerRunnerWithWorkers$GradleK
otlinCompilerWorkAction.execute(GradleCompilerRunnerWithWorkers.kt:73)
	at org.gradle.workers.internal.DefaultWorkerServer.execute(DefaultWorkerServer
.java:63)
	at org.gradle.workers.internal.NoIsolationWorkerFactory$1$1.create(NoIsolation
WorkerFactory.java:66)
	at org.gradle.workers.internal.NoIsolationWorkerFactory$1$1.create(NoIsolation
WorkerFactory.java:62)
	at org.gradle.internal.classloader.ClassLoaderUtils.executeInClassloader(Class
LoaderUtils.java:100)
	at org.gradle.workers.internal.NoIsolationWorkerFactory$1.lambda$execute$0(NoI
solationWorkerFactory.java:62)
	at org.gradle.workers.internal.AbstractWorker$1.call(AbstractWorker.java:44)
	at org.gradle.workers.internal.AbstractWorker$1.call(AbstractWorker.java:41)
	at org.gradle.internal.operations.DefaultBuildOperationRunner$CallableBuildOpe
rationWorker.execute(DefaultBuildOperationRunner.java:200)
	at org.gradle.internal.operations.DefaultBuildOperationRunner$CallableBuildOpe
rationWorker.execute(DefaultBuildOperationRunner.java:195)
	at org.gradle.internal.operations.DefaultBuildOperationRunner$2.execute(Defaul
tBuildOperationRunner.java:66)
	at org.gradle.internal.operations.DefaultBuildOperationRunner$2.execute(Defaul
tBuildOperationRunner.java:59)
	at org.gradle.internal.operations.DefaultBuildOperationRunner.execute(DefaultB
uildOperationRunner.java:157)
	at org.gradle.internal.operations.DefaultBuildOperationRunner.execute(DefaultB
uildOperationRunner.java:59)
	at org.gradle.internal.operations.DefaultBuildOperationRunner.call(DefaultBuil
dOperationRunner.java:53)
	at org.gradle.internal.operations.DefaultBuildOperationExecutor.call(DefaultBu
ildOperationExecutor.java:73)
	at org.gradle.workers.internal.AbstractWorker.executeWrappedInBuildOperation(A
bstractWorker.java:41)
	at org.gradle.workers.internal.NoIsolationWorkerFactory$1.execute(NoIsolationW
orkerFactory.java:59)
	at org.gradle.workers.internal.DefaultWorkerExecutor.lambda$submitWork$0(Defau
ltWorkerExecutor.java:174)
	at org.gradle.internal.work.DefaultConditionalExecutionQueue$ExecutionRunner.r
unExecution(DefaultConditionalExecutionQueue.java:187)
	at org.gradle.internal.work.DefaultConditionalExecutionQueue$ExecutionRunner.a
ccess$700(DefaultConditionalExecutionQueue.java:120)
	at org.gradle.internal.work.DefaultConditionalExecutionQueue$ExecutionRunner$1
.run(DefaultConditionalExecutionQueue.java:162)
	at org.gradle.internal.Factories$1.create(Factories.java:31)
	at org.gradle.internal.work.DefaultWorkerLeaseService.withLocks(DefaultWorkerL
easeService.java:264)
	at org.gradle.internal.work.DefaultWorkerLeaseService.runAsWorkerThread(Defaul
tWorkerLeaseService.java:128)
	at org.gradle.internal.work.DefaultWorkerLeaseService.runAsWorkerThread(Defaul
tWorkerLeaseService.java:133)
	at org.gradle.internal.work.DefaultConditionalExecutionQueue$ExecutionRunner.r
unBatch(DefaultConditionalExecutionQueue.java:157)
	at org.gradle.internal.work.DefaultConditionalExecutionQueue$ExecutionRunner.r
un(DefaultConditionalExecutionQueue.java:126)
	... 2 more


BUILD FAILED in 52s
